/storage/dd25007/conda_envs/lora_mu/lib/python3.11/site-packages/scipy/spatial/distance.py:1290: RuntimeWarning: invalid value encountered in sqrt
  return np.sqrt(js / 2.0)
/storage/dd25007/conda_envs/lora_mu/lib/python3.11/site-packages/scipy/spatial/distance.py:1290: RuntimeWarning: invalid value encountered in sqrt
  return np.sqrt(js / 2.0)

============================================================
LoRA-Credit-Unlearn Pipeline
  dataset=german | arch=tabddpm | device=cuda
============================================================

Step 1: Data preparation
[Data] german | train=700 val=150 test=150
[Data] forget=101 (demographic) | retain=599

Step 2: Train base model M
  Loading cached checkpoint from checkpoints/base_german_tabddpm.pt
  Base model | test_auc=0.7467 | forget_auc=0.7114 | forget_acc=0.6436

Step 3: Baselines

  3a. Full Retrain
  [Baseline] Full Retrain on D_r...
    Elapsed: 17.3s
    forget_acc=0.6238 retain_auc=0.9614 test_auc=0.7063 kl=0.2466 js=0.0451 time=17.3s

  3b. Naïve Gradient Ascent
  [Baseline] Naïve Gradient Ascent...
    GA: retain AUC collapsed to 0.533 — stopping
    forget_acc=0.5941 retain_auc=0.5335 test_auc=0.5754 kl=0.4564 js=0.0752 time=1.1s

  3c. Fine-tune on D_r
  [Baseline] Fine-tune on D_r...
    forget_acc=0.6436 retain_auc=0.8448 test_auc=0.7467 kl=0.0002 js=0.0000 time=1.9s

  3d. SISA
  [Baseline] SISA with 4 shards...
    Affected shards: [0, 1, 2, 3] (out of 4)
    SISA elapsed: 8.8s
    forget_acc=0.5941 retain_auc=0.7975 test_auc=0.7614 kl=0.0880 js=0.0239 time=8.8s

  3e. Influence Functions
  [Baseline] Influence Functions (Newton-step approx)...
    Influence fn elapsed: 0.0s
    forget_acc=0.4059 retain_auc=0.6645 test_auc=0.7727 kl=0.3303 js=0.0908 time=0.0s

  3f. Random Labels
  [Baseline] Random Labels on D_f + D_r...
    Random-label elapsed: 3.0s
    forget_acc=0.6733 retain_auc=0.8391 test_auc=0.7647 kl=0.1248 js=0.0356 time=3.0s

Step 4: LoRA-Credit-Unlearn method

  LoRA rank=4 forget_frac=5%
[Data] german | train=700 val=150 test=150
[Data] forget=101 (demographic) | retain=599
  [ForgetAdapter] LoRA params: 4,096 / 312,449 (1.31%)
    step   1 | forget_auc=0.7106 forget_acc=0.634 retain_auc=0.8430
    step   5 | forget_auc=0.7085 forget_acc=0.624 retain_auc=0.8423
    step  10 | forget_auc=0.7020 forget_acc=0.614 retain_auc=0.8411
    step  15 | forget_auc=0.6972 forget_acc=0.614 retain_auc=0.8398
    step  20 | forget_auc=0.6902 forget_acc=0.614 retain_auc=0.8367
    step  25 | forget_auc=0.6793 forget_acc=0.624 retain_auc=0.8319
    step  30 | forget_auc=0.6634 forget_acc=0.604 retain_auc=0.8257
    step  35 | forget_auc=0.6484 forget_acc=0.634 retain_auc=0.8134
    step  40 | forget_auc=0.6411 forget_acc=0.634 retain_auc=0.7932
    step  45 | forget_auc=0.6224 forget_acc=0.624 retain_auc=0.7400
    step  50 | forget_auc=0.6053 forget_acc=0.624 retain_auc=0.6823
    [ForgetAdapter] Retain AUC below 0.72 — stopping early
  [ForgetAdapter] Done in 4.9s
  [RetainAdapter] LoRA params: 27,908 / 373,125 (7.48%)
  [RetainAdapter] Phase2 end forget_auc=0.6224 → ceiling=0.7024  (max_forget_recovery=0.08)
    epoch   5 | kl_loss=0.3022 val_auc=0.8276 forget_auc=0.6604 forgetting_score=0.7498
    epoch  10 | kl_loss=0.2722 val_auc=0.8231 forget_auc=0.6659 forgetting_score=0.7457
    epoch  15 | kl_loss=0.1958 val_auc=0.7644 forget_auc=0.6577 forgetting_score=0.6773
    epoch  20 | kl_loss=0.1521 val_auc=0.7903 forget_auc=0.6553 forgetting_score=0.7238
    epoch  25 | kl_loss=0.1434 val_auc=0.7922 forget_auc=0.6504 forgetting_score=0.7648
  [RetainAdapter] Done in 16.2s | best val AUC=0.8403
    forget_acc=0.5941 retain_auc=0.8408 test_auc=0.7643 kl=0.1316 js=0.0374 time=21.2s

  LoRA rank=4 forget_frac=10%
[Data] german | train=700 val=150 test=150
[Data] forget=101 (demographic) | retain=599
  [ForgetAdapter] LoRA params: 4,096 / 312,449 (1.31%)
    step   1 | forget_auc=0.7098 forget_acc=0.634 retain_auc=0.8430
    step   5 | forget_auc=0.7077 forget_acc=0.634 retain_auc=0.8423
    step  10 | forget_auc=0.7037 forget_acc=0.604 retain_auc=0.8406
    step  15 | forget_auc=0.6959 forget_acc=0.604 retain_auc=0.8383
    step  20 | forget_auc=0.6878 forget_acc=0.614 retain_auc=0.8341
    step  25 | forget_auc=0.6764 forget_acc=0.604 retain_auc=0.8279
    step  30 | forget_auc=0.6699 forget_acc=0.604 retain_auc=0.8211
    step  35 | forget_auc=0.6565 forget_acc=0.614 retain_auc=0.8062
    step  40 | forget_auc=0.6305 forget_acc=0.624 retain_auc=0.7708
    step  45 | forget_auc=0.6467 forget_acc=0.624 retain_auc=0.6960
    [ForgetAdapter] Retain AUC below 0.72 — stopping early
  [ForgetAdapter] Done in 4.5s
  [RetainAdapter] LoRA params: 27,908 / 373,125 (7.48%)
  [RetainAdapter] Phase2 end forget_auc=0.6305 → ceiling=0.7105  (max_forget_recovery=0.08)
    epoch   5 | kl_loss=0.2902 val_auc=0.8454 forget_auc=0.6744 forgetting_score=0.7659
    epoch  10 | kl_loss=0.2392 val_auc=0.7972 forget_auc=0.6764 forgetting_score=0.6985
    epoch  15 | kl_loss=0.1569 val_auc=0.7650 forget_auc=0.6171 forgetting_score=0.7082
    epoch  20 | kl_loss=0.1350 val_auc=0.7875 forget_auc=0.6106 forgetting_score=0.7134
    epoch  25 | kl_loss=0.1265 val_auc=0.7950 forget_auc=0.6008 forgetting_score=0.7202
  [RetainAdapter] Done in 14.7s | best val AUC=0.8501
    forget_acc=0.5941 retain_auc=0.8141 test_auc=0.7766 kl=0.1656 js=0.0475 time=19.3s

  LoRA rank=4 forget_frac=20%
[Data] german | train=700 val=150 test=150
[Data] forget=101 (demographic) | retain=599
  [ForgetAdapter] LoRA params: 4,096 / 312,449 (1.31%)
    step   1 | forget_auc=0.7106 forget_acc=0.634 retain_auc=0.8430
    step   5 | forget_auc=0.7081 forget_acc=0.634 retain_auc=0.8427
    step  10 | forget_auc=0.7057 forget_acc=0.624 retain_auc=0.8417
    step  15 | forget_auc=0.7004 forget_acc=0.594 retain_auc=0.8402
    step  20 | forget_auc=0.6996 forget_acc=0.614 retain_auc=0.8369
    step  25 | forget_auc=0.6846 forget_acc=0.624 retain_auc=0.8332
    step  30 | forget_auc=0.6679 forget_acc=0.614 retain_auc=0.8275
    step  35 | forget_auc=0.6407 forget_acc=0.624 retain_auc=0.8122
    step  40 | forget_auc=0.6232 forget_acc=0.624 retain_auc=0.7734
    step  45 | forget_auc=0.6240 forget_acc=0.604 retain_auc=0.6977
    [ForgetAdapter] Retain AUC below 0.72 — stopping early
  [ForgetAdapter] Done in 4.7s
  [RetainAdapter] LoRA params: 27,908 / 373,125 (7.48%)
  [RetainAdapter] Phase2 end forget_auc=0.6232 → ceiling=0.7032  (max_forget_recovery=0.08)
    epoch   5 | kl_loss=0.2909 val_auc=0.8280 forget_auc=0.6679 forgetting_score=0.7502
    epoch  10 | kl_loss=0.2568 val_auc=0.8223 forget_auc=0.6748 forgetting_score=0.7286
    epoch  15 | kl_loss=0.1904 val_auc=0.7530 forget_auc=0.6411 forgetting_score=0.6896
    epoch  20 | kl_loss=0.1513 val_auc=0.7807 forget_auc=0.6329 forgetting_score=0.7459
    epoch  25 | kl_loss=0.1595 val_auc=0.7777 forget_auc=0.6337 forgetting_score=0.7276
  [RetainAdapter] Done in 15.8s | best val AUC=0.8469
    forget_acc=0.6040 retain_auc=0.8365 test_auc=0.7770 kl=0.1203 js=0.0337 time=20.8s

  LoRA rank=8 forget_frac=5%
[Data] german | train=700 val=150 test=150
[Data] forget=101 (demographic) | retain=599
  [ForgetAdapter] LoRA params: 8,192 / 316,545 (2.59%)
    step   1 | forget_auc=0.7106 forget_acc=0.634 retain_auc=0.8432
    step   5 | forget_auc=0.7081 forget_acc=0.634 retain_auc=0.8424
    step  10 | forget_auc=0.7061 forget_acc=0.614 retain_auc=0.8411
    step  15 | forget_auc=0.6992 forget_acc=0.604 retain_auc=0.8395
    step  20 | forget_auc=0.6898 forget_acc=0.634 retain_auc=0.8358
    step  25 | forget_auc=0.6813 forget_acc=0.634 retain_auc=0.8309
    step  30 | forget_auc=0.6618 forget_acc=0.624 retain_auc=0.8245
    step  35 | forget_auc=0.6358 forget_acc=0.604 retain_auc=0.8110
    step  40 | forget_auc=0.6236 forget_acc=0.624 retain_auc=0.7779
    step  45 | forget_auc=0.6207 forget_acc=0.614 retain_auc=0.7119
    [ForgetAdapter] Retain AUC below 0.72 — stopping early
  [ForgetAdapter] Done in 4.6s
  [RetainAdapter] LoRA params: 55,816 / 405,129 (13.78%)
  [RetainAdapter] Phase2 end forget_auc=0.6236 → ceiling=0.7036  (max_forget_recovery=0.08)
    epoch   5 | kl_loss=0.2890 val_auc=0.8265 forget_auc=0.6825 forgetting_score=0.7488
    epoch  10 | kl_loss=0.2671 val_auc=0.8190 forget_auc=0.6715 forgetting_score=0.7258
    epoch  15 | kl_loss=0.1854 val_auc=0.7759 forget_auc=0.6683 forgetting_score=0.7337
    epoch  20 | kl_loss=0.1571 val_auc=0.7753 forget_auc=0.6728 forgetting_score=0.7254
    epoch  25 | kl_loss=0.1492 val_auc=0.7809 forget_auc=0.6744 forgetting_score=0.7461
  [RetainAdapter] Done in 16.3s | best val AUC=0.8420
    forget_acc=0.6139 retain_auc=0.8342 test_auc=0.7692 kl=0.1499 js=0.0426 time=21.1s

  LoRA rank=8 forget_frac=10%
[Data] german | train=700 val=150 test=150
[Data] forget=101 (demographic) | retain=599
  [ForgetAdapter] LoRA params: 8,192 / 316,545 (2.59%)
    step   1 | forget_auc=0.7102 forget_acc=0.634 retain_auc=0.8432
    step   5 | forget_auc=0.7081 forget_acc=0.634 retain_auc=0.8428
    step  10 | forget_auc=0.7037 forget_acc=0.604 retain_auc=0.8420
    step  15 | forget_auc=0.6967 forget_acc=0.604 retain_auc=0.8401
    step  20 | forget_auc=0.6878 forget_acc=0.624 retain_auc=0.8376
    step  25 | forget_auc=0.6785 forget_acc=0.634 retain_auc=0.8337
    step  30 | forget_auc=0.6541 forget_acc=0.624 retain_auc=0.8280
    step  35 | forget_auc=0.6309 forget_acc=0.624 retain_auc=0.8164
    step  40 | forget_auc=0.6146 forget_acc=0.614 retain_auc=0.7915
    step  45 | forget_auc=0.6264 forget_acc=0.614 retain_auc=0.7494
    step  50 | forget_auc=0.6516 forget_acc=0.614 retain_auc=0.6881
    [ForgetAdapter] Retain AUC below 0.72 — stopping early
  [ForgetAdapter] Done in 5.5s
  [RetainAdapter] LoRA params: 55,816 / 405,129 (13.78%)
  [RetainAdapter] Phase2 end forget_auc=0.6146 → ceiling=0.6946  (max_forget_recovery=0.08)
    epoch   5 | kl_loss=0.2929 val_auc=0.8216 forget_auc=0.6768 forgetting_score=0.7443
    epoch  10 | kl_loss=0.2834 val_auc=0.8280 forget_auc=0.6728 forgetting_score=0.7502
    epoch  15 | kl_loss=0.2390 val_auc=0.7888 forget_auc=0.6724 forgetting_score=0.7302
    epoch  20 | kl_loss=0.1821 val_auc=0.7401 forget_auc=0.6602 forgetting_score=0.6925
    epoch  25 | kl_loss=0.1788 val_auc=0.7442 forget_auc=0.6602 forgetting_score=0.7037
  [RetainAdapter] Done in 15.3s | best val AUC=0.8345
    forget_acc=0.6238 retain_auc=0.8109 test_auc=0.7757 kl=0.1766 js=0.0506 time=20.9s

  LoRA rank=8 forget_frac=20%
[Data] german | train=700 val=150 test=150
[Data] forget=101 (demographic) | retain=599
  [ForgetAdapter] LoRA params: 8,192 / 316,545 (2.59%)
    step   1 | forget_auc=0.7110 forget_acc=0.624 retain_auc=0.8431
    step   5 | forget_auc=0.7069 forget_acc=0.634 retain_auc=0.8431
    step  10 | forget_auc=0.7045 forget_acc=0.624 retain_auc=0.8424
    step  15 | forget_auc=0.7004 forget_acc=0.604 retain_auc=0.8418
    step  20 | forget_auc=0.6955 forget_acc=0.604 retain_auc=0.8397
    step  25 | forget_auc=0.6829 forget_acc=0.644 retain_auc=0.8363
    step  30 | forget_auc=0.6663 forget_acc=0.604 retain_auc=0.8322
    step  35 | forget_auc=0.6329 forget_acc=0.634 retain_auc=0.8230
    step  40 | forget_auc=0.6163 forget_acc=0.634 retain_auc=0.8001
    step  45 | forget_auc=0.6167 forget_acc=0.614 retain_auc=0.7563
    step  50 | forget_auc=0.5951 forget_acc=0.614 retain_auc=0.6849
    [ForgetAdapter] Retain AUC below 0.72 — stopping early
  [ForgetAdapter] Done in 4.9s
  [RetainAdapter] LoRA params: 55,816 / 405,129 (13.78%)
  [RetainAdapter] Phase2 end forget_auc=0.6163 → ceiling=0.6963  (max_forget_recovery=0.08)
    epoch   5 | kl_loss=0.3044 val_auc=0.8283 forget_auc=0.6760 forgetting_score=0.7504
    epoch  10 | kl_loss=0.2716 val_auc=0.8178 forget_auc=0.6671 forgetting_score=0.7165
    epoch  15 | kl_loss=0.1891 val_auc=0.7858 forget_auc=0.6593 forgetting_score=0.7119
    epoch  20 | kl_loss=0.1479 val_auc=0.7777 forget_auc=0.6715 forgetting_score=0.7199
    epoch  25 | kl_loss=0.1344 val_auc=0.7817 forget_auc=0.6793 forgetting_score=0.7082
  [RetainAdapter] Done in 15.4s | best val AUC=0.8405
    forget_acc=0.6139 retain_auc=0.8375 test_auc=0.7625 kl=0.1449 js=0.0410 time=20.4s

  LoRA rank=16 forget_frac=5%
[Data] german | train=700 val=150 test=150
[Data] forget=101 (demographic) | retain=599
  [ForgetAdapter] LoRA params: 16,384 / 324,737 (5.05%)
    step   1 | forget_auc=0.7114 forget_acc=0.634 retain_auc=0.8431
    step   5 | forget_auc=0.7073 forget_acc=0.624 retain_auc=0.8425
    step  10 | forget_auc=0.7033 forget_acc=0.614 retain_auc=0.8413
    step  15 | forget_auc=0.6984 forget_acc=0.594 retain_auc=0.8399
    step  20 | forget_auc=0.6915 forget_acc=0.614 retain_auc=0.8367
    step  25 | forget_auc=0.6776 forget_acc=0.624 retain_auc=0.8333
    step  30 | forget_auc=0.6646 forget_acc=0.614 retain_auc=0.8282
    step  35 | forget_auc=0.6394 forget_acc=0.634 retain_auc=0.8150
    step  40 | forget_auc=0.6232 forget_acc=0.624 retain_auc=0.7873
    step  45 | forget_auc=0.6317 forget_acc=0.604 retain_auc=0.7330
    step  50 | forget_auc=0.5854 forget_acc=0.614 retain_auc=0.6444
    [ForgetAdapter] Retain AUC below 0.72 — stopping early
  [ForgetAdapter] Done in 4.5s
  [RetainAdapter] LoRA params: 111,632 / 469,137 (23.80%)
  [RetainAdapter] Phase2 end forget_auc=0.6232 → ceiling=0.7032  (max_forget_recovery=0.08)
    epoch   5 | kl_loss=0.3036 val_auc=0.8240 forget_auc=0.6760 forgetting_score=0.7465
    epoch  10 | kl_loss=0.2922 val_auc=0.8210 forget_auc=0.6679 forgetting_score=0.7356
    epoch  15 | kl_loss=0.2527 val_auc=0.8023 forget_auc=0.6699 forgetting_score=0.7269
    epoch  20 | kl_loss=0.1916 val_auc=0.7738 forget_auc=0.6695 forgetting_score=0.7317
    epoch  25 | kl_loss=0.1804 val_auc=0.7622 forget_auc=0.6715 forgetting_score=0.7132
  [RetainAdapter] Done in 13.4s | best val AUC=0.8448
    forget_acc=0.6040 retain_auc=0.8394 test_auc=0.7616 kl=0.1285 js=0.0364 time=18.1s

  LoRA rank=16 forget_frac=10%
[Data] german | train=700 val=150 test=150
[Data] forget=101 (demographic) | retain=599
  [ForgetAdapter] LoRA params: 16,384 / 324,737 (5.05%)
    step   1 | forget_auc=0.7106 forget_acc=0.634 retain_auc=0.8431
    step   5 | forget_auc=0.7077 forget_acc=0.634 retain_auc=0.8423
    step  10 | forget_auc=0.7065 forget_acc=0.594 retain_auc=0.8413
    step  15 | forget_auc=0.7008 forget_acc=0.594 retain_auc=0.8401
    step  20 | forget_auc=0.6911 forget_acc=0.634 retain_auc=0.8367
    step  25 | forget_auc=0.6825 forget_acc=0.604 retain_auc=0.8331
    step  30 | forget_auc=0.6642 forget_acc=0.624 retain_auc=0.8282
    step  35 | forget_auc=0.6472 forget_acc=0.644 retain_auc=0.8145
    step  40 | forget_auc=0.6337 forget_acc=0.614 retain_auc=0.7805
    step  45 | forget_auc=0.6439 forget_acc=0.614 retain_auc=0.7200
    [ForgetAdapter] Retain AUC below 0.72 — stopping early
  [ForgetAdapter] Done in 3.4s
  [RetainAdapter] LoRA params: 111,632 / 469,137 (23.80%)
  [RetainAdapter] Phase2 end forget_auc=0.6337 → ceiling=0.7137  (max_forget_recovery=0.08)
    epoch   5 | kl_loss=0.3033 val_auc=0.8263 forget_auc=0.6748 forgetting_score=0.7486
    epoch  10 | kl_loss=0.2989 val_auc=0.8152 forget_auc=0.6650 forgetting_score=0.7143
    epoch  15 | kl_loss=0.2485 val_auc=0.8006 forget_auc=0.6687 forgetting_score=0.6936
    epoch  20 | kl_loss=0.2062 val_auc=0.7657 forget_auc=0.6512 forgetting_score=0.7164
    epoch  25 | kl_loss=0.1939 val_auc=0.7594 forget_auc=0.6533 forgetting_score=0.7331
  [RetainAdapter] Done in 12.5s | best val AUC=0.8428
    forget_acc=0.6337 retain_auc=0.8431 test_auc=0.7598 kl=0.0927 js=0.0261 time=16.1s

  LoRA rank=16 forget_frac=20%
[Data] german | train=700 val=150 test=150
[Data] forget=101 (demographic) | retain=599
  [ForgetAdapter] LoRA params: 16,384 / 324,737 (5.05%)
    step   1 | forget_auc=0.7110 forget_acc=0.634 retain_auc=0.8432
    step   5 | forget_auc=0.7073 forget_acc=0.634 retain_auc=0.8428
    step  10 | forget_auc=0.7016 forget_acc=0.604 retain_auc=0.8417
    step  15 | forget_auc=0.6959 forget_acc=0.604 retain_auc=0.8400
    step  20 | forget_auc=0.6870 forget_acc=0.624 retain_auc=0.8374
    step  25 | forget_auc=0.6789 forget_acc=0.614 retain_auc=0.8335
    step  30 | forget_auc=0.6626 forget_acc=0.614 retain_auc=0.8295
    step  35 | forget_auc=0.6431 forget_acc=0.624 retain_auc=0.8166
    step  40 | forget_auc=0.6333 forget_acc=0.614 retain_auc=0.7904
    step  45 | forget_auc=0.6386 forget_acc=0.614 retain_auc=0.7447
    step  50 | forget_auc=0.6215 forget_acc=0.614 retain_auc=0.6854
    [ForgetAdapter] Retain AUC below 0.72 — stopping early
  [ForgetAdapter] Done in 3.3s
  [RetainAdapter] LoRA params: 111,632 / 469,137 (23.80%)
  [RetainAdapter] Phase2 end forget_auc=0.6333 → ceiling=0.7133  (max_forget_recovery=0.08)/storage/dd25007/conda_envs/lora_mu/lib/python3.11/site-packages/scipy/spatial/distance.py:1290: RuntimeWarning: invalid value encountered in sqrt
  return np.sqrt(js / 2.0)
/storage/dd25007/conda_envs/lora_mu/lib/python3.11/site-packages/sklearn/metrics/_ranking.py:442: UndefinedMetricWarning: Only one class is present in y_true. ROC AUC score is not defined in that case.
  warnings.warn(

    epoch   5 | kl_loss=0.3055 val_auc=0.8223 forget_auc=0.6691 forgetting_score=0.7449
    epoch  10 | kl_loss=0.3032 val_auc=0.8098 forget_auc=0.6663 forgetting_score=0.7176
    epoch  15 | kl_loss=0.2636 val_auc=0.8113 forget_auc=0.6683 forgetting_score=0.7430
    epoch  20 | kl_loss=0.2405 val_auc=0.7997 forget_auc=0.6646 forgetting_score=0.7324
    epoch  25 | kl_loss=0.2346 val_auc=0.7974 forget_auc=0.6598 forgetting_score=0.7303
  [RetainAdapter] Done in 13.1s | best val AUC=0.8420
    forget_acc=0.6436 retain_auc=0.8409 test_auc=0.7627 kl=0.0988 js=0.0278 time=16.4s

Step 5: Ablation study
  5a. Phase 2 only (no retain adapter)
    forget_acc=0.6238 retain_auc=0.7581 test_auc=0.6601 kl=0.2743 js=0.0493 time=0.0s
  5b. Phase 3 only (no forget adapter)
    forget_acc=0.6436 retain_auc=0.8428 test_auc=0.7484 kl=0.0005 js=0.0001 time=0.0s
  5c. Full LoRA method
    forget_acc=0.5644 retain_auc=0.8389 test_auc=0.7324 kl=0.0655 js=0.0181 time=0.0s

Step 6: MIA attack experiment
  Running LoRA unlearn for MIA evaluation...

── MIA Suite ──────────────────────────────────────
  [MIA-Loss] forget_loss_mean=0.6828 retain_loss_mean=0.4459 attack_acc=0.3267 attack_auc=0.3791 (goal≈0.5)
  [LiRA] forget_score_mean=-0.3070 retain_score_mean=0.2297
  [LiRA] attack_auc=0.6874 attack_acc=0.8214 (goal≈0.5 for both)
  [RelearningMIA] forget_auc: 0.6699 → 0.7142 over 20 steps (gain=+0.0443)
  [RelearningMIA] Small gain (<0.1) → certified. Large gain (>0.2) → superficial forgetting.
  [MIA] Training 4 shadow models (calibrated (D_retain only))...
    Shadow model 1/4 done (mia_score=0.3069)
    Shadow model 2/4 done (mia_score=0.3762)
    Shadow model 3/4 done (mia_score=0.3762)
    Shadow model 4/4 done (mia_score=0.3564)
  [MIA] forget_set MIA accuracy=0.3564 (goal≈0.5) | retain_set MIA=0.2621 | MIA AUC=nan
  [MIA-CI] Per-shadow scores: ['0.307', '0.376', '0.376', '0.356']
  [MIA-CI] Mean=0.3540 ± Std=0.0283  ← High std with n_forget=70 means shadow MIA is unreliable.
           Recommend reporting LiRA AUC instead as primary metric.

── MIA Summary ────────────────────────────────────
  Loss MIA AUC    = 0.3791  (primary, goal≈0.5)
  LiRA AUC        = 0.6874  (primary if ref model available, goal≈0.5)
  Relearn gain    = +0.0443  (✓ certified)
  Shadow MIA      = 0.3564 ± 0.0283  (CI shows reliability)
───────────────────────────────────────────────────
  MIA on base model (upper bound)...
  [MIA-Loss] forget_loss_mean=0.5730 retain_loss_mean=0.4353 attack_acc=0.3168 attack_auc=0.3844 (goal≈0.5)

  Results saved to results/results_german_tabddpm.json

================================================================================
RESULTS SUMMARY — german / tabddpm
================================================================================
Method                     ForgetAUC  ForgetAcc  RetainAUC    TestAUC       KL   Time(s)
--------------------------------------------------------------------------------
Base Model                    0.7114     0.6436        N/A     0.7467      N/A       N/A
full_retrain                  0.6220     0.6238     0.9614     0.7063   0.2466      17.3
gradient_ascent               0.5951     0.5941     0.5335     0.5754   0.4564       1.1
finetune_retain               0.7106     0.6436     0.8448     0.7467   0.0002       1.9
sisa                          0.6146     0.5941     0.7975     0.7614   0.0880       8.8
influence_fn                  0.6439     0.4059     0.6645     0.7727   0.3303       0.0
random_labels                 0.7179     0.6733     0.8391     0.7647   0.1248       3.0
LoRA-r4_f5pct                 0.6634     0.5941     0.8408     0.7643   0.1316      21.2
LoRA-r4_f10pct                0.6829     0.5941     0.8141     0.7766   0.1656      19.3
LoRA-r4_f20pct                0.6817     0.6040     0.8365     0.7770   0.1203      20.8
LoRA-r8_f5pct                 0.6862     0.6139     0.8342     0.7692   0.1499      21.1
LoRA-r8_f10pct                0.6732     0.6238     0.8109     0.7757   0.1766      20.9
LoRA-r8_f20pct                0.6711     0.6139     0.8375     0.7625   0.1449      20.4
LoRA-r16_f5pct                0.6829     0.6040     0.8394     0.7616   0.1285      18.1
LoRA-r16_f10pct               0.6882     0.6337     0.8431     0.7598   0.0927      16.1
LoRA-r16_f20pct               0.6829     0.6436     0.8409     0.7627   0.0988      16.4
================================================================================

MIA Results (goal: ≈0.5)
  lora_loss_mia: MIA score = 0.3267
  lora_shadow_mia: MIA score = 0.3564
  base_loss_mia: MIA score = 0.3168
  lora_lira: AUC = 0.6874  acc = 0.8214  (primary metric)
  lora_relearning: gain = +0.0443  ✓ certified
  lora_shadow_mia: 0.3564 ± 0.0283  (high std = unreliable on small D_f)

Done.
