
============================================================
LoRA-Credit-Unlearn Pipeline
  dataset=german | arch=tab_transformer | device=cuda
============================================================

Step 1: Data preparation
[Data] german | train=700 val=150 test=150
[Data] forget=70 (random) | retain=630

Step 2: Train base model M
  Loading cached checkpoint from checkpoints/base_german_tab_transformer.pt
  Base model | test_auc=0.7790 | forget_auc=0.8535 | forget_acc=0.8143

Step 3: Baselines

  3a. Full Retrain
  [Baseline] Full Retrain on D_r...
    Elapsed: 8.9s
    forget_acc=0.7429 retain_auc=0.8872 test_auc=0.7586 kl=0.0246 js=0.0058 time=8.9s

  3b. Naïve Gradient Ascent
  [Baseline] Naïve Gradient Ascent...
    GA: retain AUC collapsed to 0.548 — stopping
    forget_acc=0.2429 retain_auc=0.5483 test_auc=0.6191 kl=5.8139 js=0.3898 time=7.5s

  3c. Fine-tune on D_r
  [Baseline] Fine-tune on D_r...
    forget_acc=0.8143 retain_auc=0.8567 test_auc=0.7792 kl=0.0001 js=0.0000 time=1.3s

  3d. SISA
  [Baseline] SISA with 4 shards...
    Affected shards: [0, 1, 2, 3] (out of 4)
    SISA elapsed: 5.6s
    forget_acc=0.7571 retain_auc=0.7818 test_auc=0.6730 kl=0.0953 js=0.0254 time=5.6s

  3e. Influence Functions
  [Baseline] Influence Functions (Newton-step approx)...
    Influence fn elapsed: 0.0s
    forget_acc=0.8857 retain_auc=0.8110 test_auc=0.7923 kl=0.0408 js=0.0088 time=0.0s

Step 4: LoRA-Credit-Unlearn method

  LoRA rank=4 forget_frac=5%
[Data] german | train=700 val=150 test=150
[Data] forget=35 (random) | retain=665
  [ForgetAdapter] LoRA params: 2,908 / 49,835 (5.84%)
    step   1 | forget_auc=0.8803 forget_acc=0.829 retain_auc=0.8547
    step   5 | forget_auc=0.8718 forget_acc=0.829 retain_auc=0.8553
    step  10 | forget_auc=0.8632 forget_acc=0.800 retain_auc=0.8557
    step  15 | forget_auc=0.8590 forget_acc=0.800 retain_auc=0.8564
    step  20 | forget_auc=0.8376 forget_acc=0.657 retain_auc=0.8536
    step  25 | forget_auc=0.7991 forget_acc=0.714 retain_auc=0.8463
    step  30 | forget_auc=0.7350 forget_acc=0.571 retain_auc=0.8313
    step  35 | forget_auc=0.6538 forget_acc=0.400 retain_auc=0.8078
    step  40 | forget_auc=0.5769 forget_acc=0.343 retain_auc=0.7710
    step  45 | forget_auc=0.5043 forget_acc=0.286 retain_auc=0.7284
    step  50 | forget_auc=0.4145 forget_acc=0.257 retain_auc=0.6850
    [ForgetAdapter] Retain AUC below 0.72 — stopping early
  [ForgetAdapter] Done in 4.0s
  [RetainAdapter] LoRA params: 768 / 52,139 (1.47%)
  [RetainAdapter] Phase2 end forget_auc=0.5043 → ceiling=0.5843  (max_forget_recovery=0.08)
    epoch   5 | kl_loss=1.0813 val_auc=0.7028 forget_auc=0.4829 forgetting_score=0.5522
    epoch  10 | kl_loss=0.7266 val_auc=0.6951 forget_auc=0.4573 forgetting_score=0.5660
    epoch  15 | kl_loss=0.4212 val_auc=0.7090 forget_auc=0.4060 forgetting_score=0.6584
    epoch  20 | kl_loss=0.3326 val_auc=0.7230 forget_auc=0.4060 forgetting_score=0.6713
    epoch  25 | kl_loss=0.3424 val_auc=0.7290 forget_auc=0.3974 forgetting_score=0.6769
  [RetainAdapter] Done in 11.1s | best val AUC=0.7290
    forget_acc=0.4286 retain_auc=0.7678 test_auc=0.7467 kl=0.1902 js=0.0538 time=15.2s

  LoRA rank=4 forget_frac=10%
[Data] german | train=700 val=150 test=150
[Data] forget=70 (random) | retain=630
  [ForgetAdapter] LoRA params: 2,908 / 49,835 (5.84%)
    step   1 | forget_auc=0.8535 forget_acc=0.814 retain_auc=0.8558
    step   5 | forget_auc=0.8491 forget_acc=0.814 retain_auc=0.8562
    step  10 | forget_auc=0.8402 forget_acc=0.800 retain_auc=0.8571
    step  15 | forget_auc=0.8280 forget_acc=0.786 retain_auc=0.8580
    step  20 | forget_auc=0.8091 forget_acc=0.771 retain_auc=0.8584
    step  25 | forget_auc=0.7825 forget_acc=0.729 retain_auc=0.8574
    step  30 | forget_auc=0.7325 forget_acc=0.700 retain_auc=0.8546
    step  35 | forget_auc=0.6859 forget_acc=0.700 retain_auc=0.8467
    step  40 | forget_auc=0.6027 forget_acc=0.557 retain_auc=0.8293
    step  45 | forget_auc=0.5316 forget_acc=0.343 retain_auc=0.7971
    step  50 | forget_auc=0.4473 forget_acc=0.271 retain_auc=0.7463
    step  55 | forget_auc=0.3618 forget_acc=0.271 retain_auc=0.6861
    [ForgetAdapter] Retain AUC below 0.72 — stopping early
  [ForgetAdapter] Done in 4.8s
  [RetainAdapter] LoRA params: 768 / 52,139 (1.47%)
  [RetainAdapter] Phase2 end forget_auc=0.4473 → ceiling=0.5273  (max_forget_recovery=0.08)
    epoch   5 | kl_loss=0.8007 val_auc=0.6850 forget_auc=0.4095 forgetting_score=0.5578
    epoch  10 | kl_loss=0.5852 val_auc=0.6777 forget_auc=0.3896 forgetting_score=0.5519
    epoch  15 | kl_loss=0.4152 val_auc=0.6739 forget_auc=0.3862 forgetting_score=0.5969
    epoch  20 | kl_loss=0.3478 val_auc=0.6739 forget_auc=0.3873 forgetting_score=0.6258
    epoch  25 | kl_loss=0.3439 val_auc=0.6730 forget_auc=0.3873 forgetting_score=0.6250
  [RetainAdapter] Done in 10.4s | best val AUC=0.6908
    forget_acc=0.2714 retain_auc=0.7451 test_auc=0.6663 kl=0.7434 js=0.1714 time=15.3s

  LoRA rank=4 forget_frac=20%
[Data] german | train=700 val=150 test=150
[Data] forget=140 (random) | retain=560
  [ForgetAdapter] LoRA params: 2,908 / 49,835 (5.84%)
    step   1 | forget_auc=0.8693 forget_acc=0.814 retain_auc=0.8520
    step   5 | forget_auc=0.8673 forget_acc=0.807 retain_auc=0.8520
    step  10 | forget_auc=0.8630 forget_acc=0.786 retain_auc=0.8523
    step  15 | forget_auc=0.8567 forget_acc=0.786 retain_auc=0.8525
    step  20 | forget_auc=0.8520 forget_acc=0.779 retain_auc=0.8522
    step  25 | forget_auc=0.8421 forget_acc=0.771 retain_auc=0.8502
    step  30 | forget_auc=0.8321 forget_acc=0.786 retain_auc=0.8476
    step  35 | forget_auc=0.8144 forget_acc=0.764 retain_auc=0.8440
    step  40 | forget_auc=0.7928 forget_acc=0.736 retain_auc=0.8377
    step  45 | forget_auc=0.7607 forget_acc=0.707 retain_auc=0.8267
    step  50 | forget_auc=0.7119 forget_acc=0.700 retain_auc=0.8111
    step  55 | forget_auc=0.6657 forget_acc=0.700 retain_auc=0.7914
    step  60 | forget_auc=0.6152 forget_acc=0.700 retain_auc=0.7684
    step  65 | forget_auc=0.5649 forget_acc=0.700 retain_auc=0.7439
    step  70 | forget_auc=0.5228 forget_acc=0.700 retain_auc=0.7184
    [ForgetAdapter] Retain AUC below 0.72 — stopping early
  [ForgetAdapter] Done in 5.6s
  [RetainAdapter] LoRA params: 768 / 52,139 (1.47%)
  [RetainAdapter] Phase2 end forget_auc=0.5649 → ceiling=0.6449  (max_forget_recovery=0.08)
    epoch   5 | kl_loss=2.0519 val_auc=0.7785 forget_auc=0.5598 forgetting_score=0.6228
    epoch  10 | kl_loss=1.5718 val_auc=0.7736 forget_auc=0.5544 forgetting_score=0.6189
    epoch  15 | kl_loss=0.9063 val_auc=0.7558 forget_auc=0.5381 forgetting_score=0.6046
    epoch  20 | kl_loss=0.6242 val_auc=0.7472 forget_auc=0.5396 forgetting_score=0.5978
    epoch  25 | kl_loss=0.5676 val_auc=0.7470 forget_auc=0.5403 forgetting_score=0.5976
  [RetainAdapter] Done in 10.2s | best val AUC=0.7804
    forget_acc=0.7000 retain_auc=0.7457 test_auc=0.6356 kl=1.2135 js=0.1131 time=15.9s

  LoRA rank=8 forget_frac=5%
[Data] german | train=700 val=150 test=150
[Data] forget=35 (random) | retain=665
  [ForgetAdapter] LoRA params: 5,816 / 52,743 (11.03%)
    step   1 | forget_auc=0.8761 forget_acc=0.829 retain_auc=0.8546
    step   5 | forget_auc=0.8718 forget_acc=0.829 retain_auc=0.8552
    step  10 | forget_auc=0.8675 forget_acc=0.800 retain_auc=0.8563
    step  15 | forget_auc=0.8547 forget_acc=0.771 retain_auc=0.8574
    step  20 | forget_auc=0.8248 forget_acc=0.743 retain_auc=0.8587
    step  25 | forget_auc=0.7991 forget_acc=0.629 retain_auc=0.8550
    step  30 | forget_auc=0.7350 forget_acc=0.514 retain_auc=0.8442
    step  35 | forget_auc=0.6239 forget_acc=0.400 retain_auc=0.8166
    step  40 | forget_auc=0.5000 forget_acc=0.314 retain_auc=0.7654
    step  45 | forget_auc=0.4017 forget_acc=0.257 retain_auc=0.6972
    [ForgetAdapter] Retain AUC below 0.72 — stopping early
  [ForgetAdapter] Done in 4.5s
  [RetainAdapter] LoRA params: 1,536 / 55,815 (2.75%)
  [RetainAdapter] Phase2 end forget_auc=0.5000 → ceiling=0.5800  (max_forget_recovery=0.08)
    epoch   5 | kl_loss=0.6070 val_auc=0.7513 forget_auc=0.5299 forgetting_score=0.6332
    epoch  10 | kl_loss=0.3893 val_auc=0.7794 forget_auc=0.5513 forgetting_score=0.7237
    epoch  15 | kl_loss=0.2666 val_auc=0.7847 forget_auc=0.5769 forgetting_score=0.7511
    epoch  20 | kl_loss=0.2364 val_auc=0.7800 forget_auc=0.5726 forgetting_score=0.7689
    epoch  25 | kl_loss=0.2344 val_auc=0.7807 forget_auc=0.5769 forgetting_score=0.7695
  [RetainAdapter] Done in 11.8s | best val AUC=0.7847
    forget_acc=0.4571 retain_auc=0.8162 test_auc=0.7490 kl=0.1542 js=0.0434 time=16.3s

  LoRA rank=8 forget_frac=10%
[Data] german | train=700 val=150 test=150
[Data] forget=70 (random) | retain=630
  [ForgetAdapter] LoRA params: 5,816 / 52,743 (11.03%)
    step   1 | forget_auc=0.8535 forget_acc=0.814 retain_auc=0.8558
    step   5 | forget_auc=0.8468 forget_acc=0.814 retain_auc=0.8569
    step  10 | forget_auc=0.8380 forget_acc=0.814 retain_auc=0.8578
    step  15 | forget_auc=0.8224 forget_acc=0.786 retain_auc=0.8589
    step  20 | forget_auc=0.7980 forget_acc=0.786 retain_auc=0.8596
    step  25 | forget_auc=0.7658 forget_acc=0.714 retain_auc=0.8598
    step  30 | forget_auc=0.7281 forget_acc=0.700 retain_auc=0.8557
    step  35 | forget_auc=0.6704 forget_acc=0.600 retain_auc=0.8449
    step  40 | forget_auc=0.6071 forget_acc=0.400 retain_auc=0.8156
    step  45 | forget_auc=0.5128 forget_acc=0.257 retain_auc=0.7562
    step  50 | forget_auc=0.4206 forget_acc=0.271 retain_auc=0.6769
    [ForgetAdapter] Retain AUC below 0.72 — stopping early
  [ForgetAdapter] Done in 4.5s
  [RetainAdapter] LoRA params: 1,536 / 55,815 (2.75%)
  [RetainAdapter] Phase2 end forget_auc=0.5128 → ceiling=0.5928  (max_forget_recovery=0.08)
    epoch   5 | kl_loss=0.7509 val_auc=0.7296 forget_auc=0.5161 forgetting_score=0.5941
    epoch  10 | kl_loss=0.5130 val_auc=0.7350 forget_auc=0.4895 forgetting_score=0.6510
    epoch  15 | kl_loss=0.3499 val_auc=0.7389 forget_auc=0.4817 forgetting_score=0.7283
    epoch  20 | kl_loss=0.2873 val_auc=0.7457 forget_auc=0.4839 forgetting_score=0.7244
    epoch  25 | kl_loss=0.2829 val_auc=0.7474 forget_auc=0.4839 forgetting_score=0.7474
  [RetainAdapter] Done in 10.9s | best val AUC=0.7474
    forget_acc=0.5000 retain_auc=0.7909 test_auc=0.7286 kl=0.1719 js=0.0477 time=15.5s

  LoRA rank=8 forget_frac=20%
[Data] german | train=700 val=150 test=150
[Data] forget=140 (random) | retain=560
  [ForgetAdapter] LoRA params: 5,816 / 52,743 (11.03%)
    step   1 | forget_auc=0.8688 forget_acc=0.814 retain_auc=0.8522
    step   5 | forget_auc=0.8683 forget_acc=0.814 retain_auc=0.8531
    step  10 | forget_auc=0.8654 forget_acc=0.807 retain_auc=0.8538
    step  15 | forget_auc=0.8608 forget_acc=0.793 retain_auc=0.8539
    step  20 | forget_auc=0.8567 forget_acc=0.786 retain_auc=0.8546
    step  25 | forget_auc=0.8520 forget_acc=0.786 retain_auc=0.8547
    step  30 | forget_auc=0.8414 forget_acc=0.786 retain_auc=0.8553
    step  35 | forget_auc=0.8297 forget_acc=0.771 retain_auc=0.8550
    step  40 | forget_auc=0.8175 forget_acc=0.764 retain_auc=0.8550
    step  45 | forget_auc=0.7976 forget_acc=0.757 retain_auc=0.8528
    step  50 | forget_auc=0.7702 forget_acc=0.757 retain_auc=0.8464
    step  55 | forget_auc=0.7354 forget_acc=0.736 retain_auc=0.8365
    step  60 | forget_auc=0.6793 forget_acc=0.721 retain_auc=0.8191
    step  65 | forget_auc=0.6178 forget_acc=0.700 retain_auc=0.7922
    step  70 | forget_auc=0.5552 forget_acc=0.700 retain_auc=0.7580
    step  75 | forget_auc=0.4993 forget_acc=0.686 retain_auc=0.7160
    [ForgetAdapter] Retain AUC below 0.72 — stopping early
  [ForgetAdapter] Done in 7.0s
  [RetainAdapter] LoRA params: 1,536 / 55,815 (2.75%)
  [RetainAdapter] Phase2 end forget_auc=0.5552 → ceiling=0.6352  (max_forget_recovery=0.08)
    epoch   5 | kl_loss=0.2579 val_auc=0.7601 forget_auc=0.5542 forgetting_score=0.6189
    epoch  10 | kl_loss=0.1836 val_auc=0.7440 forget_auc=0.5355 forgetting_score=0.6377
    epoch  15 | kl_loss=0.2785 val_auc=0.7249 forget_auc=0.5345 forgetting_score=0.7249
    epoch  20 | kl_loss=0.3602 val_auc=0.7440 forget_auc=0.5413 forgetting_score=0.7387
    epoch  25 | kl_loss=0.3755 val_auc=0.7509 forget_auc=0.5452 forgetting_score=0.7348
  [RetainAdapter] Done in 10.3s | best val AUC=0.7620
    forget_acc=0.6786 retain_auc=0.7584 test_auc=0.6297 kl=0.1679 js=0.0344 time=17.4s

  LoRA rank=16 forget_frac=5%
[Data] german | train=700 val=150 test=150
[Data] forget=35 (random) | retain=665
  [ForgetAdapter] LoRA params: 11,632 / 58,559 (19.86%)
    step   1 | forget_auc=0.8761 forget_acc=0.829 retain_auc=0.8546
    step   5 | forget_auc=0.8718 forget_acc=0.829 retain_auc=0.8554
    step  10 | forget_auc=0.8632 forget_acc=0.771 retain_auc=0.8568
    step  15 | forget_auc=0.8504 forget_acc=0.771 retain_auc=0.8578
    step  20 | forget_auc=0.8120 forget_acc=0.629 retain_auc=0.8577
    step  25 | forget_auc=0.7735 forget_acc=0.686 retain_auc=0.8519
    step  30 | forget_auc=0.6966 forget_acc=0.514 retain_auc=0.8350
    step  35 | forget_auc=0.5897 forget_acc=0.371 retain_auc=0.8001
    step  40 | forget_auc=0.4530 forget_acc=0.314 retain_auc=0.7340
    step  45 | forget_auc=0.3761 forget_acc=0.257 retain_auc=0.6540
    [ForgetAdapter] Retain AUC below 0.72 — stopping early
  [ForgetAdapter] Done in 4.5s
  [RetainAdapter] LoRA params: 3,072 / 63,167 (4.86%)
  [RetainAdapter] Phase2 end forget_auc=0.4530 → ceiling=0.5330  (max_forget_recovery=0.08)
    epoch   5 | kl_loss=0.7728 val_auc=0.6923 forget_auc=0.4615 forgetting_score=0.5637
    epoch  10 | kl_loss=0.5552 val_auc=0.7103 forget_auc=0.4573 forgetting_score=0.5784
    epoch  15 | kl_loss=0.3641 val_auc=0.7234 forget_auc=0.4274 forgetting_score=0.6511
    epoch  20 | kl_loss=0.3353 val_auc=0.7223 forget_auc=0.4274 forgetting_score=0.6707
    epoch  25 | kl_loss=0.3294 val_auc=0.7215 forget_auc=0.4274 forgetting_score=0.6699
  [RetainAdapter] Done in 12.5s | best val AUC=0.7245
    forget_acc=0.4000 retain_auc=0.7851 test_auc=0.7469 kl=0.2196 js=0.0613 time=17.1s

  LoRA rank=16 forget_frac=10%
[Data] german | train=700 val=150 test=150
[Data] forget=70 (random) | retain=630
  [ForgetAdapter] LoRA params: 11,632 / 58,559 (19.86%)
    step   1 | forget_auc=0.8535 forget_acc=0.814 retain_auc=0.8558
    step   5 | forget_auc=0.8479 forget_acc=0.814 retain_auc=0.8564
    step  10 | forget_auc=0.8380 forget_acc=0.800 retain_auc=0.8575
    step  15 | forget_auc=0.8257 forget_acc=0.786 retain_auc=0.8586
    step  20 | forget_auc=0.8036 forget_acc=0.800 retain_auc=0.8594
    step  25 | forget_auc=0.7747 forget_acc=0.729 retain_auc=0.8595
    step  30 | forget_auc=0.7370 forget_acc=0.686 retain_auc=0.8575
    step  35 | forget_auc=0.6848 forget_acc=0.600 retain_auc=0.8493
    step  40 | forget_auc=0.6204 forget_acc=0.457 retain_auc=0.8247
    step  45 | forget_auc=0.5472 forget_acc=0.271 retain_auc=0.7703
    step  50 | forget_auc=0.4362 forget_acc=0.271 retain_auc=0.6862
    [ForgetAdapter] Retain AUC below 0.72 — stopping early
  [ForgetAdapter] Done in 4.5s
  [RetainAdapter] LoRA params: 3,072 / 63,167 (4.86%)
  [RetainAdapter] Phase2 end forget_auc=0.5472 → ceiling=0.6272  (max_forget_recovery=0.08)
    epoch   5 | kl_loss=0.7382 val_auc=0.7389 forget_auc=0.5450 forgetting_score=0.6122
    epoch  10 | kl_loss=0.5625 val_auc=0.7517 forget_auc=0.5394 forgetting_score=0.6443
    epoch  15 | kl_loss=0.4371 val_auc=0.7663 forget_auc=0.5361 forgetting_score=0.7225
    epoch  20 | kl_loss=0.3867 val_auc=0.7704 forget_auc=0.5361 forgetting_score=0.7374
    epoch  25 | kl_loss=0.3730 val_auc=0.7710 forget_auc=0.5350 forgetting_score=0.7380
  [RetainAdapter] Done in 10.6s | best val AUC=0.7710
    forget_acc=0.4571 retain_auc=0.8072 test_auc=0.7253 kl=0.2626 js=0.0706 time=15.3s

  LoRA rank=16 forget_frac=20%
[Data] german | train=700 val=150 test=150
[Data] forget=140 (random) | retain=560
  [ForgetAdapter] LoRA params: 11,632 / 58,559 (19.86%)
    step   1 | forget_auc=0.8688 forget_acc=0.814 retain_auc=0.8522
    step   5 | forget_auc=0.8678 forget_acc=0.814 retain_auc=0.8521
    step  10 | forget_auc=0.8659 forget_acc=0.800 retain_auc=0.8521
    step  15 | forget_auc=0.8627 forget_acc=0.800 retain_auc=0.8523
    step  20 | forget_auc=0.8601 forget_acc=0.786 retain_auc=0.8525
    step  25 | forget_auc=0.8540 forget_acc=0.786 retain_auc=0.8521/storage/dd25007/conda_envs/lora_mu/lib/python3.11/site-packages/sklearn/metrics/_ranking.py:442: UndefinedMetricWarning: Only one class is present in y_true. ROC AUC score is not defined in that case.
  warnings.warn(

    step  30 | forget_auc=0.8491 forget_acc=0.793 retain_auc=0.8518
    step  35 | forget_auc=0.8394 forget_acc=0.793 retain_auc=0.8518
    step  40 | forget_auc=0.8258 forget_acc=0.779 retain_auc=0.8490
    step  45 | forget_auc=0.8052 forget_acc=0.771 retain_auc=0.8435
    step  50 | forget_auc=0.7738 forget_acc=0.721 retain_auc=0.8343
    step  55 | forget_auc=0.7396 forget_acc=0.714 retain_auc=0.8199
    step  60 | forget_auc=0.6810 forget_acc=0.700 retain_auc=0.7964
    step  65 | forget_auc=0.6137 forget_acc=0.700 retain_auc=0.7694
    step  70 | forget_auc=0.5505 forget_acc=0.700 retain_auc=0.7339
    step  75 | forget_auc=0.4954 forget_acc=0.700 retain_auc=0.7002
    [ForgetAdapter] Retain AUC below 0.72 — stopping early
  [ForgetAdapter] Done in 6.9s
  [RetainAdapter] LoRA params: 3,072 / 63,167 (4.86%)
  [RetainAdapter] Phase2 end forget_auc=0.5505 → ceiling=0.6305  (max_forget_recovery=0.08)
    epoch   5 | kl_loss=1.7962 val_auc=0.7774 forget_auc=0.5474 forgetting_score=0.6220
    epoch  10 | kl_loss=1.3342 val_auc=0.7729 forget_auc=0.5379 forgetting_score=0.6184
    epoch  15 | kl_loss=0.8693 val_auc=0.7543 forget_auc=0.5182 forgetting_score=0.6034
    epoch  20 | kl_loss=0.6157 val_auc=0.7406 forget_auc=0.5092 forgetting_score=0.5925
    epoch  25 | kl_loss=0.5612 val_auc=0.7382 forget_auc=0.5083 forgetting_score=0.5906
  [RetainAdapter] Done in 10.4s | best val AUC=0.7785
    forget_acc=0.7000 retain_auc=0.7337 test_auc=0.6160 kl=1.1484 js=0.1102 time=17.4s

Step 5: Ablation study
  5a. Phase 2 only (no retain adapter)
    forget_acc=0.3000 retain_auc=0.7590 test_auc=0.6806 kl=0.7220 js=0.1697 time=0.0s
  5b. Phase 3 only (no forget adapter)
    forget_acc=0.8143 retain_auc=0.8554 test_auc=0.7790 kl=0.0000 js=0.0000 time=0.0s
  5c. Full LoRA method
    forget_acc=0.3714 retain_auc=0.8014 test_auc=0.7598 kl=0.4340 js=0.1109 time=0.0s

Step 6: MIA attack experiment
  Running LoRA unlearn for MIA evaluation...

── MIA Suite ──────────────────────────────────────
  [MIA-Loss] forget_loss_mean=0.8376 retain_loss_mean=0.6431 attack_acc=0.4143 attack_auc=0.3746 (goal≈0.5)
  [LiRA] forget_score_mean=0.2856 retain_score_mean=0.2541
  [LiRA] attack_auc=0.4581 attack_acc=0.6986 (goal≈0.5 for both)
  [RelearningMIA] forget_auc: 0.4528 → 0.5128 over 20 steps (gain=+0.0599)
  [RelearningMIA] Small gain (<0.1) → certified. Large gain (>0.2) → superficial forgetting.
  [MIA] Training 4 shadow models (calibrated (D_retain only))...
    Shadow model 1/4 done (mia_score=0.6286)
    Shadow model 2/4 done (mia_score=0.6429)
    Shadow model 3/4 done (mia_score=0.7429)
    Shadow model 4/4 done (mia_score=0.6143)
  [MIA] forget_set MIA accuracy=0.6143 (goal≈0.5) | retain_set MIA=0.6619 | MIA AUC=nan
  [MIA-CI] Per-shadow scores: ['0.629', '0.643', '0.743', '0.614']
  [MIA-CI] Mean=0.6571 ± Std=0.0505  ← High std with n_forget=70 means shadow MIA is unreliable.
           Recommend reporting LiRA AUC instead as primary metric.

── MIA Summary ────────────────────────────────────
  Loss MIA AUC    = 0.3746  (primary, goal≈0.5)
  LiRA AUC        = 0.4581  (primary if ref model available, goal≈0.5)
  Relearn gain    = +0.0599  (✓ certified)
  Shadow MIA      = 0.6143 ± 0.0505  (CI shows reliability)
───────────────────────────────────────────────────
  MIA on base model (upper bound)...
  [MIA-Loss] forget_loss_mean=0.3958 retain_loss_mean=0.4321 attack_acc=0.6857 attack_auc=0.5211 (goal≈0.5)

  Results saved to results/results_german_tab_transformer.json

================================================================================
RESULTS SUMMARY — german / tab_transformer
================================================================================
Method                     ForgetAUC  ForgetAcc  RetainAUC    TestAUC       KL   Time(s)
--------------------------------------------------------------------------------
Base Model                    0.8535     0.8143        N/A     0.7790      N/A       N/A
full_retrain                  0.6992     0.7429     0.8872     0.7586   0.0246       8.9
gradient_ascent               0.5716     0.2429     0.5483     0.6191   5.8139       7.5
finetune_retain               0.8535     0.8143     0.8567     0.7792   0.0001       1.3
sisa                          0.7358     0.7571     0.7818     0.6730   0.0953       5.6
influence_fn                  0.9656     0.8857     0.8110     0.7923   0.0408       0.0
LoRA-r4_f5pct                 0.3974     0.4286     0.7678     0.7467   0.1902      15.2
LoRA-r4_f10pct                0.4406     0.2714     0.7451     0.6663   0.7434      15.3
LoRA-r4_f20pct                0.5646     0.7000     0.7457     0.6356   1.2135      15.9
LoRA-r8_f5pct                 0.5769     0.4571     0.8162     0.7490   0.1542      16.3
LoRA-r8_f10pct                0.4839     0.5000     0.7909     0.7286   0.1719      15.5
LoRA-r8_f20pct                0.5537     0.6786     0.7584     0.6297   0.1679      17.4
LoRA-r16_f5pct                0.4274     0.4000     0.7851     0.7469   0.2196      17.1
LoRA-r16_f10pct               0.5350     0.4571     0.8072     0.7253   0.2626      15.3
LoRA-r16_f20pct               0.5496     0.7000     0.7337     0.6160   1.1484      17.4
================================================================================

MIA Results (goal: ≈0.5)
  lora_loss_mia: MIA score = 0.4143
  lora_shadow_mia: MIA score = 0.6143
  base_loss_mia: MIA score = 0.6857
  lora_lira: AUC = 0.4581  acc = 0.6986  (primary metric)
  lora_relearning: gain = +0.0599  ✓ certified
  lora_shadow_mia: 0.6143 ± 0.0505  (high std = unreliable on small D_f)

Done.
