/storage/dd25007/conda_envs/lora_mu/lib/python3.11/site-packages/scipy/spatial/distance.py:1290: RuntimeWarning: invalid value encountered in sqrt
  return np.sqrt(js / 2.0)

============================================================
LoRA-Credit-Unlearn Pipeline
  dataset=german | arch=ft_transformer | device=cuda
============================================================

Step 1: Data preparation
[Data] german | train=700 val=150 test=150
[Data] forget=101 (demographic) | retain=599

Step 2: Train base model M
  Loading cached checkpoint from checkpoints/base_german_ft_transformer.pt
  Base model | test_auc=0.7898 | forget_auc=0.7211 | forget_acc=0.6832

Step 3: Baselines

  3a. Full Retrain
  [Baseline] Full Retrain on D_r...
    Elapsed: 7.4s
    forget_acc=0.5842 retain_auc=0.8410 test_auc=0.7398 kl=0.0417 js=0.0097 time=7.4s

  3b. Naïve Gradient Ascent
  [Baseline] Naïve Gradient Ascent...
    GA: retain AUC collapsed to 0.498 — stopping
    forget_acc=0.5941 retain_auc=0.4977 test_auc=0.5002 kl=0.6476 js=0.0931 time=2.1s

  3c. Fine-tune on D_r
  [Baseline] Fine-tune on D_r...
    forget_acc=0.6337 retain_auc=0.8212 test_auc=0.7892 kl=0.0006 js=0.0002 time=0.7s

  3d. SISA
  [Baseline] SISA with 4 shards...
    Affected shards: [0, 1, 2, 3] (out of 4)
    SISA elapsed: 6.6s
    forget_acc=0.5842 retain_auc=0.7571 test_auc=0.8068 kl=0.0624 js=0.0165 time=6.6s

  3e. Influence Functions
  [Baseline] Influence Functions (Newton-step approx)...
    Influence fn elapsed: 0.0s
    forget_acc=0.4059 retain_auc=0.6809 test_auc=0.6207 kl=0.9582 js=0.2167 time=0.0s

Step 4: LoRA-Credit-Unlearn method

  LoRA rank=4 forget_frac=5%
[Data] german | train=700 val=150 test=150
[Data] forget=101 (demographic) | retain=599
  [ForgetAdapter] LoRA params: 3,072 / 207,553 (1.48%)
    step   1 | forget_auc=0.7211 forget_acc=0.683 retain_auc=0.8203
    step   5 | forget_auc=0.7163 forget_acc=0.663 retain_auc=0.8210
    step  10 | forget_auc=0.7098 forget_acc=0.634 retain_auc=0.8220
    step  15 | forget_auc=0.7024 forget_acc=0.653 retain_auc=0.8229
    step  20 | forget_auc=0.6898 forget_acc=0.644 retain_auc=0.8237
    step  25 | forget_auc=0.6756 forget_acc=0.644 retain_auc=0.8237
    step  30 | forget_auc=0.6602 forget_acc=0.604 retain_auc=0.8215
    step  35 | forget_auc=0.6394 forget_acc=0.624 retain_auc=0.8156
    step  40 | forget_auc=0.6252 forget_acc=0.624 retain_auc=0.8012
    step  45 | forget_auc=0.6114 forget_acc=0.614 retain_auc=0.7744
    step  50 | forget_auc=0.6191 forget_acc=0.604 retain_auc=0.7508
    step  55 | forget_auc=0.6207 forget_acc=0.604 retain_auc=0.7302
    step  60 | forget_auc=0.5955 forget_acc=0.604 retain_auc=0.7181
    [ForgetAdapter] Retain AUC below 0.72 — stopping early
  [ForgetAdapter] Done in 5.0s
  [RetainAdapter] LoRA params: 3,072 / 235,201 (1.31%)
  [RetainAdapter] Phase2 end forget_auc=0.6114 → ceiling=0.6914  (max_forget_recovery=0.08)
    epoch   5 | kl_loss=0.0904 val_auc=0.8199 forget_auc=0.6293 forgetting_score=0.7915
    epoch  10 | kl_loss=0.2425 val_auc=0.8057 forget_auc=0.6411 forgetting_score=0.7060
    epoch  15 | kl_loss=0.2579 val_auc=0.8079 forget_auc=0.6687 forgetting_score=0.7079
    epoch  20 | kl_loss=0.2517 val_auc=0.8090 forget_auc=0.6720 forgetting_score=0.6928
    epoch  25 | kl_loss=0.2461 val_auc=0.8096 forget_auc=0.6736 forgetting_score=0.6934
  [RetainAdapter] Done in 9.9s | best val AUC=0.8501
    forget_acc=0.6337 retain_auc=0.8013 test_auc=0.7239 kl=0.1410 js=0.0296 time=15.0s

  LoRA rank=4 forget_frac=10%
[Data] german | train=700 val=150 test=150
[Data] forget=101 (demographic) | retain=599
  [ForgetAdapter] LoRA params: 3,072 / 207,553 (1.48%)
    step   1 | forget_auc=0.7211 forget_acc=0.663 retain_auc=0.8203
    step   5 | forget_auc=0.7130 forget_acc=0.663 retain_auc=0.8210
    step  10 | forget_auc=0.7085 forget_acc=0.644 retain_auc=0.8223
    step  15 | forget_auc=0.7024 forget_acc=0.683 retain_auc=0.8233
    step  20 | forget_auc=0.6886 forget_acc=0.653 retain_auc=0.8234
    step  25 | forget_auc=0.6776 forget_acc=0.624 retain_auc=0.8226
    step  30 | forget_auc=0.6561 forget_acc=0.644 retain_auc=0.8193
    step  35 | forget_auc=0.6341 forget_acc=0.634 retain_auc=0.8101
    step  40 | forget_auc=0.6146 forget_acc=0.604 retain_auc=0.7953
    step  45 | forget_auc=0.6065 forget_acc=0.604 retain_auc=0.7762
    step  50 | forget_auc=0.6142 forget_acc=0.594 retain_auc=0.7561
    step  55 | forget_auc=0.6207 forget_acc=0.594 retain_auc=0.7378
    step  60 | forget_auc=0.6008 forget_acc=0.594 retain_auc=0.7330
    step  65 | forget_auc=0.5699 forget_acc=0.594 retain_auc=0.7388
    step  70 | forget_auc=0.5354 forget_acc=0.594 retain_auc=0.7448
    step  75 | forget_auc=0.5102 forget_acc=0.594 retain_auc=0.7437
    step  80 | forget_auc=0.4825 forget_acc=0.594 retain_auc=0.7360
    step  85 | forget_auc=0.4630 forget_acc=0.594 retain_auc=0.7266
    step  90 | forget_auc=0.4329 forget_acc=0.594 retain_auc=0.7153
    [ForgetAdapter] Retain AUC below 0.72 — stopping early
  [ForgetAdapter] Done in 8.1s
  [RetainAdapter] LoRA params: 3,072 / 235,201 (1.31%)
  [RetainAdapter] Phase2 end forget_auc=0.4630 → ceiling=0.5430  (max_forget_recovery=0.08)
    epoch   5 | kl_loss=0.1738 val_auc=0.7950 forget_auc=0.5159 forgetting_score=0.7124
    epoch  10 | kl_loss=0.3374 val_auc=0.8051 forget_auc=0.5398 forgetting_score=0.7613
    [RetainAdapter] forget_auc=0.5488 exceeded ceiling 0.5430 — stopping early
  [RetainAdapter] Done in 4.5s | best val AUC=0.8083
    forget_acc=0.5941 retain_auc=0.7417 test_auc=0.5615 kl=0.3591 js=0.0624 time=12.7s

  LoRA rank=4 forget_frac=20%
[Data] german | train=700 val=150 test=150
[Data] forget=101 (demographic) | retain=599
  [ForgetAdapter] LoRA params: 3,072 / 207,553 (1.48%)
    step   1 | forget_auc=0.7203 forget_acc=0.683 retain_auc=0.8202
    step   5 | forget_auc=0.7171 forget_acc=0.663 retain_auc=0.8205
    step  10 | forget_auc=0.7134 forget_acc=0.663 retain_auc=0.8213
    step  15 | forget_auc=0.7089 forget_acc=0.644 retain_auc=0.8218
    step  20 | forget_auc=0.7000 forget_acc=0.614 retain_auc=0.8216
    step  25 | forget_auc=0.6951 forget_acc=0.624 retain_auc=0.8209
    step  30 | forget_auc=0.6850 forget_acc=0.644 retain_auc=0.8183
    step  35 | forget_auc=0.6663 forget_acc=0.624 retain_auc=0.8128
    step  40 | forget_auc=0.6496 forget_acc=0.634 retain_auc=0.8042
    step  45 | forget_auc=0.6341 forget_acc=0.604 retain_auc=0.7878
    step  50 | forget_auc=0.5939 forget_acc=0.594 retain_auc=0.7523
    step  55 | forget_auc=0.5626 forget_acc=0.594 retain_auc=0.6936
    [ForgetAdapter] Retain AUC below 0.72 — stopping early
  [ForgetAdapter] Done in 5.0s
  [RetainAdapter] LoRA params: 3,072 / 235,201 (1.31%)
  [RetainAdapter] Phase2 end forget_auc=0.5939 → ceiling=0.6739  (max_forget_recovery=0.08)
    epoch   5 | kl_loss=0.0412 val_auc=0.8476 forget_auc=0.6744 forgetting_score=0.7343
    [RetainAdapter] forget_auc=0.6744 exceeded ceiling 0.6739 — stopping early
  [RetainAdapter] Done in 1.8s | best val AUC=0.8533
    forget_acc=0.6238 retain_auc=0.7953 test_auc=0.7296 kl=0.1377 js=0.0289 time=6.9s

  LoRA rank=8 forget_frac=5%
[Data] german | train=700 val=150 test=150
[Data] forget=101 (demographic) | retain=599
  [ForgetAdapter] LoRA params: 6,144 / 210,625 (2.92%)
    step   1 | forget_auc=0.7211 forget_acc=0.683 retain_auc=0.8204
    step   5 | forget_auc=0.7175 forget_acc=0.663 retain_auc=0.8210
    step  10 | forget_auc=0.7073 forget_acc=0.634 retain_auc=0.8219
    step  15 | forget_auc=0.7024 forget_acc=0.634 retain_auc=0.8233
    step  20 | forget_auc=0.6862 forget_acc=0.634 retain_auc=0.8234
    step  25 | forget_auc=0.6789 forget_acc=0.634 retain_auc=0.8220
    step  30 | forget_auc=0.6614 forget_acc=0.624 retain_auc=0.8162
    step  35 | forget_auc=0.6463 forget_acc=0.624 retain_auc=0.8055
    step  40 | forget_auc=0.6280 forget_acc=0.624 retain_auc=0.7836
    step  45 | forget_auc=0.6077 forget_acc=0.614 retain_auc=0.7482
    step  50 | forget_auc=0.6081 forget_acc=0.604 retain_auc=0.7092
    [ForgetAdapter] Retain AUC below 0.72 — stopping early
  [ForgetAdapter] Done in 4.6s
  [RetainAdapter] LoRA params: 6,144 / 241,345 (2.55%)
  [RetainAdapter] Phase2 end forget_auc=0.6077 → ceiling=0.6877  (max_forget_recovery=0.08)
    epoch   5 | kl_loss=0.0396 val_auc=0.8398 forget_auc=0.6439 forgetting_score=0.7608
    epoch  10 | kl_loss=0.2137 val_auc=0.7852 forget_auc=0.6114 forgetting_score=0.7035
    epoch  15 | kl_loss=0.2658 val_auc=0.7455 forget_auc=0.5687 forgetting_score=0.6828
    epoch  20 | kl_loss=0.2636 val_auc=0.7661 forget_auc=0.5768 forgetting_score=0.6864
    epoch  25 | kl_loss=0.2606 val_auc=0.7684 forget_auc=0.5841 forgetting_score=0.6962
  [RetainAdapter] Done in 9.7s | best val AUC=0.8523
    forget_acc=0.6238 retain_auc=0.7942 test_auc=0.7257 kl=0.1281 js=0.0268 time=14.5s

  LoRA rank=8 forget_frac=10%
[Data] german | train=700 val=150 test=150
[Data] forget=101 (demographic) | retain=599
  [ForgetAdapter] LoRA params: 6,144 / 210,625 (2.92%)
    step   1 | forget_auc=0.7211 forget_acc=0.683 retain_auc=0.8202
    step   5 | forget_auc=0.7175 forget_acc=0.663 retain_auc=0.8206
    step  10 | forget_auc=0.7130 forget_acc=0.663 retain_auc=0.8215
    step  15 | forget_auc=0.7053 forget_acc=0.653 retain_auc=0.8218
    step  20 | forget_auc=0.6967 forget_acc=0.644 retain_auc=0.8216
    step  25 | forget_auc=0.6870 forget_acc=0.614 retain_auc=0.8203
    step  30 | forget_auc=0.6732 forget_acc=0.644 retain_auc=0.8175
    step  35 | forget_auc=0.6569 forget_acc=0.634 retain_auc=0.8103
    step  40 | forget_auc=0.6427 forget_acc=0.614 retain_auc=0.7986
    step  45 | forget_auc=0.6146 forget_acc=0.614 retain_auc=0.7720
    step  50 | forget_auc=0.6122 forget_acc=0.604 retain_auc=0.7354
    step  55 | forget_auc=0.6098 forget_acc=0.594 retain_auc=0.7016
    [ForgetAdapter] Retain AUC below 0.72 — stopping early
  [ForgetAdapter] Done in 5.0s
  [RetainAdapter] LoRA params: 6,144 / 241,345 (2.55%)
  [RetainAdapter] Phase2 end forget_auc=0.6122 → ceiling=0.6922  (max_forget_recovery=0.08)
    epoch   5 | kl_loss=0.0537 val_auc=0.8343 forget_auc=0.6220 forgetting_score=0.7723
    epoch  10 | kl_loss=0.2494 val_auc=0.7601 forget_auc=0.5780 forgetting_score=0.6961
    epoch  15 | kl_loss=0.2705 val_auc=0.7822 forget_auc=0.5833 forgetting_score=0.7163
    epoch  20 | kl_loss=0.2581 val_auc=0.7989 forget_auc=0.5988 forgetting_score=0.7079
    epoch  25 | kl_loss=0.2553 val_auc=0.7995 forget_auc=0.5992 forgetting_score=0.7164
  [RetainAdapter] Done in 10.6s | best val AUC=0.8396
    forget_acc=0.6337 retain_auc=0.7915 test_auc=0.6951 kl=0.0692 js=0.0152 time=15.7s

  LoRA rank=8 forget_frac=20%
[Data] german | train=700 val=150 test=150
[Data] forget=101 (demographic) | retain=599
  [ForgetAdapter] LoRA params: 6,144 / 210,625 (2.92%)
    step   1 | forget_auc=0.7211 forget_acc=0.663 retain_auc=0.8201
    step   5 | forget_auc=0.7163 forget_acc=0.663 retain_auc=0.8202
    step  10 | forget_auc=0.7114 forget_acc=0.653 retain_auc=0.8206
    step  15 | forget_auc=0.7057 forget_acc=0.673 retain_auc=0.8203
    step  20 | forget_auc=0.6927 forget_acc=0.634 retain_auc=0.8201
    step  25 | forget_auc=0.6854 forget_acc=0.634 retain_auc=0.8183
    step  30 | forget_auc=0.6715 forget_acc=0.634 retain_auc=0.8120
    step  35 | forget_auc=0.6524 forget_acc=0.634 retain_auc=0.8043
    step  40 | forget_auc=0.6321 forget_acc=0.634 retain_auc=0.7870
    step  45 | forget_auc=0.6146 forget_acc=0.614 retain_auc=0.7595
    step  50 | forget_auc=0.6110 forget_acc=0.604 retain_auc=0.7286
    step  55 | forget_auc=0.6069 forget_acc=0.604 retain_auc=0.6992
    [ForgetAdapter] Retain AUC below 0.72 — stopping early
  [ForgetAdapter] Done in 5.1s
  [RetainAdapter] LoRA params: 6,144 / 241,345 (2.55%)
  [RetainAdapter] Phase2 end forget_auc=0.6110 → ceiling=0.6910  (max_forget_recovery=0.08)
    epoch   5 | kl_loss=0.0638 val_auc=0.8287 forget_auc=0.6159 forgetting_score=0.7261
    epoch  10 | kl_loss=0.2924 val_auc=0.7183 forget_auc=0.5423 forgetting_score=0.6649
    epoch  15 | kl_loss=0.2789 val_auc=0.7772 forget_auc=0.5772 forgetting_score=0.7118
    epoch  20 | kl_loss=0.2717 val_auc=0.7751 forget_auc=0.5992 forgetting_score=0.7022
    epoch  25 | kl_loss=0.2692 val_auc=0.7747 forget_auc=0.5972 forgetting_score=0.6941
  [RetainAdapter] Done in 10.5s | best val AUC=0.8375
    forget_acc=0.6337 retain_auc=0.7604 test_auc=0.6883 kl=0.1584 js=0.0328 time=15.6s

  LoRA rank=16 forget_frac=5%
[Data] german | train=700 val=150 test=150
[Data] forget=101 (demographic) | retain=599
  [ForgetAdapter] LoRA params: 12,288 / 216,769 (5.67%)
    step   1 | forget_auc=0.7215 forget_acc=0.673 retain_auc=0.8201
    step   5 | forget_auc=0.7171 forget_acc=0.663 retain_auc=0.8205
    step  10 | forget_auc=0.7106 forget_acc=0.663 retain_auc=0.8209
    step  15 | forget_auc=0.7061 forget_acc=0.663 retain_auc=0.8214
    step  20 | forget_auc=0.6980 forget_acc=0.634 retain_auc=0.8217
    step  25 | forget_auc=0.6870 forget_acc=0.624 retain_auc=0.8202
    step  30 | forget_auc=0.6732 forget_acc=0.644 retain_auc=0.8156
    step  35 | forget_auc=0.6508 forget_acc=0.634 retain_auc=0.8077
    step  40 | forget_auc=0.6317 forget_acc=0.614 retain_auc=0.7935
    step  45 | forget_auc=0.6167 forget_acc=0.604 retain_auc=0.7656
    step  50 | forget_auc=0.6126 forget_acc=0.594 retain_auc=0.7270
    step  55 | forget_auc=0.6053 forget_acc=0.594 retain_auc=0.6978
    [ForgetAdapter] Retain AUC below 0.72 — stopping early
  [ForgetAdapter] Done in 5.0s
  [RetainAdapter] LoRA params: 12,288 / 253,633 (4.84%)
  [RetainAdapter] Phase2 end forget_auc=0.6126 → ceiling=0.6926  (max_forget_recovery=0.08)
    epoch   5 | kl_loss=0.0871 val_auc=0.8229 forget_auc=0.6179 forgetting_score=0.7211
    epoch  10 | kl_loss=0.2895 val_auc=0.7037 forget_auc=0.5390 forgetting_score=0.6584
    epoch  15 | kl_loss=0.2932 val_auc=0.7185 forget_auc=0.5992 forgetting_score=0.6509
    epoch  20 | kl_loss=0.2739 val_auc=0.7309 forget_auc=0.6215 forgetting_score=0.6405
    epoch  25 | kl_loss=0.2745 val_auc=0.7294 forget_auc=0.6252 forgetting_score=0.6391
  [RetainAdapter] Done in 10.4s | best val AUC=0.8229
    forget_acc=0.6238 retain_auc=0.7712 test_auc=0.7094 kl=0.0526 js=0.0127 time=15.6s

  LoRA rank=16 forget_frac=10%
[Data] german | train=700 val=150 test=150
[Data] forget=101 (demographic) | retain=599
  [ForgetAdapter] LoRA params: 12,288 / 216,769 (5.67%)
    step   1 | forget_auc=0.7211 forget_acc=0.683 retain_auc=0.8201
    step   5 | forget_auc=0.7187 forget_acc=0.663 retain_auc=0.8204
    step  10 | forget_auc=0.7134 forget_acc=0.653 retain_auc=0.8210
    step  15 | forget_auc=0.7057 forget_acc=0.644 retain_auc=0.8213
    step  20 | forget_auc=0.6972 forget_acc=0.644 retain_auc=0.8215
    step  25 | forget_auc=0.6870 forget_acc=0.644 retain_auc=0.8210
    step  30 | forget_auc=0.6760 forget_acc=0.614 retain_auc=0.8190
    step  35 | forget_auc=0.6541 forget_acc=0.644 retain_auc=0.8127
    step  40 | forget_auc=0.6370 forget_acc=0.644 retain_auc=0.8020
    step  45 | forget_auc=0.6138 forget_acc=0.614 retain_auc=0.7785
    step  50 | forget_auc=0.6106 forget_acc=0.604 retain_auc=0.7447
    step  55 | forget_auc=0.6154 forget_acc=0.604 retain_auc=0.7092
    [ForgetAdapter] Retain AUC below 0.72 — stopping early
  [ForgetAdapter] Done in 5.6s
  [RetainAdapter] LoRA params: 12,288 / 253,633 (4.84%)
  [RetainAdapter] Phase2 end forget_auc=0.6106 → ceiling=0.6906  (max_forget_recovery=0.08)
    epoch   5 | kl_loss=0.0462 val_auc=0.8416 forget_auc=0.6305 forgetting_score=0.7541
    epoch  10 | kl_loss=0.2487 val_auc=0.7665 forget_auc=0.6077 forgetting_score=0.6792
    epoch  15 | kl_loss=0.2740 val_auc=0.7804 forget_auc=0.5943 forgetting_score=0.6993
    epoch  20 | kl_loss=0.2525 val_auc=0.7948 forget_auc=0.6024 forgetting_score=0.6964
    epoch  25 | kl_loss=0.2514 val_auc=0.7952 forget_auc=0.6020 forgetting_score=0.7047
  [RetainAdapter] Done in 10.3s | best val AUC=0.8488
    forget_acc=0.6238 retain_auc=0.8070 test_auc=0.7283 kl=0.0536 js=0.0119 time=16.0s

  LoRA rank=16 forget_frac=20%
[Data] german | train=700 val=150 test=150
[Data] forget=101 (demographic) | retain=599
  [ForgetAdapter] LoRA params: 12,288 / 216,769 (5.67%)
    step   1 | forget_auc=0.7211 forget_acc=0.683 retain_auc=0.8199
    step   5 | forget_auc=0.7163 forget_acc=0.663 retain_auc=0.8204
    step  10 | forget_auc=0.7114 forget_acc=0.653 retain_auc=0.8211
    step  15 | forget_auc=0.7053 forget_acc=0.653 retain_auc=0.8211/storage/dd25007/conda_envs/lora_mu/lib/python3.11/site-packages/sklearn/metrics/_ranking.py:442: UndefinedMetricWarning: Only one class is present in y_true. ROC AUC score is not defined in that case.
  warnings.warn(

    step  20 | forget_auc=0.6943 forget_acc=0.634 retain_auc=0.8215
    step  25 | forget_auc=0.6858 forget_acc=0.644 retain_auc=0.8203
    step  30 | forget_auc=0.6720 forget_acc=0.624 retain_auc=0.8175
    step  35 | forget_auc=0.6589 forget_acc=0.624 retain_auc=0.8087
    step  40 | forget_auc=0.6431 forget_acc=0.634 retain_auc=0.7979
    step  45 | forget_auc=0.6224 forget_acc=0.614 retain_auc=0.7726
    step  50 | forget_auc=0.6207 forget_acc=0.614 retain_auc=0.7371
    step  55 | forget_auc=0.6195 forget_acc=0.604 retain_auc=0.7058
    [ForgetAdapter] Retain AUC below 0.72 — stopping early
  [ForgetAdapter] Done in 4.6s
  [RetainAdapter] LoRA params: 12,288 / 253,633 (4.84%)
  [RetainAdapter] Phase2 end forget_auc=0.6207 → ceiling=0.7007  (max_forget_recovery=0.08)
    epoch   5 | kl_loss=0.0578 val_auc=0.8368 forget_auc=0.6171 forgetting_score=0.7913
    epoch  10 | kl_loss=0.2721 val_auc=0.7328 forget_auc=0.5382 forgetting_score=0.6929
    epoch  15 | kl_loss=0.2927 val_auc=0.7461 forget_auc=0.5341 forgetting_score=0.6981
    epoch  20 | kl_loss=0.2765 val_auc=0.7663 forget_auc=0.5549 forgetting_score=0.7018
    epoch  25 | kl_loss=0.2789 val_auc=0.7702 forget_auc=0.5577 forgetting_score=0.6977
  [RetainAdapter] Done in 9.9s | best val AUC=0.8471
    forget_acc=0.6436 retain_auc=0.7884 test_auc=0.7136 kl=0.0672 js=0.0150 time=14.5s

Step 5: Ablation study
  5a. Phase 2 only (no retain adapter)
    forget_acc=0.6139 retain_auc=0.7556 test_auc=0.6718 kl=0.2694 js=0.0511 time=0.0s
  5b. Phase 3 only (no forget adapter)
    forget_acc=0.6634 retain_auc=0.8199 test_auc=0.7886 kl=0.0008 js=0.0002 time=0.0s
  5c. Full LoRA method
    forget_acc=0.6040 retain_auc=0.7859 test_auc=0.7265 kl=0.0358 js=0.0087 time=0.0s

Step 6: MIA attack experiment
  Running LoRA unlearn for MIA evaluation...

── MIA Suite ──────────────────────────────────────
  [MIA-Loss] forget_loss_mean=0.9767 retain_loss_mean=0.6232 attack_acc=0.6337 attack_auc=0.3828 (goal≈0.5)
  [LiRA] forget_score_mean=0.2177 retain_score_mean=0.1736
  [LiRA] attack_auc=0.5141 attack_acc=0.5286 (goal≈0.5 for both)
  [RelearningMIA] forget_auc: 0.6211 → 0.6362 over 20 steps (gain=+0.0150)
  [RelearningMIA] Small gain (<0.1) → certified. Large gain (>0.2) → superficial forgetting.
  [MIA] Training 4 shadow models (calibrated (D_retain only))...
    Shadow model 1/4 done (mia_score=0.1188)
    Shadow model 2/4 done (mia_score=0.0990)
    Shadow model 3/4 done (mia_score=0.0990)
    Shadow model 4/4 done (mia_score=0.3564)
  [MIA] forget_set MIA accuracy=0.3564 (goal≈0.5) | retain_set MIA=0.4240 | MIA AUC=nan
  [MIA-CI] Per-shadow scores: ['0.119', '0.099', '0.099', '0.356']
  [MIA-CI] Mean=0.1683 ± Std=0.1089  ← High std with n_forget=70 means shadow MIA is unreliable.
           Recommend reporting LiRA AUC instead as primary metric.

── MIA Summary ────────────────────────────────────
  Loss MIA AUC    = 0.3828  (primary, goal≈0.5)
  LiRA AUC        = 0.5141  (primary if ref model available, goal≈0.5)
  Relearn gain    = +0.0150  (✓ certified)
  Shadow MIA      = 0.3564 ± 0.1089  (CI shows reliability)
───────────────────────────────────────────────────
  MIA on base model (upper bound)...
  [MIA-Loss] forget_loss_mean=0.6074 retain_loss_mean=0.4604 attack_acc=0.4554 attack_auc=0.3683 (goal≈0.5)

  Results saved to results/results_german_ft_transformer.json

================================================================================
RESULTS SUMMARY — german / ft_transformer
================================================================================
Method                     ForgetAUC  ForgetAcc  RetainAUC    TestAUC       KL   Time(s)
--------------------------------------------------------------------------------
Base Model                    0.7211     0.6832        N/A     0.7898      N/A       N/A
full_retrain                  0.6154     0.5842     0.8410     0.7398   0.0417       7.4
gradient_ascent               0.5126     0.5941     0.4977     0.5002   0.6476       2.1
finetune_retain               0.7203     0.6337     0.8212     0.7892   0.0006       0.7
sisa                          0.6577     0.5842     0.7571     0.8068   0.0624       6.6
influence_fn                  0.5549     0.4059     0.6809     0.6207   0.9582       0.0
LoRA-r4_f5pct                 0.6167     0.6337     0.8013     0.7239   0.1410      15.0
LoRA-r4_f10pct                0.4959     0.5941     0.7417     0.5615   0.3591      12.7
LoRA-r4_f20pct                0.6402     0.6238     0.7953     0.7296   0.1377       6.9
LoRA-r8_f5pct                 0.6264     0.6238     0.7942     0.7257   0.1281      14.5
LoRA-r8_f10pct                0.6179     0.6337     0.7915     0.6951   0.0692      15.7
LoRA-r8_f20pct                0.6118     0.6337     0.7604     0.6883   0.1584      15.6
LoRA-r16_f5pct                0.6179     0.6238     0.7712     0.7094   0.0526      15.6
LoRA-r16_f10pct               0.6171     0.6238     0.8070     0.7283   0.0536      16.0
LoRA-r16_f20pct               0.6093     0.6436     0.7884     0.7136   0.0672      14.5
================================================================================

MIA Results (goal: ≈0.5)
  lora_loss_mia: MIA score = 0.6337
  lora_shadow_mia: MIA score = 0.3564
  base_loss_mia: MIA score = 0.4554
  lora_lira: AUC = 0.5141  acc = 0.5286  (primary metric)
  lora_relearning: gain = +0.0150  ✓ certified
  lora_shadow_mia: 0.3564 ± 0.1089  (high std = unreliable on small D_f)

Done.
