
============================================================
LoRA-Credit-Unlearn Pipeline
  dataset=german | arch=tabddpm | device=cuda
============================================================

Step 1: Data preparation
[Data] german | train=700 val=150 test=150
[Data] forget=70 (random) | retain=630

Step 2: Train base model M
  Loading cached checkpoint from checkpoints/base_german_tabddpm.pt
  Base model | test_auc=0.7467 | forget_auc=0.8590 | forget_acc=0.8286

Step 3: Baselines

  3a. Full Retrain
  [Baseline] Full Retrain on D_r...
    Elapsed: 12.9s
    forget_acc=0.7429 retain_auc=0.8590 test_auc=0.7645 kl=0.0420 js=0.0095 time=12.9s

  3b. Naïve Gradient Ascent
  [Baseline] Naïve Gradient Ascent...
    GA: retain AUC collapsed to 0.460 — stopping
    forget_acc=0.2429 retain_auc=0.4604 test_auc=0.5270 kl=0.6144 js=0.1546 time=2.6s

  3c. Fine-tune on D_r
  [Baseline] Fine-tune on D_r...
    forget_acc=0.8286 retain_auc=0.8262 test_auc=0.7475 kl=0.0001 js=0.0000 time=2.3s

  3d. SISA
  [Baseline] SISA with 4 shards...
    Affected shards: [0, 1, 2, 3] (out of 4)
    SISA elapsed: 5.6s
    forget_acc=0.7571 retain_auc=0.7440 test_auc=0.7134 kl=0.1063 js=0.0298 time=5.6s

  3e. Influence Functions
  [Baseline] Influence Functions (Newton-step approx)...
    Influence fn elapsed: 0.0s
    forget_acc=0.7571 retain_auc=0.6511 test_auc=0.6691 kl=0.7573 js=0.0976 time=0.0s

  3f. Random Labels
  [Baseline] Random Labels on D_f + D_r...
    Random-label elapsed: 2.6s
    forget_acc=0.7714 retain_auc=0.8271 test_auc=0.7598 kl=0.0721 js=0.0203 time=2.6s

Step 4: LoRA-Credit-Unlearn method

  LoRA rank=4 forget_frac=5%
[Data] german | train=700 val=150 test=150
[Data] forget=35 (random) | retain=665
  [ForgetAdapter] LoRA params: 4,096 / 312,449 (1.31%)
    step   1 | forget_auc=0.9274 forget_acc=0.886 retain_auc=0.8237
    step   5 | forget_auc=0.9274 forget_acc=0.857 retain_auc=0.8246
    step  10 | forget_auc=0.9188 forget_acc=0.857 retain_auc=0.8254
    step  15 | forget_auc=0.9103 forget_acc=0.771 retain_auc=0.8262
    step  20 | forget_auc=0.8974 forget_acc=0.714 retain_auc=0.8261
    step  25 | forget_auc=0.8846 forget_acc=0.686 retain_auc=0.8248
    step  30 | forget_auc=0.8590 forget_acc=0.600 retain_auc=0.8219
    step  35 | forget_auc=0.8077 forget_acc=0.514 retain_auc=0.8153
    step  40 | forget_auc=0.7906 forget_acc=0.457 retain_auc=0.8040
    step  45 | forget_auc=0.7051 forget_acc=0.400 retain_auc=0.7870
    step  50 | forget_auc=0.6496 forget_acc=0.257 retain_auc=0.7609
    step  55 | forget_auc=0.5855 forget_acc=0.257 retain_auc=0.7274
    step  60 | forget_auc=0.4915 forget_acc=0.257 retain_auc=0.6834
    [ForgetAdapter] Retain AUC below 0.72 — stopping early
  [ForgetAdapter] Done in 5.0s
  [RetainAdapter] LoRA params: 27,908 / 373,125 (7.48%)
  [RetainAdapter] Phase2 end forget_auc=0.5855 → ceiling=0.6655  (max_forget_recovery=0.08)
    [RetainAdapter] forget_auc=0.6923 exceeded ceiling 0.6655 — stopping early
  [RetainAdapter] Done in 0.6s | best val AUC=-1.0000
    forget_acc=0.2571 retain_auc=0.7274 test_auc=0.7551 kl=0.3324 js=0.0912 time=5.7s

  LoRA rank=4 forget_frac=10%
[Data] german | train=700 val=150 test=150
[Data] forget=70 (random) | retain=630
  [ForgetAdapter] LoRA params: 4,096 / 312,449 (1.31%)
    step   1 | forget_auc=0.8590 forget_acc=0.829 retain_auc=0.8250
    step   5 | forget_auc=0.8524 forget_acc=0.814 retain_auc=0.8256
    step  10 | forget_auc=0.8424 forget_acc=0.814 retain_auc=0.8261
    step  15 | forget_auc=0.8313 forget_acc=0.800 retain_auc=0.8267
    step  20 | forget_auc=0.8213 forget_acc=0.786 retain_auc=0.8270
    step  25 | forget_auc=0.8069 forget_acc=0.743 retain_auc=0.8266
    step  30 | forget_auc=0.7769 forget_acc=0.714 retain_auc=0.8236
    step  35 | forget_auc=0.7492 forget_acc=0.643 retain_auc=0.8193
    step  40 | forget_auc=0.7281 forget_acc=0.529 retain_auc=0.8129
    step  45 | forget_auc=0.7114 forget_acc=0.514 retain_auc=0.8036
    step  50 | forget_auc=0.6681 forget_acc=0.386 retain_auc=0.7915
    step  55 | forget_auc=0.6349 forget_acc=0.314 retain_auc=0.7782
    step  60 | forget_auc=0.6038 forget_acc=0.257 retain_auc=0.7601
    step  65 | forget_auc=0.5594 forget_acc=0.243 retain_auc=0.7372
    step  70 | forget_auc=0.5183 forget_acc=0.229 retain_auc=0.7038
    [ForgetAdapter] Retain AUC below 0.72 — stopping early
  [ForgetAdapter] Done in 5.7s
  [RetainAdapter] LoRA params: 27,908 / 373,125 (7.48%)
  [RetainAdapter] Phase2 end forget_auc=0.5594 → ceiling=0.6394  (max_forget_recovery=0.08)
    epoch   5 | kl_loss=0.3378 val_auc=0.8107 forget_auc=0.6093 forgetting_score=0.6022
    [RetainAdapter] forget_auc=0.6482 exceeded ceiling 0.6394 — stopping early
  [RetainAdapter] Done in 6.2s | best val AUC=0.8141
    forget_acc=0.7571 retain_auc=0.7803 test_auc=0.7672 kl=0.2040 js=0.0582 time=12.1s

  LoRA rank=4 forget_frac=20%
[Data] german | train=700 val=150 test=150
[Data] forget=140 (random) | retain=560
  [ForgetAdapter] LoRA params: 4,096 / 312,449 (1.31%)
    step   1 | forget_auc=0.8771 forget_acc=0.821 retain_auc=0.8168
    step   5 | forget_auc=0.8732 forget_acc=0.814 retain_auc=0.8177
    step  10 | forget_auc=0.8695 forget_acc=0.814 retain_auc=0.8183
    step  15 | forget_auc=0.8649 forget_acc=0.800 retain_auc=0.8197
    step  20 | forget_auc=0.8581 forget_acc=0.807 retain_auc=0.8201
    step  25 | forget_auc=0.8516 forget_acc=0.807 retain_auc=0.8209
    step  30 | forget_auc=0.8438 forget_acc=0.800 retain_auc=0.8216
    step  35 | forget_auc=0.8355 forget_acc=0.779 retain_auc=0.8214
    step  40 | forget_auc=0.8234 forget_acc=0.779 retain_auc=0.8200
    step  45 | forget_auc=0.8081 forget_acc=0.771 retain_auc=0.8174
    step  50 | forget_auc=0.7920 forget_acc=0.743 retain_auc=0.8137
    step  55 | forget_auc=0.7692 forget_acc=0.736 retain_auc=0.8074
    step  60 | forget_auc=0.7393 forget_acc=0.714 retain_auc=0.7999
    step  65 | forget_auc=0.6980 forget_acc=0.714 retain_auc=0.7899
    step  70 | forget_auc=0.6334 forget_acc=0.714 retain_auc=0.7810
    step  75 | forget_auc=0.5940 forget_acc=0.714 retain_auc=0.7646
    step  80 | forget_auc=0.5780 forget_acc=0.714 retain_auc=0.7527
    step  85 | forget_auc=0.5661 forget_acc=0.714 retain_auc=0.7413
    step  90 | forget_auc=0.5544 forget_acc=0.714 retain_auc=0.7337
    step  95 | forget_auc=0.5437 forget_acc=0.714 retain_auc=0.7349
    step 100 | forget_auc=0.5304 forget_acc=0.714 retain_auc=0.7320
  [ForgetAdapter] Done in 10.1s
  [RetainAdapter] LoRA params: 27,908 / 373,125 (7.48%)
  [RetainAdapter] Phase2 end forget_auc=0.5304 → ceiling=0.6104  (max_forget_recovery=0.08)
    [RetainAdapter] forget_auc=0.6441 exceeded ceiling 0.6104 — stopping early
  [RetainAdapter] Done in 1.2s | best val AUC=0.7596
    forget_acc=0.6071 retain_auc=0.7569 test_auc=0.7073 kl=0.0930 js=0.0232 time=11.5s

  LoRA rank=8 forget_frac=5%
[Data] german | train=700 val=150 test=150
[Data] forget=35 (random) | retain=665
  [ForgetAdapter] LoRA params: 8,192 / 316,545 (2.59%)
    step   1 | forget_auc=0.9274 forget_acc=0.886 retain_auc=0.8237
    step   5 | forget_auc=0.9274 forget_acc=0.857 retain_auc=0.8247
    step  10 | forget_auc=0.9231 forget_acc=0.829 retain_auc=0.8252
    step  15 | forget_auc=0.9103 forget_acc=0.800 retain_auc=0.8259
    step  20 | forget_auc=0.8889 forget_acc=0.743 retain_auc=0.8260
    step  25 | forget_auc=0.8761 forget_acc=0.686 retain_auc=0.8254
    step  30 | forget_auc=0.8590 forget_acc=0.600 retain_auc=0.8228
    step  35 | forget_auc=0.8504 forget_acc=0.571 retain_auc=0.8183
    step  40 | forget_auc=0.8162 forget_acc=0.429 retain_auc=0.8101
    step  45 | forget_auc=0.7692 forget_acc=0.314 retain_auc=0.7969
    step  50 | forget_auc=0.7350 forget_acc=0.257 retain_auc=0.7794
    step  55 | forget_auc=0.6667 forget_acc=0.257 retain_auc=0.7575
    step  60 | forget_auc=0.6068 forget_acc=0.257 retain_auc=0.7319
    step  65 | forget_auc=0.5256 forget_acc=0.257 retain_auc=0.7015
    [ForgetAdapter] Retain AUC below 0.72 — stopping early
  [ForgetAdapter] Done in 6.0s
  [RetainAdapter] LoRA params: 55,816 / 405,129 (13.78%)
  [RetainAdapter] Phase2 end forget_auc=0.6068 → ceiling=0.6868  (max_forget_recovery=0.08)
    [RetainAdapter] forget_auc=0.6923 exceeded ceiling 0.6868 — stopping early
  [RetainAdapter] Done in 1.3s | best val AUC=0.7755
    forget_acc=0.4000 retain_auc=0.7777 test_auc=0.7839 kl=0.2064 js=0.0586 time=7.4s

  LoRA rank=8 forget_frac=10%
[Data] german | train=700 val=150 test=150
[Data] forget=70 (random) | retain=630
  [ForgetAdapter] LoRA params: 8,192 / 316,545 (2.59%)
    step   1 | forget_auc=0.8590 forget_acc=0.814 retain_auc=0.8248
    step   5 | forget_auc=0.8546 forget_acc=0.800 retain_auc=0.8247
    step  10 | forget_auc=0.8435 forget_acc=0.800 retain_auc=0.8246
    step  15 | forget_auc=0.8368 forget_acc=0.800 retain_auc=0.8250
    step  20 | forget_auc=0.8280 forget_acc=0.800 retain_auc=0.8251
    step  25 | forget_auc=0.8091 forget_acc=0.786 retain_auc=0.8241
    step  30 | forget_auc=0.7869 forget_acc=0.786 retain_auc=0.8218
    step  35 | forget_auc=0.7547 forget_acc=0.786 retain_auc=0.8183
    step  40 | forget_auc=0.7148 forget_acc=0.757 retain_auc=0.8107
    step  45 | forget_auc=0.6548 forget_acc=0.757 retain_auc=0.7979
    step  50 | forget_auc=0.5827 forget_acc=0.743 retain_auc=0.7781
    step  55 | forget_auc=0.5205 forget_acc=0.714 retain_auc=0.7583
    step  60 | forget_auc=0.4872 forget_acc=0.671 retain_auc=0.7457
    step  65 | forget_auc=0.4761 forget_acc=0.657 retain_auc=0.7401
    step  70 | forget_auc=0.4562 forget_acc=0.629 retain_auc=0.7360
    step  75 | forget_auc=0.4428 forget_acc=0.600 retain_auc=0.7311
    step  80 | forget_auc=0.4351 forget_acc=0.571 retain_auc=0.7267
    step  85 | forget_auc=0.4195 forget_acc=0.543 retain_auc=0.7217
    step  90 | forget_auc=0.4007 forget_acc=0.514 retain_auc=0.7155
    [ForgetAdapter] Retain AUC below 0.72 — stopping early
  [ForgetAdapter] Done in 8.2s
  [RetainAdapter] LoRA params: 55,816 / 405,129 (13.78%)
  [RetainAdapter] Phase2 end forget_auc=0.4195 → ceiling=0.4995  (max_forget_recovery=0.08)
    [RetainAdapter] forget_auc=0.5039 exceeded ceiling 0.4995 — stopping early
  [RetainAdapter] Done in 0.6s | best val AUC=-1.0000
    forget_acc=0.5429 retain_auc=0.7217 test_auc=0.6808 kl=0.1436 js=0.0324 time=8.9s

  LoRA rank=8 forget_frac=20%
[Data] german | train=700 val=150 test=150
[Data] forget=140 (random) | retain=560
  [ForgetAdapter] LoRA params: 8,192 / 316,545 (2.59%)
    step   1 | forget_auc=0.8771 forget_acc=0.821 retain_auc=0.8166
    step   5 | forget_auc=0.8746 forget_acc=0.814 retain_auc=0.8172
    step  10 | forget_auc=0.8693 forget_acc=0.807 retain_auc=0.8174
    step  15 | forget_auc=0.8659 forget_acc=0.814 retain_auc=0.8170
    step  20 | forget_auc=0.8608 forget_acc=0.814 retain_auc=0.8172
    step  25 | forget_auc=0.8554 forget_acc=0.814 retain_auc=0.8170
    step  30 | forget_auc=0.8477 forget_acc=0.807 retain_auc=0.8168
    step  35 | forget_auc=0.8399 forget_acc=0.807 retain_auc=0.8161
    step  40 | forget_auc=0.8285 forget_acc=0.786 retain_auc=0.8144
    step  45 | forget_auc=0.8168 forget_acc=0.793 retain_auc=0.8118
    step  50 | forget_auc=0.8020 forget_acc=0.764 retain_auc=0.8060
    step  55 | forget_auc=0.7799 forget_acc=0.757 retain_auc=0.7998
    step  60 | forget_auc=0.7478 forget_acc=0.736 retain_auc=0.7907
    step  65 | forget_auc=0.6910 forget_acc=0.714 retain_auc=0.7773
    step  70 | forget_auc=0.6246 forget_acc=0.721 retain_auc=0.7556
    step  75 | forget_auc=0.5877 forget_acc=0.721 retain_auc=0.7268
    step  80 | forget_auc=0.5515 forget_acc=0.714 retain_auc=0.7042
    [ForgetAdapter] Retain AUC below 0.72 — stopping early
  [ForgetAdapter] Done in 7.8s
  [RetainAdapter] LoRA params: 55,816 / 405,129 (13.78%)
  [RetainAdapter] Phase2 end forget_auc=0.5877 → ceiling=0.6677  (max_forget_recovery=0.08)
    [RetainAdapter] forget_auc=0.6968 exceeded ceiling 0.6677 — stopping early
  [RetainAdapter] Done in 0.6s | best val AUC=-1.0000
    forget_acc=0.7214 retain_auc=0.7268 test_auc=0.5547 kl=0.2270 js=0.0404 time=8.5s

  LoRA rank=16 forget_frac=5%
[Data] german | train=700 val=150 test=150
[Data] forget=35 (random) | retain=665
  [ForgetAdapter] LoRA params: 16,384 / 324,737 (5.05%)
    step   1 | forget_auc=0.9274 forget_acc=0.886 retain_auc=0.8236
    step   5 | forget_auc=0.9274 forget_acc=0.857 retain_auc=0.8246
    step  10 | forget_auc=0.9231 forget_acc=0.829 retain_auc=0.8251
    step  15 | forget_auc=0.9145 forget_acc=0.771 retain_auc=0.8258
    step  20 | forget_auc=0.9017 forget_acc=0.714 retain_auc=0.8256
    step  25 | forget_auc=0.8846 forget_acc=0.714 retain_auc=0.8246
    step  30 | forget_auc=0.8846 forget_acc=0.600 retain_auc=0.8221
    step  35 | forget_auc=0.8547 forget_acc=0.543 retain_auc=0.8169
    step  40 | forget_auc=0.8077 forget_acc=0.429 retain_auc=0.8091
    step  45 | forget_auc=0.7821 forget_acc=0.371 retain_auc=0.7959
    step  50 | forget_auc=0.7479 forget_acc=0.257 retain_auc=0.7761
    step  55 | forget_auc=0.6880 forget_acc=0.257 retain_auc=0.7515
    step  60 | forget_auc=0.6410 forget_acc=0.257 retain_auc=0.7241
    step  65 | forget_auc=0.5769 forget_acc=0.257 retain_auc=0.6904
    [ForgetAdapter] Retain AUC below 0.72 — stopping early
  [ForgetAdapter] Done in 6.0s
  [RetainAdapter] LoRA params: 111,632 / 469,137 (23.80%)
  [RetainAdapter] Phase2 end forget_auc=0.6410 → ceiling=0.7210  (max_forget_recovery=0.08)
    [RetainAdapter] forget_auc=0.7436 exceeded ceiling 0.7210 — stopping early
  [RetainAdapter] Done in 0.9s | best val AUC=-1.0000
    forget_acc=0.2571 retain_auc=0.7241 test_auc=0.7784 kl=0.3553 js=0.0969 time=7.1s

  LoRA rank=16 forget_frac=10%
[Data] german | train=700 val=150 test=150
[Data] forget=70 (random) | retain=630
  [ForgetAdapter] LoRA params: 16,384 / 324,737 (5.05%)
    step   1 | forget_auc=0.8590 forget_acc=0.829 retain_auc=0.8249
    step   5 | forget_auc=0.8524 forget_acc=0.814 retain_auc=0.8253
    step  10 | forget_auc=0.8446 forget_acc=0.814 retain_auc=0.8256
    step  15 | forget_auc=0.8368 forget_acc=0.800 retain_auc=0.8263
    step  20 | forget_auc=0.8235 forget_acc=0.800 retain_auc=0.8272
    step  25 | forget_auc=0.8091 forget_acc=0.771 retain_auc=0.8279
    step  30 | forget_auc=0.7936 forget_acc=0.743 retain_auc=0.8282
    step  35 | forget_auc=0.7636 forget_acc=0.743 retain_auc=0.8268
    step  40 | forget_auc=0.7347 forget_acc=0.729 retain_auc=0.8234
    step  45 | forget_auc=0.6937 forget_acc=0.671 retain_auc=0.8177
    step  50 | forget_auc=0.6537 forget_acc=0.657 retain_auc=0.8087
    step  55 | forget_auc=0.6071 forget_acc=0.586 retain_auc=0.7951
    step  60 | forget_auc=0.5405 forget_acc=0.557 retain_auc=0.7741
    step  65 | forget_auc=0.4706 forget_acc=0.500 retain_auc=0.7446
    step  70 | forget_auc=0.4284 forget_acc=0.443 retain_auc=0.7170
    [ForgetAdapter] Retain AUC below 0.72 — stopping early
  [ForgetAdapter] Done in 5.2s
  [RetainAdapter] LoRA params: 111,632 / 469,137 (23.80%)
  [RetainAdapter] Phase2 end forget_auc=0.4706 → ceiling=0.5506  (max_forget_recovery=0.08)
    [RetainAdapter] forget_auc=0.5538 exceeded ceiling 0.5506 — stopping early
  [RetainAdapter] Done in 1.6s | best val AUC=0.7573
    forget_acc=0.4000 retain_auc=0.7683 test_auc=0.7663 kl=0.2234 js=0.0627 time=7.2s

  LoRA rank=16 forget_frac=20%
[Data] german | train=700 val=150 test=150
[Data] forget=140 (random) | retain=560
  [ForgetAdapter] LoRA params: 16,384 / 324,737 (5.05%)
    step   1 | forget_auc=0.8768 forget_acc=0.814 retain_auc=0.8164
    step   5 | forget_auc=0.8741 forget_acc=0.807 retain_auc=0.8163
    step  10 | forget_auc=0.8705 forget_acc=0.814 retain_auc=0.8165
    step  15 | forget_auc=0.8669 forget_acc=0.814 retain_auc=0.8160
    step  20 | forget_auc=0.8630 forget_acc=0.807 retain_auc=0.8154
    step  25 | forget_auc=0.8571 forget_acc=0.807 retain_auc=0.8155
    step  30 | forget_auc=0.8503 forget_acc=0.800 retain_auc=0.8154
    step  35 | forget_auc=0.8435 forget_acc=0.793 retain_auc=0.8145
    step  40 | forget_auc=0.8377 forget_acc=0.786 retain_auc=0.8138
    step  45 | forget_auc=0.8316 forget_acc=0.786 retain_auc=0.8120
    step  50 | forget_auc=0.8214 forget_acc=0.764 retain_auc=0.8093
    step  55 | forget_auc=0.8071 forget_acc=0.750 retain_auc=0.8044
    step  60 | forget_auc=0.7884 forget_acc=0.743 retain_auc=0.7977/storage/dd25007/conda_envs/lora_mu/lib/python3.11/site-packages/sklearn/metrics/_ranking.py:442: UndefinedMetricWarning: Only one class is present in y_true. ROC AUC score is not defined in that case.
  warnings.warn(

    step  65 | forget_auc=0.7459 forget_acc=0.743 retain_auc=0.7873
    step  70 | forget_auc=0.6713 forget_acc=0.714 retain_auc=0.7727
    step  75 | forget_auc=0.6125 forget_acc=0.714 retain_auc=0.7469
    step  80 | forget_auc=0.5661 forget_acc=0.714 retain_auc=0.7139
    [ForgetAdapter] Retain AUC below 0.72 — stopping early
  [ForgetAdapter] Done in 7.6s
  [RetainAdapter] LoRA params: 111,632 / 469,137 (23.80%)
  [RetainAdapter] Phase2 end forget_auc=0.6125 → ceiling=0.6925  (max_forget_recovery=0.08)
    [RetainAdapter] forget_auc=0.7369 exceeded ceiling 0.6925 — stopping early
  [RetainAdapter] Done in 0.7s | best val AUC=-1.0000
    forget_acc=0.7143 retain_auc=0.7469 test_auc=0.5895 kl=0.2061 js=0.0369 time=8.4s

Step 5: Ablation study
  5a. Phase 2 only (no retain adapter)
    forget_acc=0.5143 retain_auc=0.7870 test_auc=0.7504 kl=0.0940 js=0.0261 time=0.0s
  5b. Phase 3 only (no forget adapter)
    forget_acc=0.8286 retain_auc=0.8243 test_auc=0.7520 kl=0.0007 js=0.0002 time=0.0s
  5c. Full LoRA method
    forget_acc=0.7571 retain_auc=0.7777 test_auc=0.7721 kl=0.2073 js=0.0591 time=0.0s

Step 6: MIA attack experiment
  Running LoRA unlearn for MIA evaluation...

── MIA Suite ──────────────────────────────────────
  [MIA-Loss] forget_loss_mean=0.6648 retain_loss_mean=0.6680 attack_acc=0.7000 attack_auc=0.5172 (goal≈0.5)
  [LiRA] forget_score_mean=0.0430 retain_score_mean=0.2298
  [LiRA] attack_auc=0.5195 attack_acc=0.7514 (goal≈0.5 for both)
  [RelearningMIA] forget_auc: 0.6959 → 0.7236 over 20 steps (gain=+0.0277)
  [RelearningMIA] Small gain (<0.1) → certified. Large gain (>0.2) → superficial forgetting.
  [MIA] Training 4 shadow models (calibrated (D_retain only))...
    Shadow model 1/4 done (mia_score=0.0000)
    Shadow model 2/4 done (mia_score=0.0000)
    Shadow model 3/4 done (mia_score=0.0000)
    Shadow model 4/4 done (mia_score=0.0000)
  [MIA] forget_set MIA accuracy=0.0000 (goal≈0.5) | retain_set MIA=0.0000 | MIA AUC=nan
  [MIA-CI] Per-shadow scores: ['0.000', '0.000', '0.000', '0.000']
  [MIA-CI] Mean=0.0000 ± Std=0.0000  <- High std with n_forget=70 means shadow MIA is unreliable.
           Recommend reporting LiRA AUC instead as primary metric.

── MIA Summary ────────────────────────────────────
  Loss MIA AUC    = 0.5172  (primary, goal≈0.5)
  LiRA AUC        = 0.5195  (primary if ref model available, goal≈0.5)
  Relearn gain    = +0.0277  (✓ certified)
  Shadow MIA      = 0.0000 ± 0.0000  (CI shows reliability)
───────────────────────────────────────────────────
  MIA on base model (upper bound)...
  [MIA-Loss] forget_loss_mean=0.3952 retain_loss_mean=0.4618 attack_acc=0.5857 attack_auc=0.5390 (goal≈0.5)

  Results saved to results/results_german_tabddpm.json

================================================================================
RESULTS SUMMARY — german / tabddpm
================================================================================
Method                     ForgetAUC  ForgetAcc  RetainAUC    TestAUC       KL   Time(s)
--------------------------------------------------------------------------------
Base Model                    0.8590     0.8286        N/A     0.7467      N/A       N/A
full_retrain                  0.6459     0.7429     0.8590     0.7645   0.0420      12.9
gradient_ascent               0.3618     0.2429     0.4604     0.5270   0.6144       2.6
finetune_retain               0.8602     0.8286     0.8262     0.7475   0.0001       2.3
sisa                          0.6759     0.7571     0.7440     0.7134   0.1063       5.6
influence_fn                  0.7214     0.7571     0.6511     0.6691   0.7573       0.0
random_labels                 0.8513     0.7714     0.8271     0.7598   0.0721       2.6
LoRA-r4_f5pct                 0.5855     0.2571     0.7274     0.7551   0.3324       5.7
LoRA-r4_f10pct                0.6238     0.7571     0.7803     0.7672   0.2040      12.1
LoRA-r4_f20pct                0.5816     0.6071     0.7569     0.7073   0.0930      11.5
LoRA-r8_f5pct                 0.6752     0.4000     0.7777     0.7839   0.2064       7.4
LoRA-r8_f10pct                0.4195     0.5429     0.7217     0.6808   0.1436       8.9
LoRA-r8_f20pct                0.5877     0.7214     0.7268     0.5547   0.2270       8.5
LoRA-r16_f5pct                0.6410     0.2571     0.7241     0.7784   0.3553       7.1
LoRA-r16_f10pct               0.5228     0.4000     0.7683     0.7663   0.2234       7.2
LoRA-r16_f20pct               0.6125     0.7143     0.7469     0.5895   0.2061       8.4
================================================================================

MIA Results (goal: ≈0.5)
  lora_loss_mia: MIA score = 0.7000
  lora_shadow_mia: MIA score = 0.0000
  base_loss_mia: MIA score = 0.5857
  lora_lira: AUC = 0.5195  acc = 0.7514  (primary metric)
  lora_relearning: gain = +0.0277  ✓ certified
  lora_shadow_mia: 0.0000 ± 0.0000  (high std = unreliable on small D_f)

Done.
