/storage/dd25007/conda_envs/lora_mu/lib/python3.11/site-packages/scipy/spatial/distance.py:1290: RuntimeWarning: invalid value encountered in sqrt
  return np.sqrt(js / 2.0)
/storage/dd25007/conda_envs/lora_mu/lib/python3.11/site-packages/scipy/spatial/distance.py:1290: RuntimeWarning: invalid value encountered in sqrt
  return np.sqrt(js / 2.0)
/storage/dd25007/conda_envs/lora_mu/lib/python3.11/site-packages/scipy/spatial/distance.py:1290: RuntimeWarning: invalid value encountered in sqrt
  return np.sqrt(js / 2.0)
/storage/dd25007/conda_envs/lora_mu/lib/python3.11/site-packages/scipy/spatial/distance.py:1290: RuntimeWarning: invalid value encountered in sqrt
  return np.sqrt(js / 2.0)

============================================================
LoRA-Credit-Unlearn Pipeline
  dataset=gmsc | arch=ft_transformer | device=cuda
============================================================

Step 1: Data preparation
[Data] gmsc | train=78597 val=16842 test=16843
[Data] forget=7859 (random) | retain=70738

Step 2: Train base model M
  Loading cached checkpoint from checkpoints/base_gmsc_ft_transformer.pt
  Base model | test_auc=0.8358 | forget_auc=0.8552 | forget_acc=0.9396
  [Config] Auto-tuned for forget_set=7859: fa_steps 100→183, fa_lr 5e-04→2e-03, lambda_retain 0.5→0.2, ra_epochs 25→40

Step 3: Baselines

  3a. Full Retrain
  [Baseline] Full Retrain on D_r...
    Elapsed: 265.0s
    forget_acc=0.9394 retain_auc=0.8463 test_auc=0.8340 kl=0.0039 js=0.0009 time=265.0s

  3b. Naïve Gradient Ascent
  [Baseline] Naïve Gradient Ascent...
    GA: retain AUC collapsed to 0.497 — stopping
    forget_acc=0.0707 retain_auc=0.4966 test_auc=0.5020 kl=3.2721 js=0.5323 time=109.7s

  3c. Fine-tune on D_r
  [Baseline] Fine-tune on D_r...
    forget_acc=0.9398 retain_auc=0.8504 test_auc=0.8359 kl=0.0008 js=0.0002 time=46.7s

  3d. SISA
  [Baseline] SISA with 4 shards...
    Affected shards: [0, 1, 2, 3] (out of 4)
    SISA elapsed: 113.2s
    forget_acc=0.9399 retain_auc=0.8459 test_auc=0.8333 kl=0.0025 js=0.0006 time=113.2s

  3e. Influence Functions
  [Baseline] Influence Functions (Newton-step approx)...
    Influence fn elapsed: 0.8s
    forget_acc=0.9396 retain_auc=0.8501 test_auc=0.8358 kl=0.0000 js=0.0000 time=0.8s

Step 4: LoRA-Credit-Unlearn method

  LoRA rank=4 forget_frac=5%
[Data] gmsc | train=78597 val=16842 test=16843
[Data] forget=3929 (random) | retain=74668
  [ForgetAdapter] LoRA params: 3,072 / 204,481 (1.50%)
    step   1 | forget_auc=0.8711 forget_acc=0.940 retain_auc=0.8496
    step   5 | forget_auc=0.8709 forget_acc=0.940 retain_auc=0.8496
    step  10 | forget_auc=0.8708 forget_acc=0.940 retain_auc=0.8496
    step  15 | forget_auc=0.8707 forget_acc=0.940 retain_auc=0.8496
    step  20 | forget_auc=0.8704 forget_acc=0.939 retain_auc=0.8496
    step  25 | forget_auc=0.8701 forget_acc=0.938 retain_auc=0.8496
    step  30 | forget_auc=0.8695 forget_acc=0.938 retain_auc=0.8495
    step  35 | forget_auc=0.8685 forget_acc=0.937 retain_auc=0.8493
    step  40 | forget_auc=0.8673 forget_acc=0.933 retain_auc=0.8490
    step  45 | forget_auc=0.8653 forget_acc=0.930 retain_auc=0.8485
    step  50 | forget_auc=0.8610 forget_acc=0.926 retain_auc=0.8472
    step  55 | forget_auc=0.8534 forget_acc=0.924 retain_auc=0.8445
    step  60 | forget_auc=0.8375 forget_acc=0.900 retain_auc=0.8338
    step  65 | forget_auc=0.7098 forget_acc=0.657 retain_auc=0.7207
    step  70 | forget_auc=0.3032 forget_acc=0.061 retain_auc=0.3342
    [ForgetAdapter] Retain AUC below 0.72 — stopping early
  [ForgetAdapter] Done in 72.1s
  [RetainAdapter] LoRA params: 3,072 / 232,129 (1.32%)
  [RetainAdapter] Phase2 end forget_auc=0.7098 → ceiling=0.7898  (max_forget_recovery=0.08)
    [RetainAdapter] forget_auc=0.8491 exceeded ceiling 0.7898 — stopping early
  [RetainAdapter] Done in 28.3s | best val AUC=-1.0000
    forget_acc=0.6572 retain_auc=0.7207 test_auc=0.7181 kl=0.5418 js=0.1331 time=100.7s

  LoRA rank=4 forget_frac=10%
[Data] gmsc | train=78597 val=16842 test=16843
[Data] forget=7859 (random) | retain=70738
  [ForgetAdapter] LoRA params: 3,072 / 204,481 (1.50%)
    step   1 | forget_auc=0.8553 forget_acc=0.940 retain_auc=0.8501
    step   5 | forget_auc=0.8552 forget_acc=0.939 retain_auc=0.8501
    step  10 | forget_auc=0.8551 forget_acc=0.940 retain_auc=0.8501
    step  15 | forget_auc=0.8550 forget_acc=0.940 retain_auc=0.8501
    step  20 | forget_auc=0.8549 forget_acc=0.940 retain_auc=0.8501
    step  25 | forget_auc=0.8548 forget_acc=0.939 retain_auc=0.8501
    step  30 | forget_auc=0.8547 forget_acc=0.939 retain_auc=0.8501
    step  35 | forget_auc=0.8545 forget_acc=0.940 retain_auc=0.8501
    step  40 | forget_auc=0.8544 forget_acc=0.939 retain_auc=0.8501
    step  45 | forget_auc=0.8542 forget_acc=0.939 retain_auc=0.8501
    step  50 | forget_auc=0.8541 forget_acc=0.938 retain_auc=0.8500
    step  55 | forget_auc=0.8539 forget_acc=0.937 retain_auc=0.8500
    step  60 | forget_auc=0.8536 forget_acc=0.937 retain_auc=0.8499
    step  65 | forget_auc=0.8532 forget_acc=0.936 retain_auc=0.8498
    step  70 | forget_auc=0.8528 forget_acc=0.934 retain_auc=0.8497
    step  75 | forget_auc=0.8522 forget_acc=0.931 retain_auc=0.8496
    step  80 | forget_auc=0.8513 forget_acc=0.927 retain_auc=0.8493
    step  85 | forget_auc=0.8500 forget_acc=0.924 retain_auc=0.8488
    step  90 | forget_auc=0.8484 forget_acc=0.919 retain_auc=0.8481
    step  95 | forget_auc=0.8439 forget_acc=0.895 retain_auc=0.8429
    step 100 | forget_auc=0.8272 forget_acc=0.824 retain_auc=0.8255
    step 105 | forget_auc=0.7973 forget_acc=0.566 retain_auc=0.7928
    step 110 | forget_auc=0.6617 forget_acc=0.181 retain_auc=0.6521
    [ForgetAdapter] Retain AUC below 0.72 — stopping early
  [ForgetAdapter] Done in 109.0s
  [RetainAdapter] LoRA params: 3,072 / 232,129 (1.32%)
  [RetainAdapter] Phase2 end forget_auc=0.7973 → ceiling=0.8773  (max_forget_recovery=0.08)
    epoch   5 | kl_loss=0.9531 val_auc=0.8368 forget_auc=0.8454 forgetting_score=0.4722
    epoch  10 | kl_loss=0.9520 val_auc=0.8308 forget_auc=0.8455 forgetting_score=0.4696
    epoch  15 | kl_loss=0.9518 val_auc=0.8311 forget_auc=0.8439 forgetting_score=0.4667
    epoch  20 | kl_loss=0.9514 val_auc=0.8304 forget_auc=0.8469 forgetting_score=0.4663
    epoch  25 | kl_loss=0.9510 val_auc=0.8282 forget_auc=0.8474 forgetting_score=0.4662
    epoch  30 | kl_loss=0.9508 val_auc=0.8289 forget_auc=0.8487 forgetting_score=0.4656
    epoch  35 | kl_loss=0.9508 val_auc=0.8295 forget_auc=0.8488 forgetting_score=0.4657
    epoch  40 | kl_loss=0.9507 val_auc=0.8289 forget_auc=0.8486 forgetting_score=0.4655
  [RetainAdapter] Done in 894.4s | best val AUC=0.8374
    forget_acc=0.9389 retain_auc=0.8445 test_auc=0.8332 kl=0.4174 js=0.1258 time=1003.7s

  LoRA rank=4 forget_frac=20%
[Data] gmsc | train=78597 val=16842 test=16843
[Data] forget=15719 (random) | retain=62878
  [ForgetAdapter] LoRA params: 3,072 / 204,481 (1.50%)
    step   1 | forget_auc=0.8560 forget_acc=0.938 retain_auc=0.8492
    step   5 | forget_auc=0.8560 forget_acc=0.938 retain_auc=0.8492
    step  10 | forget_auc=0.8560 forget_acc=0.938 retain_auc=0.8492
    step  15 | forget_auc=0.8559 forget_acc=0.938 retain_auc=0.8491
    step  20 | forget_auc=0.8559 forget_acc=0.938 retain_auc=0.8491
    step  25 | forget_auc=0.8558 forget_acc=0.938 retain_auc=0.8490
    step  30 | forget_auc=0.8557 forget_acc=0.938 retain_auc=0.8490
    step  35 | forget_auc=0.8555 forget_acc=0.937 retain_auc=0.8489
    step  40 | forget_auc=0.8553 forget_acc=0.935 retain_auc=0.8489
    step  45 | forget_auc=0.8550 forget_acc=0.932 retain_auc=0.8488
    step  50 | forget_auc=0.8545 forget_acc=0.928 retain_auc=0.8486
    step  55 | forget_auc=0.8541 forget_acc=0.923 retain_auc=0.8485
    step  60 | forget_auc=0.8530 forget_acc=0.913 retain_auc=0.8478
    step  65 | forget_auc=0.8501 forget_acc=0.884 retain_auc=0.8454
    step  70 | forget_auc=0.8295 forget_acc=0.798 retain_auc=0.8233
    step  75 | forget_auc=0.7790 forget_acc=0.640 retain_auc=0.7728
    step  80 | forget_auc=0.6992 forget_acc=0.384 retain_auc=0.6933
    [ForgetAdapter] Retain AUC below 0.72 — stopping early
  [ForgetAdapter] Done in 77.4s
  [RetainAdapter] LoRA params: 3,072 / 232,129 (1.32%)
  [RetainAdapter] Phase2 end forget_auc=0.7790 → ceiling=0.8590  (max_forget_recovery=0.08)
    epoch   5 | kl_loss=0.9538 val_auc=0.8319 forget_auc=0.8419 forgetting_score=0.4678
    epoch  10 | kl_loss=0.9470 val_auc=0.8114 forget_auc=0.8174 forgetting_score=0.4580
    epoch  15 | kl_loss=0.9530 val_auc=0.8264 forget_auc=0.8443 forgetting_score=0.4680
    epoch  20 | kl_loss=0.9525 val_auc=0.8327 forget_auc=0.8463 forgetting_score=0.4689
    epoch  25 | kl_loss=0.9526 val_auc=0.8314 forget_auc=0.8483 forgetting_score=0.4679
    epoch  30 | kl_loss=0.9521 val_auc=0.8310 forget_auc=0.8478 forgetting_score=0.4682
    epoch  35 | kl_loss=0.9524 val_auc=0.8306 forget_auc=0.8475 forgetting_score=0.4688/storage/dd25007/conda_envs/lora_mu/lib/python3.11/site-packages/scipy/spatial/distance.py:1290: RuntimeWarning: invalid value encountered in sqrt
  return np.sqrt(js / 2.0)

    epoch  40 | kl_loss=0.9523 val_auc=0.8310 forget_auc=0.8478 forgetting_score=0.4683
  [RetainAdapter] Done in 936.9s | best val AUC=0.8339
    forget_acc=0.9375 retain_auc=0.8412 test_auc=0.8314 kl=0.4152 js=0.1252 time=1015.4s

  LoRA rank=8 forget_frac=5%
[Data] gmsc | train=78597 val=16842 test=16843
[Data] forget=3929 (random) | retain=74668
  [ForgetAdapter] LoRA params: 6,144 / 207,553 (2.96%)
    step   1 | forget_auc=0.8710 forget_acc=0.940 retain_auc=0.8496
    step   5 | forget_auc=0.8708 forget_acc=0.941 retain_auc=0.8495
    step  10 | forget_auc=0.8702 forget_acc=0.941 retain_auc=0.8495
    step  15 | forget_auc=0.8695 forget_acc=0.939 retain_auc=0.8494
    step  20 | forget_auc=0.8688 forget_acc=0.939 retain_auc=0.8492
    step  25 | forget_auc=0.8679 forget_acc=0.938 retain_auc=0.8490
    step  30 | forget_auc=0.8665 forget_acc=0.937 retain_auc=0.8486
    step  35 | forget_auc=0.8639 forget_acc=0.935 retain_auc=0.8479
    step  40 | forget_auc=0.8594 forget_acc=0.931 retain_auc=0.8464
    step  45 | forget_auc=0.8480 forget_acc=0.928 retain_auc=0.8418
    step  50 | forget_auc=0.8038 forget_acc=0.877 retain_auc=0.8126
    step  55 | forget_auc=0.4248 forget_acc=0.077 retain_auc=0.4533
    [ForgetAdapter] Retain AUC below 0.72 — stopping early
  [ForgetAdapter] Done in 53.8s
  [RetainAdapter] LoRA params: 6,144 / 238,273 (2.58%)
  [RetainAdapter] Phase2 end forget_auc=0.8038 → ceiling=0.8838  (max_forget_recovery=0.08)
    epoch   5 | kl_loss=0.9511 val_auc=0.8290 forget_auc=0.8512 forgetting_score=0.4660
    epoch  10 | kl_loss=0.9498 val_auc=0.8259 forget_auc=0.8457 forgetting_score=0.4640
    epoch  15 | kl_loss=0.9470 val_auc=0.8190 forget_auc=0.8317 forgetting_score=0.4597
    epoch  20 | kl_loss=0.9444 val_auc=0.8034 forget_auc=0.8226 forgetting_score=0.4491
    epoch  25 | kl_loss=0.9408 val_auc=0.8046 forget_auc=0.8227 forgetting_score=0.4500
    epoch  30 | kl_loss=0.9384 val_auc=0.8050 forget_auc=0.8263 forgetting_score=0.4503
    epoch  35 | kl_loss=0.9375 val_auc=0.8022 forget_auc=0.8224 forgetting_score=0.4480
    epoch  40 | kl_loss=0.9369 val_auc=0.8029 forget_auc=0.8229 forgetting_score=0.4487
  [RetainAdapter] Done in 1110.4s | best val AUC=0.8308
    forget_acc=0.9389 retain_auc=0.8377 test_auc=0.8251 kl=0.4159 js=0.1254 time=1164.7s

  LoRA rank=8 forget_frac=10%
[Data] gmsc | train=78597 val=16842 test=16843
[Data] forget=7859 (random) | retain=70738
  [ForgetAdapter] LoRA params: 6,144 / 207,553 (2.96%)
    step   1 | forget_auc=0.8552 forget_acc=0.940 retain_auc=0.8501
    step   5 | forget_auc=0.8553 forget_acc=0.939 retain_auc=0.8501
    step  10 | forget_auc=0.8552 forget_acc=0.940 retain_auc=0.8500
    step  15 | forget_auc=0.8551 forget_acc=0.939 retain_auc=0.8500
    step  20 | forget_auc=0.8550 forget_acc=0.939 retain_auc=0.8500
    step  25 | forget_auc=0.8549 forget_acc=0.939 retain_auc=0.8500
    step  30 | forget_auc=0.8548 forget_acc=0.938 retain_auc=0.8500
    step  35 | forget_auc=0.8547 forget_acc=0.937 retain_auc=0.8500
    step  40 | forget_auc=0.8546 forget_acc=0.936 retain_auc=0.8500
    step  45 | forget_auc=0.8545 forget_acc=0.935 retain_auc=0.8499
    step  50 | forget_auc=0.8544 forget_acc=0.935 retain_auc=0.8499
    step  55 | forget_auc=0.8542 forget_acc=0.932 retain_auc=0.8498
    step  60 | forget_auc=0.8540 forget_acc=0.927 retain_auc=0.8497
    step  65 | forget_auc=0.8536 forget_acc=0.923 retain_auc=0.8497
    step  70 | forget_auc=0.8529 forget_acc=0.913 retain_auc=0.8493
    step  75 | forget_auc=0.8503 forget_acc=0.877 retain_auc=0.8468
    step  80 | forget_auc=0.8174 forget_acc=0.765 retain_auc=0.8144
    step  85 | forget_auc=0.7968 forget_acc=0.613 retain_auc=0.7881
    step  90 | forget_auc=0.7702 forget_acc=0.368 retain_auc=0.7593
    step  95 | forget_auc=0.6503 forget_acc=0.061 retain_auc=0.6387
    [ForgetAdapter] Retain AUC below 0.72 — stopping early
  [ForgetAdapter] Done in 95.9s
  [RetainAdapter] LoRA params: 6,144 / 238,273 (2.58%)
  [RetainAdapter] Phase2 end forget_auc=0.7702 → ceiling=0.8502  (max_forget_recovery=0.08)
    epoch   5 | kl_loss=0.9540 val_auc=0.8373 forget_auc=0.8506 forgetting_score=0.4705
    [RetainAdapter] forget_auc=0.8506 exceeded ceiling 0.8502 — stopping early
  [RetainAdapter] Done in 128.0s | best val AUC=0.8371
    forget_acc=0.9365 retain_auc=0.8438 test_auc=0.8338 kl=0.4127 js=0.1245 time=224.9s

  LoRA rank=8 forget_frac=20%
[Data] gmsc | train=78597 val=16842 test=16843
[Data] forget=15719 (random) | retain=62878
  [ForgetAdapter] LoRA params: 6,144 / 207,553 (2.96%)
    step   1 | forget_auc=0.8559 forget_acc=0.939 retain_auc=0.8492
    step   5 | forget_auc=0.8558 forget_acc=0.939 retain_auc=0.8492
    step  10 | forget_auc=0.8555 forget_acc=0.938 retain_auc=0.8491
    step  15 | forget_auc=0.8554 forget_acc=0.938 retain_auc=0.8491
    step  20 | forget_auc=0.8552 forget_acc=0.938 retain_auc=0.8490
    step  25 | forget_auc=0.8549 forget_acc=0.938 retain_auc=0.8489
    step  30 | forget_auc=0.8543 forget_acc=0.939 retain_auc=0.8487
    step  35 | forget_auc=0.8536 forget_acc=0.938 retain_auc=0.8484
    step  40 | forget_auc=0.8517 forget_acc=0.938 retain_auc=0.8475
    step  45 | forget_auc=0.8464 forget_acc=0.937 retain_auc=0.8448
    step  50 | forget_auc=0.8243 forget_acc=0.937 retain_auc=0.8286
    step  55 | forget_auc=0.5210 forget_acc=0.931 retain_auc=0.5248
    [ForgetAdapter] Retain AUC below 0.72 — stopping early
  [ForgetAdapter] Done in 52.0s
  [RetainAdapter] LoRA params: 6,144 / 238,273 (2.58%)
  [RetainAdapter] Phase2 end forget_auc=0.8243 → ceiling=0.9043  (max_forget_recovery=0.08)
    epoch   5 | kl_loss=0.9518 val_auc=0.8254 forget_auc=0.8408 forgetting_score=0.4654
    epoch  10 | kl_loss=0.9519 val_auc=0.8333 forget_auc=0.8496 forgetting_score=0.4689
    epoch  15 | kl_loss=0.9515 val_auc=0.8329 forget_auc=0.8483 forgetting_score=0.4685
    epoch  20 | kl_loss=0.9515 val_auc=0.8335 forget_auc=0.8503 forgetting_score=0.4691
    epoch  25 | kl_loss=0.9515 val_auc=0.8346 forget_auc=0.8495 forgetting_score=0.4692
    epoch  30 | kl_loss=0.9514 val_auc=0.8344 forget_auc=0.8495 forgetting_score=0.4695
    epoch  35 | kl_loss=0.9511 val_auc=0.8341 forget_auc=0.8492 forgetting_score=0.4700
    epoch  40 | kl_loss=0.9513 val_auc=0.8339 forget_auc=0.8492 forgetting_score=0.4696
  [RetainAdapter] Done in 891.2s | best val AUC=0.8365
    forget_acc=0.9388 retain_auc=0.8410 test_auc=0.8326 kl=0.4149 js=0.1251 time=944.3s

  LoRA rank=16 forget_frac=5%
[Data] gmsc | train=78597 val=16842 test=16843
[Data] forget=3929 (random) | retain=74668
  [ForgetAdapter] LoRA params: 12,288 / 213,697 (5.75%)
    step   1 | forget_auc=0.8711 forget_acc=0.940 retain_auc=0.8496
    step   5 | forget_auc=0.8708 forget_acc=0.940 retain_auc=0.8495
    step  10 | forget_auc=0.8706 forget_acc=0.940 retain_auc=0.8495
    step  15 | forget_auc=0.8703 forget_acc=0.940 retain_auc=0.8495
    step  20 | forget_auc=0.8698 forget_acc=0.940 retain_auc=0.8495
    step  25 | forget_auc=0.8693 forget_acc=0.938 retain_auc=0.8494
    step  30 | forget_auc=0.8686 forget_acc=0.936 retain_auc=0.8493
    step  35 | forget_auc=0.8676 forget_acc=0.935 retain_auc=0.8491
    step  40 | forget_auc=0.8661 forget_acc=0.932 retain_auc=0.8486
    step  45 | forget_auc=0.8630 forget_acc=0.931 retain_auc=0.8477
    step  50 | forget_auc=0.8568 forget_acc=0.928 retain_auc=0.8455
    step  55 | forget_auc=0.8391 forget_acc=0.923 retain_auc=0.8376
    step  60 | forget_auc=0.7872 forget_acc=0.920 retain_auc=0.8049
    step  65 | forget_auc=0.6518 forget_acc=0.868 retain_auc=0.6878
    [ForgetAdapter] Retain AUC below 0.72 — stopping early
  [ForgetAdapter] Done in 57.2s
  [RetainAdapter] LoRA params: 12,288 / 250,561 (4.90%)
  [RetainAdapter] Phase2 end forget_auc=0.7872 → ceiling=0.8672  (max_forget_recovery=0.08)
    epoch   5 | kl_loss=0.9509 val_auc=0.8323 forget_auc=0.8490 forgetting_score=0.4649
    epoch  10 | kl_loss=0.9499 val_auc=0.8259 forget_auc=0.8452 forgetting_score=0.4634
    epoch  15 | kl_loss=0.9489 val_auc=0.8155 forget_auc=0.8405 forgetting_score=0.4557
    epoch  20 | kl_loss=0.9473 val_auc=0.8184 forget_auc=0.8423 forgetting_score=0.4569/storage/dd25007/conda_envs/lora_mu/lib/python3.11/site-packages/scipy/spatial/distance.py:1290: RuntimeWarning: invalid value encountered in sqrt
  return np.sqrt(js / 2.0)
/storage/dd25007/conda_envs/lora_mu/lib/python3.11/site-packages/scipy/spatial/distance.py:1290: RuntimeWarning: invalid value encountered in sqrt
  return np.sqrt(js / 2.0)
/storage/dd25007/conda_envs/lora_mu/lib/python3.11/site-packages/sklearn/metrics/_ranking.py:442: UndefinedMetricWarning: Only one class is present in y_true. ROC AUC score is not defined in that case.
  warnings.warn(

    epoch  25 | kl_loss=0.9460 val_auc=0.8088 forget_auc=0.8337 forgetting_score=0.4532
    epoch  30 | kl_loss=0.9450 val_auc=0.8130 forget_auc=0.8378 forgetting_score=0.4541
    epoch  35 | kl_loss=0.9448 val_auc=0.8113 forget_auc=0.8399 forgetting_score=0.4530
    epoch  40 | kl_loss=0.9445 val_auc=0.8102 forget_auc=0.8394 forgetting_score=0.4533
  [RetainAdapter] Done in 1004.7s | best val AUC=0.8344
    forget_acc=0.9412 retain_auc=0.8419 test_auc=0.8300 kl=0.4090 js=0.1234 time=1062.1s

  LoRA rank=16 forget_frac=10%
[Data] gmsc | train=78597 val=16842 test=16843
[Data] forget=7859 (random) | retain=70738
  [ForgetAdapter] LoRA params: 12,288 / 213,697 (5.75%)
    step   1 | forget_auc=0.8552 forget_acc=0.940 retain_auc=0.8501
    step   5 | forget_auc=0.8551 forget_acc=0.940 retain_auc=0.8501
    step  10 | forget_auc=0.8550 forget_acc=0.940 retain_auc=0.8501
    step  15 | forget_auc=0.8549 forget_acc=0.940 retain_auc=0.8501
    step  20 | forget_auc=0.8550 forget_acc=0.939 retain_auc=0.8501
    step  25 | forget_auc=0.8550 forget_acc=0.939 retain_auc=0.8501
    step  30 | forget_auc=0.8549 forget_acc=0.939 retain_auc=0.8501
    step  35 | forget_auc=0.8548 forget_acc=0.940 retain_auc=0.8501
    step  40 | forget_auc=0.8547 forget_acc=0.939 retain_auc=0.8501
    step  45 | forget_auc=0.8546 forget_acc=0.939 retain_auc=0.8501
    step  50 | forget_auc=0.8544 forget_acc=0.938 retain_auc=0.8500
    step  55 | forget_auc=0.8542 forget_acc=0.937 retain_auc=0.8500
    step  60 | forget_auc=0.8538 forget_acc=0.935 retain_auc=0.8499
    step  65 | forget_auc=0.8534 forget_acc=0.933 retain_auc=0.8498
    step  70 | forget_auc=0.8526 forget_acc=0.931 retain_auc=0.8496
    step  75 | forget_auc=0.8511 forget_acc=0.925 retain_auc=0.8490
    step  80 | forget_auc=0.8485 forget_acc=0.917 retain_auc=0.8478
    step  85 | forget_auc=0.8389 forget_acc=0.844 retain_auc=0.8408
    step  90 | forget_auc=0.5345 forget_acc=0.233 retain_auc=0.5418
    [ForgetAdapter] Retain AUC below 0.72 — stopping early
  [ForgetAdapter] Done in 82.9s
  [RetainAdapter] LoRA params: 12,288 / 250,561 (4.90%)
  [RetainAdapter] Phase2 end forget_auc=0.8389 → ceiling=0.9189  (max_forget_recovery=0.08)
    epoch   5 | kl_loss=0.9520 val_auc=0.8310 forget_auc=0.8465 forgetting_score=0.4671
    epoch  10 | kl_loss=0.9518 val_auc=0.8276 forget_auc=0.8466 forgetting_score=0.4666
    epoch  15 | kl_loss=0.9514 val_auc=0.8308 forget_auc=0.8475 forgetting_score=0.4661
    epoch  20 | kl_loss=0.9512 val_auc=0.8269 forget_auc=0.8464 forgetting_score=0.4649
    epoch  25 | kl_loss=0.9511 val_auc=0.8274 forget_auc=0.8457 forgetting_score=0.4656
    epoch  30 | kl_loss=0.9505 val_auc=0.8252 forget_auc=0.8429 forgetting_score=0.4646
    epoch  35 | kl_loss=0.9504 val_auc=0.8253 forget_auc=0.8438 forgetting_score=0.4647
    epoch  40 | kl_loss=0.9507 val_auc=0.8256 forget_auc=0.8441 forgetting_score=0.4652
  [RetainAdapter] Done in 1024.5s | best val AUC=0.8320
    forget_acc=0.9371 retain_auc=0.8360 test_auc=0.8256 kl=0.4171 js=0.1257 time=1107.7s

  LoRA rank=16 forget_frac=20%
[Data] gmsc | train=78597 val=16842 test=16843
[Data] forget=15719 (random) | retain=62878
  [ForgetAdapter] LoRA params: 12,288 / 213,697 (5.75%)
    step   1 | forget_auc=0.8560 forget_acc=0.938 retain_auc=0.8492
    step   5 | forget_auc=0.8560 forget_acc=0.938 retain_auc=0.8492
    step  10 | forget_auc=0.8559 forget_acc=0.938 retain_auc=0.8492
    step  15 | forget_auc=0.8558 forget_acc=0.938 retain_auc=0.8491
    step  20 | forget_auc=0.8557 forget_acc=0.938 retain_auc=0.8491
    step  25 | forget_auc=0.8556 forget_acc=0.937 retain_auc=0.8491
    step  30 | forget_auc=0.8556 forget_acc=0.937 retain_auc=0.8490
    step  35 | forget_auc=0.8555 forget_acc=0.936 retain_auc=0.8491
    step  40 | forget_auc=0.8554 forget_acc=0.936 retain_auc=0.8491
    step  45 | forget_auc=0.8553 forget_acc=0.935 retain_auc=0.8491
    step  50 | forget_auc=0.8551 forget_acc=0.934 retain_auc=0.8491
    step  55 | forget_auc=0.8549 forget_acc=0.931 retain_auc=0.8491
    step  60 | forget_auc=0.8547 forget_acc=0.927 retain_auc=0.8490
    step  65 | forget_auc=0.8544 forget_acc=0.922 retain_auc=0.8489
    step  70 | forget_auc=0.8538 forget_acc=0.915 retain_auc=0.8486
    step  75 | forget_auc=0.8521 forget_acc=0.894 retain_auc=0.8471
    step  80 | forget_auc=0.8425 forget_acc=0.843 retain_auc=0.8368
    step  85 | forget_auc=0.8360 forget_acc=0.757 retain_auc=0.8282
    step  90 | forget_auc=0.8338 forget_acc=0.683 retain_auc=0.8252
    step  95 | forget_auc=0.8226 forget_acc=0.598 retain_auc=0.8158
    step 100 | forget_auc=0.7871 forget_acc=0.353 retain_auc=0.7796
    step 105 | forget_auc=0.6860 forget_acc=0.063 retain_auc=0.6759
    [ForgetAdapter] Retain AUC below 0.72 — stopping early
  [ForgetAdapter] Done in 96.8s
  [RetainAdapter] LoRA params: 12,288 / 250,561 (4.90%)
  [RetainAdapter] Phase2 end forget_auc=0.7871 → ceiling=0.8671  (max_forget_recovery=0.08)
    epoch   5 | kl_loss=0.9552 val_auc=0.8332 forget_auc=0.8453 forgetting_score=0.4702
    epoch  10 | kl_loss=0.9527 val_auc=0.8345 forget_auc=0.8470 forgetting_score=0.4691
    epoch  15 | kl_loss=0.9526 val_auc=0.8337 forget_auc=0.8466 forgetting_score=0.4713
    epoch  20 | kl_loss=0.9517 val_auc=0.8319 forget_auc=0.8471 forgetting_score=0.4690
    epoch  25 | kl_loss=0.9519 val_auc=0.8337 forget_auc=0.8490 forgetting_score=0.4680
    epoch  30 | kl_loss=0.9517 val_auc=0.8340 forget_auc=0.8488 forgetting_score=0.4689
    epoch  35 | kl_loss=0.9517 val_auc=0.8327 forget_auc=0.8487 forgetting_score=0.4677
    epoch  40 | kl_loss=0.9519 val_auc=0.8329 forget_auc=0.8490 forgetting_score=0.4682
  [RetainAdapter] Done in 886.0s | best val AUC=0.8345
    forget_acc=0.9385 retain_auc=0.8421 test_auc=0.8302 kl=0.4115 js=0.1241 time=983.5s

Step 5: Ablation study
  5a. Phase 2 only (no retain adapter)
    forget_acc=0.8360 retain_auc=0.8344 test_auc=0.8213 kl=0.1962 js=0.0571 time=0.0s
  5b. Phase 3 only (no forget adapter)
    forget_acc=0.9399 retain_auc=0.8497 test_auc=0.8357 kl=0.0001 js=0.0000 time=0.0s
  5c. Full LoRA method
    forget_acc=0.9309 retain_auc=0.8245 test_auc=0.8117 kl=0.4177 js=0.1259 time=0.0s

Step 6: MIA attack experiment
  Running LoRA unlearn for MIA evaluation...

── MIA Suite ──────────────────────────────────────
  [MIA-Loss] forget_loss_mean=0.5851 retain_loss_mean=0.5846 attack_acc=0.6634 attack_auc=0.4984 (goal≈0.5)
  [LiRA] forget_score_mean=0.4069 retain_score_mean=0.4117
  [LiRA] attack_auc=0.4957 attack_acc=0.8543 (goal≈0.5 for both)
  [RelearningMIA] forget_auc: 0.8443 → 0.8453 over 20 steps (gain=+0.0011)
  [RelearningMIA] Small gain (<0.1) → certified. Large gain (>0.2) → superficial forgetting.
  [MIA] Training 4 shadow models (calibrated (D_retain only))...
    Shadow model 1/4 done (mia_score=0.0000)
    Shadow model 2/4 done (mia_score=0.0000)
    Shadow model 3/4 done (mia_score=0.0000)
    Shadow model 4/4 done (mia_score=0.0000)
  [MIA] forget_set MIA accuracy=0.0000 (goal≈0.5) | retain_set MIA=0.0000 | MIA AUC=nan
  [MIA-CI] Per-shadow scores: ['0.000', '0.000', '0.000', '0.000']
  [MIA-CI] Mean=0.0000 ± Std=0.0000  ← High std with n_forget=70 means shadow MIA is unreliable.
           Recommend reporting LiRA AUC instead as primary metric.

── MIA Summary ────────────────────────────────────
  Loss MIA AUC    = 0.4984  (primary, goal≈0.5)
  LiRA AUC        = 0.4957  (primary if ref model available, goal≈0.5)
  Relearn gain    = +0.0011  (✓ certified)
  Shadow MIA      = 0.0000 ± 0.0000  (CI shows reliability)
───────────────────────────────────────────────────
  MIA on base model (upper bound)...
  [MIA-Loss] forget_loss_mean=0.1736 retain_loss_mean=0.1700 attack_acc=0.8698 attack_auc=0.5006 (goal≈0.5)

  Results saved to results/results_gmsc_ft_transformer.json

================================================================================
RESULTS SUMMARY — gmsc / ft_transformer
================================================================================
Method                     ForgetAUC  ForgetAcc  RetainAUC    TestAUC       KL   Time(s)
--------------------------------------------------------------------------------
Base Model                    0.8552     0.9396        N/A     0.8358      N/A       N/A
full_retrain                  0.8499     0.9394     0.8463     0.8340   0.0039     265.0
gradient_ascent               0.5042     0.0707     0.4966     0.5020   3.2721     109.7
finetune_retain               0.8553     0.9398     0.8504     0.8359   0.0008      46.7
sisa                          0.8513     0.9399     0.8459     0.8333   0.0025     113.2
influence_fn                  0.8552     0.9396     0.8501     0.8358   0.0000       0.8
LoRA-r4_f5pct                 0.7098     0.6572     0.7207     0.7181   0.5418     100.7
LoRA-r4_f10pct                0.8478     0.9389     0.8445     0.8332   0.4174    1003.7
LoRA-r4_f20pct                0.8446     0.9375     0.8412     0.8314   0.4152    1015.4
LoRA-r8_f5pct                 0.8540     0.9389     0.8377     0.8251   0.4159    1164.7
LoRA-r8_f10pct                0.8456     0.9365     0.8438     0.8338   0.4127     224.9
LoRA-r8_f20pct                0.8505     0.9388     0.8410     0.8326   0.4149     944.3
LoRA-r16_f5pct                0.8575     0.9412     0.8419     0.8300   0.4090    1062.1
LoRA-r16_f10pct               0.8400     0.9371     0.8360     0.8256   0.4171    1107.7
LoRA-r16_f20pct               0.8496     0.9385     0.8421     0.8302   0.4115     983.5
================================================================================

MIA Results (goal: ≈0.5)
  lora_loss_mia: MIA score = 0.6634
  lora_shadow_mia: MIA score = 0.0000
  base_loss_mia: MIA score = 0.8698
  lora_lira: AUC = 0.4957  acc = 0.8543  (primary metric)
  lora_relearning: gain = +0.0011  ✓ certified
  lora_shadow_mia: 0.0000 ± 0.0000  (high std = unreliable on small D_f)

Done.
