/storage/dd25007/conda_envs/lora_mu/lib/python3.11/site-packages/scipy/spatial/distance.py:1290: RuntimeWarning: invalid value encountered in sqrt
  return np.sqrt(js / 2.0)

============================================================
LoRA-Credit-Unlearn Pipeline
  dataset=german | arch=tab_transformer | device=cuda
============================================================

Step 1: Data preparation
[Data] german | train=700 val=150 test=150
[Data] forget=101 (demographic) | retain=599

Step 2: Train base model M
  Loading cached checkpoint from checkpoints/base_german_tab_transformer.pt
  Base model | test_auc=0.7790 | forget_auc=0.7776 | forget_acc=0.6832

Step 3: Baselines

  3a. Full Retrain
  [Baseline] Full Retrain on D_r...
    Elapsed: 7.0s
    forget_acc=0.5842 retain_auc=0.8990 test_auc=0.7310 kl=0.0278 js=0.0065 time=7.0s

  3b. Naïve Gradient Ascent
  [Baseline] Naïve Gradient Ascent...
    forget_acc=0.5941 retain_auc=0.5000 test_auc=0.5000 kl=3.4996 js=0.1238 time=8.2s

  3c. Fine-tune on D_r
  [Baseline] Fine-tune on D_r...
    forget_acc=0.6931 retain_auc=0.8655 test_auc=0.7792 kl=0.0000 js=0.0000 time=0.9s

  3d. SISA
  [Baseline] SISA with 4 shards...
    Affected shards: [0, 1, 2, 3] (out of 4)
    SISA elapsed: 5.3s
    forget_acc=0.5941 retain_auc=0.7905 test_auc=0.7049 kl=0.1048 js=0.0285 time=5.3s

  3e. Influence Functions
  [Baseline] Influence Functions (Newton-step approx)...
    Influence fn elapsed: 0.0s
    forget_acc=0.5842 retain_auc=0.8279 test_auc=0.8056 kl=0.2207 js=0.0574 time=0.0s

Step 4: LoRA-Credit-Unlearn method

  LoRA rank=4 forget_frac=5%
[Data] german | train=700 val=150 test=150
[Data] forget=101 (demographic) | retain=599
  [ForgetAdapter] LoRA params: 2,908 / 49,835 (5.84%)
    step   1 | forget_auc=0.7756 forget_acc=0.683 retain_auc=0.8647
    step   5 | forget_auc=0.7732 forget_acc=0.693 retain_auc=0.8647
    step  10 | forget_auc=0.7646 forget_acc=0.673 retain_auc=0.8643
    step  15 | forget_auc=0.7528 forget_acc=0.644 retain_auc=0.8625
    step  20 | forget_auc=0.7382 forget_acc=0.634 retain_auc=0.8602
    step  25 | forget_auc=0.7167 forget_acc=0.614 retain_auc=0.8537
    step  30 | forget_auc=0.6919 forget_acc=0.604 retain_auc=0.8414
    step  35 | forget_auc=0.6581 forget_acc=0.604 retain_auc=0.8239
    step  40 | forget_auc=0.6313 forget_acc=0.594 retain_auc=0.8027
    step  45 | forget_auc=0.6033 forget_acc=0.594 retain_auc=0.7731
    step  50 | forget_auc=0.5715 forget_acc=0.594 retain_auc=0.7364
    step  55 | forget_auc=0.5305 forget_acc=0.594 retain_auc=0.6951
    [ForgetAdapter] Retain AUC below 0.72 — stopping early
  [ForgetAdapter] Done in 4.3s
  [RetainAdapter] LoRA params: 768 / 52,139 (1.47%)
  [RetainAdapter] Phase2 end forget_auc=0.5715 → ceiling=0.6515  (max_forget_recovery=0.08)
    epoch   5 | kl_loss=2.4793 val_auc=0.7680 forget_auc=0.5846 forgetting_score=0.6958
    epoch  10 | kl_loss=1.4909 val_auc=0.7839 forget_auc=0.6073 forgetting_score=0.7101
    epoch  15 | kl_loss=0.5927 val_auc=0.7781 forget_auc=0.6106 forgetting_score=0.6972
    epoch  20 | kl_loss=0.2957 val_auc=0.7732 forget_auc=0.6191 forgetting_score=0.6928
    epoch  25 | kl_loss=0.2500 val_auc=0.7732 forget_auc=0.6215 forgetting_score=0.6928
  [RetainAdapter] Done in 10.0s | best val AUC=0.7839
    forget_acc=0.5941 retain_auc=0.7626 test_auc=0.6285 kl=0.9169 js=0.1010 time=14.4s

  LoRA rank=4 forget_frac=10%
[Data] german | train=700 val=150 test=150
[Data] forget=101 (demographic) | retain=599
  [ForgetAdapter] LoRA params: 2,908 / 49,835 (5.84%)
    step   1 | forget_auc=0.7768 forget_acc=0.693 retain_auc=0.8648
    step   5 | forget_auc=0.7732 forget_acc=0.693 retain_auc=0.8648
    step  10 | forget_auc=0.7646 forget_acc=0.673 retain_auc=0.8636
    step  15 | forget_auc=0.7500 forget_acc=0.653 retain_auc=0.8621
    step  20 | forget_auc=0.7354 forget_acc=0.624 retain_auc=0.8593
    step  25 | forget_auc=0.7106 forget_acc=0.624 retain_auc=0.8531
    step  30 | forget_auc=0.6841 forget_acc=0.614 retain_auc=0.8429
    step  35 | forget_auc=0.6549 forget_acc=0.594 retain_auc=0.8272
    step  40 | forget_auc=0.6256 forget_acc=0.594 retain_auc=0.8085
    step  45 | forget_auc=0.5972 forget_acc=0.594 retain_auc=0.7867
    step  50 | forget_auc=0.5724 forget_acc=0.594 retain_auc=0.7614
    step  55 | forget_auc=0.5378 forget_acc=0.594 retain_auc=0.7314
    step  60 | forget_auc=0.5089 forget_acc=0.594 retain_auc=0.6995
    [ForgetAdapter] Retain AUC below 0.72 — stopping early
  [ForgetAdapter] Done in 5.3s
  [RetainAdapter] LoRA params: 768 / 52,139 (1.47%)
  [RetainAdapter] Phase2 end forget_auc=0.5378 → ceiling=0.6178  (max_forget_recovery=0.08)
    epoch   5 | kl_loss=4.0428 val_auc=0.7802 forget_auc=0.5411 forgetting_score=0.7068
    epoch  10 | kl_loss=3.0715 val_auc=0.7905 forget_auc=0.5614 forgetting_score=0.7162
    epoch  15 | kl_loss=2.1152 val_auc=0.8038 forget_auc=0.5687 forgetting_score=0.7282
    epoch  20 | kl_loss=1.6399 val_auc=0.8036 forget_auc=0.5764 forgetting_score=0.7280
    epoch  25 | kl_loss=1.5767 val_auc=0.8025 forget_auc=0.5780 forgetting_score=0.7270
  [RetainAdapter] Done in 10.8s | best val AUC=0.8045
    forget_acc=0.5941 retain_auc=0.7681 test_auc=0.6634 kl=1.1437 js=0.1025 time=16.1s

  LoRA rank=4 forget_frac=20%
[Data] german | train=700 val=150 test=150
[Data] forget=101 (demographic) | retain=599
  [ForgetAdapter] LoRA params: 2,908 / 49,835 (5.84%)
    step   1 | forget_auc=0.7760 forget_acc=0.693 retain_auc=0.8646
    step   5 | forget_auc=0.7720 forget_acc=0.683 retain_auc=0.8645
    step  10 | forget_auc=0.7610 forget_acc=0.663 retain_auc=0.8633
    step  15 | forget_auc=0.7443 forget_acc=0.634 retain_auc=0.8608
    step  20 | forget_auc=0.7268 forget_acc=0.644 retain_auc=0.8546
    step  25 | forget_auc=0.7016 forget_acc=0.584 retain_auc=0.8437
    step  30 | forget_auc=0.6744 forget_acc=0.604 retain_auc=0.8266
    step  35 | forget_auc=0.6459 forget_acc=0.594 retain_auc=0.8050
    step  40 | forget_auc=0.6211 forget_acc=0.594 retain_auc=0.7772
    step  45 | forget_auc=0.5890 forget_acc=0.594 retain_auc=0.7461
    step  50 | forget_auc=0.5593 forget_acc=0.594 retain_auc=0.7101
    [ForgetAdapter] Retain AUC below 0.72 — stopping early
  [ForgetAdapter] Done in 4.0s
  [RetainAdapter] LoRA params: 768 / 52,139 (1.47%)
  [RetainAdapter] Phase2 end forget_auc=0.5890 → ceiling=0.6690  (max_forget_recovery=0.08)
    epoch   5 | kl_loss=1.6902 val_auc=0.7669 forget_auc=0.6012 forgetting_score=0.6948
    epoch  10 | kl_loss=0.9662 val_auc=0.7935 forget_auc=0.6244 forgetting_score=0.7189
    epoch  15 | kl_loss=0.3715 val_auc=0.7925 forget_auc=0.6423 forgetting_score=0.7101
    epoch  20 | kl_loss=0.1731 val_auc=0.7895 forget_auc=0.6589 forgetting_score=0.7074
    epoch  25 | kl_loss=0.1484 val_auc=0.7880 forget_auc=0.6598 forgetting_score=0.7060
  [RetainAdapter] Done in 11.2s | best val AUC=0.7965
    forget_acc=0.5941 retain_auc=0.7812 test_auc=0.6705 kl=0.5491 js=0.0783 time=15.3s

  LoRA rank=8 forget_frac=5%
[Data] german | train=700 val=150 test=150
[Data] forget=101 (demographic) | retain=599
  [ForgetAdapter] LoRA params: 5,816 / 52,743 (11.03%)
    step   1 | forget_auc=0.7772 forget_acc=0.683 retain_auc=0.8650
    step   5 | forget_auc=0.7715 forget_acc=0.683 retain_auc=0.8651
    step  10 | forget_auc=0.7646 forget_acc=0.673 retain_auc=0.8649
    step  15 | forget_auc=0.7512 forget_acc=0.663 retain_auc=0.8640
    step  20 | forget_auc=0.7411 forget_acc=0.624 retain_auc=0.8612
    step  25 | forget_auc=0.7236 forget_acc=0.624 retain_auc=0.8554
    step  30 | forget_auc=0.6951 forget_acc=0.604 retain_auc=0.8451
    step  35 | forget_auc=0.6699 forget_acc=0.594 retain_auc=0.8297
    step  40 | forget_auc=0.6431 forget_acc=0.594 retain_auc=0.8122
    step  45 | forget_auc=0.6081 forget_acc=0.594 retain_auc=0.7914
    step  50 | forget_auc=0.5817 forget_acc=0.594 retain_auc=0.7612
    step  55 | forget_auc=0.5455 forget_acc=0.594 retain_auc=0.7230
    step  60 | forget_auc=0.5057 forget_acc=0.594 retain_auc=0.6831
    [ForgetAdapter] Retain AUC below 0.72 — stopping early
  [ForgetAdapter] Done in 5.8s
  [RetainAdapter] LoRA params: 1,536 / 55,815 (2.75%)
  [RetainAdapter] Phase2 end forget_auc=0.5455 → ceiling=0.6255  (max_forget_recovery=0.08)
    epoch   5 | kl_loss=4.3432 val_auc=0.7425 forget_auc=0.5492 forgetting_score=0.6727
    epoch  10 | kl_loss=3.1183 val_auc=0.7575 forget_auc=0.5675 forgetting_score=0.6863
    epoch  15 | kl_loss=1.8240 val_auc=0.7609 forget_auc=0.5939 forgetting_score=0.6894
    epoch  20 | kl_loss=1.1460 val_auc=0.7566 forget_auc=0.6102 forgetting_score=0.6855
    epoch  25 | kl_loss=1.0287 val_auc=0.7543 forget_auc=0.6085 forgetting_score=0.6833
  [RetainAdapter] Done in 10.4s | best val AUC=0.7650
    forget_acc=0.5941 retain_auc=0.7574 test_auc=0.6246 kl=1.4113 js=0.1128 time=16.3s

  LoRA rank=8 forget_frac=10%
[Data] german | train=700 val=150 test=150
[Data] forget=101 (demographic) | retain=599
  [ForgetAdapter] LoRA params: 5,816 / 52,743 (11.03%)
    step   1 | forget_auc=0.7744 forget_acc=0.693 retain_auc=0.8648
    step   5 | forget_auc=0.7687 forget_acc=0.693 retain_auc=0.8641
    step  10 | forget_auc=0.7589 forget_acc=0.673 retain_auc=0.8631
    step  15 | forget_auc=0.7459 forget_acc=0.653 retain_auc=0.8608
    step  20 | forget_auc=0.7256 forget_acc=0.604 retain_auc=0.8553
    step  25 | forget_auc=0.6984 forget_acc=0.604 retain_auc=0.8466
    step  30 | forget_auc=0.6724 forget_acc=0.604 retain_auc=0.8334
    step  35 | forget_auc=0.6480 forget_acc=0.594 retain_auc=0.8166
    step  40 | forget_auc=0.6285 forget_acc=0.594 retain_auc=0.7978
    step  45 | forget_auc=0.6020 forget_acc=0.594 retain_auc=0.7749
    step  50 | forget_auc=0.5724 forget_acc=0.594 retain_auc=0.7461
    step  55 | forget_auc=0.5402 forget_acc=0.594 retain_auc=0.7119
    [ForgetAdapter] Retain AUC below 0.72 — stopping early
  [ForgetAdapter] Done in 5.1s
  [RetainAdapter] LoRA params: 1,536 / 55,815 (2.75%)
  [RetainAdapter] Phase2 end forget_auc=0.5724 → ceiling=0.6524  (max_forget_recovery=0.08)
    epoch   5 | kl_loss=3.1939 val_auc=0.7740 forget_auc=0.5797 forgetting_score=0.7012
    epoch  10 | kl_loss=2.3280 val_auc=0.7976 forget_auc=0.5785 forgetting_score=0.7226
    epoch  15 | kl_loss=1.3920 val_auc=0.7976 forget_auc=0.5890 forgetting_score=0.7226
    epoch  20 | kl_loss=0.9543 val_auc=0.7918 forget_auc=0.5890 forgetting_score=0.7173
    epoch  25 | kl_loss=0.8281 val_auc=0.7918 forget_auc=0.5894 forgetting_score=0.7173
  [RetainAdapter] Done in 10.1s | best val AUC=0.8023
    forget_acc=0.5941 retain_auc=0.7746 test_auc=0.6315 kl=1.0714 js=0.1010 time=15.4s

  LoRA rank=8 forget_frac=20%
[Data] german | train=700 val=150 test=150
[Data] forget=101 (demographic) | retain=599
  [ForgetAdapter] LoRA params: 5,816 / 52,743 (11.03%)
    step   1 | forget_auc=0.7764 forget_acc=0.683 retain_auc=0.8649
    step   5 | forget_auc=0.7691 forget_acc=0.683 retain_auc=0.8653
    step  10 | forget_auc=0.7589 forget_acc=0.673 retain_auc=0.8650
    step  15 | forget_auc=0.7492 forget_acc=0.653 retain_auc=0.8634
    step  20 | forget_auc=0.7256 forget_acc=0.644 retain_auc=0.8594
    step  25 | forget_auc=0.6996 forget_acc=0.624 retain_auc=0.8517
    step  30 | forget_auc=0.6654 forget_acc=0.604 retain_auc=0.8402
    step  35 | forget_auc=0.6354 forget_acc=0.594 retain_auc=0.8240
    step  40 | forget_auc=0.6057 forget_acc=0.594 retain_auc=0.8040
    step  45 | forget_auc=0.5711 forget_acc=0.594 retain_auc=0.7799
    step  50 | forget_auc=0.5378 forget_acc=0.594 retain_auc=0.7488
    step  55 | forget_auc=0.4959 forget_acc=0.594 retain_auc=0.7141
    [ForgetAdapter] Retain AUC below 0.72 — stopping early
  [ForgetAdapter] Done in 5.1s
  [RetainAdapter] LoRA params: 1,536 / 55,815 (2.75%)
  [RetainAdapter] Phase2 end forget_auc=0.5378 → ceiling=0.6178  (max_forget_recovery=0.08)
    epoch   5 | kl_loss=3.1314 val_auc=0.7792 forget_auc=0.5370 forgetting_score=0.7059
    epoch  10 | kl_loss=2.3653 val_auc=0.7967 forget_auc=0.5557 forgetting_score=0.7218
    epoch  15 | kl_loss=1.5575 val_auc=0.8105 forget_auc=0.5618 forgetting_score=0.7342
    epoch  20 | kl_loss=1.1506 val_auc=0.8133 forget_auc=0.5691 forgetting_score=0.7368
    epoch  25 | kl_loss=1.0665 val_auc=0.8115 forget_auc=0.5699 forgetting_score=0.7352
  [RetainAdapter] Done in 11.1s | best val AUC=0.8133
    forget_acc=0.5941 retain_auc=0.7883 test_auc=0.6712 kl=0.7352 js=0.0902 time=16.2s

  LoRA rank=16 forget_frac=5%
[Data] german | train=700 val=150 test=150
[Data] forget=101 (demographic) | retain=599
  [ForgetAdapter] LoRA params: 11,632 / 58,559 (19.86%)
    step   1 | forget_auc=0.7764 forget_acc=0.683 retain_auc=0.8650
    step   5 | forget_auc=0.7707 forget_acc=0.683 retain_auc=0.8650
    step  10 | forget_auc=0.7598 forget_acc=0.683 retain_auc=0.8639
    step  15 | forget_auc=0.7463 forget_acc=0.644 retain_auc=0.8619
    step  20 | forget_auc=0.7293 forget_acc=0.644 retain_auc=0.8567
    step  25 | forget_auc=0.7012 forget_acc=0.604 retain_auc=0.8478
    step  30 | forget_auc=0.6760 forget_acc=0.604 retain_auc=0.8347
    step  35 | forget_auc=0.6463 forget_acc=0.594 retain_auc=0.8157
    step  40 | forget_auc=0.6211 forget_acc=0.594 retain_auc=0.7932
    step  45 | forget_auc=0.5886 forget_acc=0.594 retain_auc=0.7647
    step  50 | forget_auc=0.5569 forget_acc=0.594 retain_auc=0.7300
    step  55 | forget_auc=0.5154 forget_acc=0.594 retain_auc=0.6941
    [ForgetAdapter] Retain AUC below 0.72 — stopping early
  [ForgetAdapter] Done in 5.1s
  [RetainAdapter] LoRA params: 3,072 / 63,167 (4.86%)
  [RetainAdapter] Phase2 end forget_auc=0.5569 → ceiling=0.6369  (max_forget_recovery=0.08)
    epoch   5 | kl_loss=3.2762 val_auc=0.7672 forget_auc=0.5577 forgetting_score=0.6950
    epoch  10 | kl_loss=2.4247 val_auc=0.7858 forget_auc=0.5630 forgetting_score=0.7119
    epoch  15 | kl_loss=1.6205 val_auc=0.7864 forget_auc=0.5752 forgetting_score=0.7125
    epoch  20 | kl_loss=1.1532 val_auc=0.7843 forget_auc=0.5740 forgetting_score=0.7105
    epoch  25 | kl_loss=1.0625 val_auc=0.7813 forget_auc=0.5724 forgetting_score=0.7078
  [RetainAdapter] Done in 10.4s | best val AUC=0.7886
    forget_acc=0.5941 retain_auc=0.7555 test_auc=0.6201 kl=1.2196 js=0.1082 time=15.6s

  LoRA rank=16 forget_frac=10%
[Data] german | train=700 val=150 test=150
[Data] forget=101 (demographic) | retain=599
  [ForgetAdapter] LoRA params: 11,632 / 58,559 (19.86%)
    step   1 | forget_auc=0.7772 forget_acc=0.693 retain_auc=0.8649
    step   5 | forget_auc=0.7732 forget_acc=0.683 retain_auc=0.8650
    step  10 | forget_auc=0.7634 forget_acc=0.663 retain_auc=0.8643
    step  15 | forget_auc=0.7500 forget_acc=0.634 retain_auc=0.8626
    step  20 | forget_auc=0.7354 forget_acc=0.634 retain_auc=0.8593
    step  25 | forget_auc=0.7102 forget_acc=0.604 retain_auc=0.8517
    step  30 | forget_auc=0.6801 forget_acc=0.604 retain_auc=0.8399
    step  35 | forget_auc=0.6516 forget_acc=0.594 retain_auc=0.8221
    step  40 | forget_auc=0.6252 forget_acc=0.594 retain_auc=0.8018
    step  45 | forget_auc=0.5963 forget_acc=0.594 retain_auc=0.7742
    step  50 | forget_auc=0.5533 forget_acc=0.594 retain_auc=0.7390
    step  55 | forget_auc=0.5110 forget_acc=0.594 retain_auc=0.7005
    [ForgetAdapter] Retain AUC below 0.72 — stopping early
  [ForgetAdapter] Done in 5.3s
  [RetainAdapter] LoRA params: 3,072 / 63,167 (4.86%)
  [RetainAdapter] Phase2 end forget_auc=0.5533 → ceiling=0.6333  (max_forget_recovery=0.08)
    epoch   5 | kl_loss=3.2331 val_auc=0.7802 forget_auc=0.5626 forgetting_score=0.7068
    epoch  10 | kl_loss=2.4128 val_auc=0.7871 forget_auc=0.5837 forgetting_score=0.7131
    epoch  15 | kl_loss=1.5934 val_auc=0.7800 forget_auc=0.6024 forgetting_score=0.7066
    epoch  20 | kl_loss=1.1583 val_auc=0.7755 forget_auc=0.6110 forgetting_score=0.7026
    epoch  25 | kl_loss=1.0697 val_auc=0.7738 forget_auc=0.6110 forgetting_score=0.7010
  [RetainAdapter] Done in 10.9s | best val AUC=0.7871
    forget_acc=0.5941 retain_auc=0.7625 test_auc=0.6471 kl=1.3536 js=0.1116 time=16.7s

  LoRA rank=16 forget_frac=20%
[Data] german | train=700 val=150 test=150
[Data] forget=101 (demographic) | retain=599
  [ForgetAdapter] LoRA params: 11,632 / 58,559 (19.86%)
    step   1 | forget_auc=0.7756 forget_acc=0.683 retain_auc=0.8649
    step   5 | forget_auc=0.7711 forget_acc=0.693 retain_auc=0.8648
    step  10 | forget_auc=0.7606 forget_acc=0.673 retain_auc=0.8646
    step  15 | forget_auc=0.7480 forget_acc=0.634 retain_auc=0.8629
    step  20 | forget_auc=0.7317 forget_acc=0.644 retain_auc=0.8583/storage/dd25007/conda_envs/lora_mu/lib/python3.11/site-packages/scipy/spatial/distance.py:1290: RuntimeWarning: invalid value encountered in sqrt
  return np.sqrt(js / 2.0)
/storage/dd25007/conda_envs/lora_mu/lib/python3.11/site-packages/sklearn/metrics/_ranking.py:442: UndefinedMetricWarning: Only one class is present in y_true. ROC AUC score is not defined in that case.
  warnings.warn(

    step  25 | forget_auc=0.7045 forget_acc=0.624 retain_auc=0.8496
    step  30 | forget_auc=0.6764 forget_acc=0.614 retain_auc=0.8366
    step  35 | forget_auc=0.6504 forget_acc=0.594 retain_auc=0.8195
    step  40 | forget_auc=0.6199 forget_acc=0.594 retain_auc=0.7990
    step  45 | forget_auc=0.5870 forget_acc=0.594 retain_auc=0.7720
    step  50 | forget_auc=0.5504 forget_acc=0.594 retain_auc=0.7384
    step  55 | forget_auc=0.5110 forget_acc=0.594 retain_auc=0.7042
    [ForgetAdapter] Retain AUC below 0.72 — stopping early
  [ForgetAdapter] Done in 4.8s
  [RetainAdapter] LoRA params: 3,072 / 63,167 (4.86%)
  [RetainAdapter] Phase2 end forget_auc=0.5504 → ceiling=0.6304  (max_forget_recovery=0.08)
    epoch   5 | kl_loss=3.4666 val_auc=0.7704 forget_auc=0.5508 forgetting_score=0.6979
    epoch  10 | kl_loss=2.6241 val_auc=0.7897 forget_auc=0.5744 forgetting_score=0.7154
    epoch  15 | kl_loss=1.8105 val_auc=0.7952 forget_auc=0.5858 forgetting_score=0.7204
    epoch  20 | kl_loss=1.3460 val_auc=0.7920 forget_auc=0.5878 forgetting_score=0.7175
    epoch  25 | kl_loss=1.2409 val_auc=0.7903 forget_auc=0.5894 forgetting_score=0.7160
  [RetainAdapter] Done in 10.5s | best val AUC=0.7970
    forget_acc=0.5941 retain_auc=0.7692 test_auc=0.6352 kl=1.1329 js=0.1068 time=15.4s

Step 5: Ablation study
  5a. Phase 2 only (no retain adapter)
    forget_acc=0.5941 retain_auc=0.7488 test_auc=0.6219 kl=1.6896 js=0.1173 time=0.0s
  5b. Phase 3 only (no forget adapter)
    forget_acc=0.6832 retain_auc=0.8645 test_auc=0.7800 kl=0.0000 js=0.0000 time=0.0s
  5c. Full LoRA method
    forget_acc=0.5941 retain_auc=0.7772 test_auc=0.6483 kl=1.2097 js=0.1092 time=0.0s

Step 6: MIA attack experiment
  Running LoRA unlearn for MIA evaluation...

── MIA Suite ──────────────────────────────────────
  [MIA-Loss] forget_loss_mean=3.4980 retain_loss_mean=1.7989 attack_acc=0.5941 attack_auc=0.4235 (goal≈0.5)
  [LiRA] forget_score_mean=2.8050 retain_score_mean=1.4385
  [LiRA] attack_auc=0.4885 attack_acc=0.3243 (goal≈0.5 for both)
  [RelearningMIA] forget_auc: 0.5561 → 0.5707 over 20 steps (gain=+0.0146)
  [RelearningMIA] Small gain (<0.1) → certified. Large gain (>0.2) → superficial forgetting.
  [MIA] Training 4 shadow models (calibrated (D_retain only))...
    Shadow model 1/4 done (mia_score=1.0000)
    Shadow model 2/4 done (mia_score=0.0000)
    Shadow model 3/4 done (mia_score=0.9703)
    Shadow model 4/4 done (mia_score=0.9703)
  [MIA] forget_set MIA accuracy=0.9703 (goal≈0.5) | retain_set MIA=0.9683 | MIA AUC=nan
  [MIA-CI] Per-shadow scores: ['1.000', '0.000', '0.970', '0.970']
  [MIA-CI] Mean=0.7351 ± Std=0.4246  ← High std with n_forget=70 means shadow MIA is unreliable.
           Recommend reporting LiRA AUC instead as primary metric.

── MIA Summary ────────────────────────────────────
  Loss MIA AUC    = 0.4235  (primary, goal≈0.5)
  LiRA AUC        = 0.4885  (primary if ref model available, goal≈0.5)
  Relearn gain    = +0.0146  (✓ certified)
  Shadow MIA      = 0.9703 ± 0.4246  (CI shows reliability)
───────────────────────────────────────────────────
  MIA on base model (upper bound)...
  [MIA-Loss] forget_loss_mean=0.5527 retain_loss_mean=0.4075 attack_acc=0.4455 attack_auc=0.3682 (goal≈0.5)

  Results saved to results/results_german_tab_transformer.json

================================================================================
RESULTS SUMMARY — german / tab_transformer
================================================================================
Method                     ForgetAUC  ForgetAcc  RetainAUC    TestAUC       KL   Time(s)
--------------------------------------------------------------------------------
Base Model                    0.7776     0.6832        N/A     0.7790      N/A       N/A
full_retrain                  0.6614     0.5842     0.8990     0.7310   0.0278       7.0
gradient_ascent               0.5000     0.5941     0.5000     0.5000   3.4996       8.2
finetune_retain               0.7764     0.6931     0.8655     0.7792   0.0000       0.9
sisa                          0.6638     0.5941     0.7905     0.7049   0.1048       5.3
influence_fn                  0.8447     0.5842     0.8279     0.8056   0.2207       0.0
LoRA-r4_f5pct                 0.6073     0.5941     0.7626     0.6285   0.9169      14.4
LoRA-r4_f10pct                0.5699     0.5941     0.7681     0.6634   1.1437      16.1
LoRA-r4_f20pct                0.6268     0.5941     0.7812     0.6705   0.5491      15.3
LoRA-r8_f5pct                 0.5809     0.5941     0.7574     0.6246   1.4113      16.3
LoRA-r8_f10pct                0.5866     0.5941     0.7746     0.6315   1.0714      15.4
LoRA-r8_f20pct                0.5691     0.5941     0.7883     0.6712   0.7352      16.2
LoRA-r16_f5pct                0.5724     0.5941     0.7555     0.6201   1.2196      15.6
LoRA-r16_f10pct               0.5837     0.5941     0.7625     0.6471   1.3536      16.7
LoRA-r16_f20pct               0.5829     0.5941     0.7692     0.6352   1.1329      15.4
================================================================================

MIA Results (goal: ≈0.5)
  lora_loss_mia: MIA score = 0.5941
  lora_shadow_mia: MIA score = 0.9703
  base_loss_mia: MIA score = 0.4455
  lora_lira: AUC = 0.4885  acc = 0.3243  (primary metric)
  lora_relearning: gain = +0.0146  ✓ certified
  lora_shadow_mia: 0.9703 ± 0.4246  (high std = unreliable on small D_f)

Done.
