/storage/dd25007/conda_envs/lora_mu/lib/python3.11/site-packages/scipy/spatial/distance.py:1290: RuntimeWarning: invalid value encountered in sqrt
  return np.sqrt(js / 2.0)
/storage/dd25007/conda_envs/lora_mu/lib/python3.11/site-packages/scipy/spatial/distance.py:1290: RuntimeWarning: invalid value encountered in sqrt
  return np.sqrt(js / 2.0)
/storage/dd25007/conda_envs/lora_mu/lib/python3.11/site-packages/scipy/spatial/distance.py:1290: RuntimeWarning: invalid value encountered in sqrt
  return np.sqrt(js / 2.0)
/storage/dd25007/conda_envs/lora_mu/lib/python3.11/site-packages/scipy/spatial/distance.py:1290: RuntimeWarning: invalid value encountered in sqrt
  return np.sqrt(js / 2.0)
/storage/dd25007/conda_envs/lora_mu/lib/python3.11/site-packages/scipy/spatial/distance.py:1290: RuntimeWarning: invalid value encountered in sqrt
  return np.sqrt(js / 2.0)
/storage/dd25007/conda_envs/lora_mu/lib/python3.11/site-packages/scipy/spatial/distance.py:1290: RuntimeWarning: invalid value encountered in sqrt
  return np.sqrt(js / 2.0)

============================================================
LoRA-Credit-Unlearn Pipeline
  dataset=gmsc | arch=tabddpm | device=cuda
============================================================

Step 1: Data preparation
[Data] gmsc | train=78597 val=16842 test=16843
[Data] forget=7859 (random) | retain=70738

Step 2: Train base model M
  Loading cached checkpoint from checkpoints/base_gmsc_tabddpm.pt
  Base model | test_auc=0.8350 | forget_auc=0.8550 | forget_acc=0.9402
  [Config] Auto-tuned for forget_set=7859: fa_steps 100→183, fa_lr 5e-04→2e-03, lambda_retain 0.5→0.2, ra_epochs 25→40

Step 3: Baselines

  3a. Full Retrain
  [Baseline] Full Retrain on D_r...
    Elapsed: 1208.7s
    forget_acc=0.9396 retain_auc=0.8517 test_auc=0.8348 kl=0.0011 js=0.0003 time=1208.7s

  3b. Naïve Gradient Ascent
  [Baseline] Naïve Gradient Ascent...
    GA: retain AUC collapsed to 0.241 — stopping
    forget_acc=0.9387 retain_auc=0.2411 test_auc=0.2447 kl=0.2408 js=0.0743 time=108.1s

  3c. Fine-tune on D_r
  [Baseline] Fine-tune on D_r...
    forget_acc=0.9406 retain_auc=0.8520 test_auc=0.8352 kl=0.0002 js=0.0000 time=73.1s

  3d. SISA
  [Baseline] SISA with 4 shards...
    Affected shards: [0, 1, 2, 3] (out of 4)
    SISA elapsed: 266.2s
    forget_acc=0.9403 retain_auc=0.8451 test_auc=0.8323 kl=0.0020 js=0.0005 time=266.2s

  3e. Influence Functions
  [Baseline] Influence Functions (Newton-step approx)...
    Influence fn elapsed: 1.0s
    forget_acc=0.9402 retain_auc=0.8515 test_auc=0.8350 kl=0.0000 js=0.0000 time=1.0s

  3f. Random Labels
  [Baseline] Random Labels on D_f + D_r...
    Random-label elapsed: 217.1s
    forget_acc=0.9397 retain_auc=0.8505 test_auc=0.8352 kl=0.0007 js=0.0002 time=217.1s

Step 4: LoRA-Credit-Unlearn method

  LoRA rank=4 forget_frac=5%
[Data] gmsc | train=78597 val=16842 test=16843
[Data] forget=3929 (random) | retain=74668
  [ForgetAdapter] LoRA params: 4,096 / 309,377 (1.32%)
    step   1 | forget_auc=0.8695 forget_acc=0.942 retain_auc=0.8509
    step   5 | forget_auc=0.8695 forget_acc=0.942 retain_auc=0.8510
    step  10 | forget_auc=0.8692 forget_acc=0.942 retain_auc=0.8510
    step  15 | forget_auc=0.8688 forget_acc=0.942 retain_auc=0.8510
    step  20 | forget_auc=0.8685 forget_acc=0.942 retain_auc=0.8510
    step  25 | forget_auc=0.8682 forget_acc=0.942 retain_auc=0.8510
    step  30 | forget_auc=0.8679 forget_acc=0.942 retain_auc=0.8510
    step  35 | forget_auc=0.8674 forget_acc=0.940 retain_auc=0.8510
    step  40 | forget_auc=0.8665 forget_acc=0.941 retain_auc=0.8509
    step  45 | forget_auc=0.8654 forget_acc=0.940 retain_auc=0.8508
    step  50 | forget_auc=0.8640 forget_acc=0.940 retain_auc=0.8505
    step  55 | forget_auc=0.8618 forget_acc=0.939 retain_auc=0.8502
    step  60 | forget_auc=0.8585 forget_acc=0.938 retain_auc=0.8494
    step  65 | forget_auc=0.8540 forget_acc=0.936 retain_auc=0.8479
    step  70 | forget_auc=0.8455 forget_acc=0.935 retain_auc=0.8443
    step  75 | forget_auc=0.8309 forget_acc=0.934 retain_auc=0.8346
    step  80 | forget_auc=0.7971 forget_acc=0.936 retain_auc=0.8018
    step  85 | forget_auc=0.7248 forget_acc=0.940 retain_auc=0.7314
    step  90 | forget_auc=0.5098 forget_acc=0.941 retain_auc=0.5294
    [ForgetAdapter] Retain AUC below 0.72 — stopping early
  [ForgetAdapter] Done in 104.8s
  [RetainAdapter] LoRA params: 4,096 / 346,241 (1.18%)
  [RetainAdapter] Phase2 end forget_auc=0.7248 → ceiling=0.8048  (max_forget_recovery=0.08)
    [RetainAdapter] forget_auc=0.8545 exceeded ceiling 0.8048 — stopping early
  [RetainAdapter] Done in 36.5s | best val AUC=-1.0000
    forget_acc=0.9404 retain_auc=0.7314 test_auc=0.7329 kl=0.0756 js=0.0233 time=141.7s

  LoRA rank=4 forget_frac=10%
[Data] gmsc | train=78597 val=16842 test=16843
[Data] forget=7859 (random) | retain=70738
  [ForgetAdapter] LoRA params: 4,096 / 309,377 (1.32%)
    step   1 | forget_auc=0.8550 forget_acc=0.940 retain_auc=0.8515
    step   5 | forget_auc=0.8550 forget_acc=0.940 retain_auc=0.8515
    step  10 | forget_auc=0.8550 forget_acc=0.940 retain_auc=0.8515
    step  15 | forget_auc=0.8550 forget_acc=0.940 retain_auc=0.8516
    step  20 | forget_auc=0.8550 forget_acc=0.940 retain_auc=0.8516
    step  25 | forget_auc=0.8550 forget_acc=0.940 retain_auc=0.8516
    step  30 | forget_auc=0.8549 forget_acc=0.940 retain_auc=0.8516
    step  35 | forget_auc=0.8549 forget_acc=0.940 retain_auc=0.8515
    step  40 | forget_auc=0.8548 forget_acc=0.940 retain_auc=0.8515
    step  45 | forget_auc=0.8547 forget_acc=0.940 retain_auc=0.8515
    step  50 | forget_auc=0.8546 forget_acc=0.939 retain_auc=0.8515
    step  55 | forget_auc=0.8543 forget_acc=0.940 retain_auc=0.8515
    step  60 | forget_auc=0.8541 forget_acc=0.939 retain_auc=0.8515
    step  65 | forget_auc=0.8540 forget_acc=0.939 retain_auc=0.8515
    step  70 | forget_auc=0.8538 forget_acc=0.939 retain_auc=0.8514
    step  75 | forget_auc=0.8535 forget_acc=0.939 retain_auc=0.8514
    step  80 | forget_auc=0.8531 forget_acc=0.938 retain_auc=0.8513
    step  85 | forget_auc=0.8524 forget_acc=0.938 retain_auc=0.8511
    step  90 | forget_auc=0.8512 forget_acc=0.934 retain_auc=0.8505
    step  95 | forget_auc=0.8473 forget_acc=0.930 retain_auc=0.8485
    step 100 | forget_auc=0.8358 forget_acc=0.928 retain_auc=0.8423
    step 105 | forget_auc=0.7976 forget_acc=0.928 retain_auc=0.8190
    step 110 | forget_auc=0.6686 forget_acc=0.936 retain_auc=0.7257
    step 115 | forget_auc=0.4974 forget_acc=0.939 retain_auc=0.5366
    [ForgetAdapter] Retain AUC below 0.72 — stopping early
  [ForgetAdapter] Done in 134.7s
  [RetainAdapter] LoRA params: 4,096 / 346,241 (1.18%)
  [RetainAdapter] Phase2 end forget_auc=0.6686 → ceiling=0.7486  (max_forget_recovery=0.08)
    [RetainAdapter] forget_auc=0.8317 exceeded ceiling 0.7486 — stopping early
  [RetainAdapter] Done in 36.8s | best val AUC=-1.0000
    forget_acc=0.9360 retain_auc=0.7257 test_auc=0.7193 kl=0.0612 js=0.0189 time=172.2s

  LoRA rank=4 forget_frac=20%
[Data] gmsc | train=78597 val=16842 test=16843
[Data] forget=15719 (random) | retain=62878
  [ForgetAdapter] LoRA params: 4,096 / 309,377 (1.32%)
    step   1 | forget_auc=0.8566 forget_acc=0.939 retain_auc=0.8506
    step   5 | forget_auc=0.8566 forget_acc=0.939 retain_auc=0.8506
    step  10 | forget_auc=0.8566 forget_acc=0.939 retain_auc=0.8506
    step  15 | forget_auc=0.8566 forget_acc=0.939 retain_auc=0.8505
    step  20 | forget_auc=0.8565 forget_acc=0.939 retain_auc=0.8505
    step  25 | forget_auc=0.8565 forget_acc=0.939 retain_auc=0.8505
    step  30 | forget_auc=0.8565 forget_acc=0.939 retain_auc=0.8505
    step  35 | forget_auc=0.8565 forget_acc=0.939 retain_auc=0.8505
    step  40 | forget_auc=0.8564 forget_acc=0.938 retain_auc=0.8505
    step  45 | forget_auc=0.8563 forget_acc=0.939 retain_auc=0.8505
    step  50 | forget_auc=0.8563 forget_acc=0.939 retain_auc=0.8505
    step  55 | forget_auc=0.8562 forget_acc=0.939 retain_auc=0.8505
    step  60 | forget_auc=0.8561 forget_acc=0.939 retain_auc=0.8505
    step  65 | forget_auc=0.8561 forget_acc=0.939 retain_auc=0.8505
    step  70 | forget_auc=0.8560 forget_acc=0.939 retain_auc=0.8505
    step  75 | forget_auc=0.8558 forget_acc=0.938 retain_auc=0.8505
    step  80 | forget_auc=0.8556 forget_acc=0.939 retain_auc=0.8505
    step  85 | forget_auc=0.8554 forget_acc=0.939 retain_auc=0.8504
    step  90 | forget_auc=0.8551 forget_acc=0.939 retain_auc=0.8503
    step  95 | forget_auc=0.8547 forget_acc=0.939 retain_auc=0.8502
    step 100 | forget_auc=0.8542 forget_acc=0.940 retain_auc=0.8500
    step 105 | forget_auc=0.8538 forget_acc=0.939 retain_auc=0.8498
    step 110 | forget_auc=0.8532 forget_acc=0.940 retain_auc=0.8495
    step 115 | forget_auc=0.8525 forget_acc=0.939 retain_auc=0.8492
    step 120 | forget_auc=0.8517 forget_acc=0.939 retain_auc=0.8490
    step 125 | forget_auc=0.8508 forget_acc=0.938 retain_auc=0.8487
    step 130 | forget_auc=0.8498 forget_acc=0.938 retain_auc=0.8484
    step 135 | forget_auc=0.8484 forget_acc=0.938 retain_auc=0.8478
    step 140 | forget_auc=0.8470 forget_acc=0.938 retain_auc=0.8473
    step 145 | forget_auc=0.8426 forget_acc=0.938 retain_auc=0.8446
    step 150 | forget_auc=0.8380 forget_acc=0.938 retain_auc=0.8409
    step 155 | forget_auc=0.8358 forget_acc=0.937 retain_auc=0.8385
    step 160 | forget_auc=0.8331 forget_acc=0.937 retain_auc=0.8353
    step 165 | forget_auc=0.8272 forget_acc=0.937 retain_auc=0.8292
    step 170 | forget_auc=0.8213 forget_acc=0.937 retain_auc=0.8225
    step 175 | forget_auc=0.8147 forget_acc=0.937 retain_auc=0.8154
    step 180 | forget_auc=0.8075 forget_acc=0.937 retain_auc=0.8073
  [ForgetAdapter] Done in 202.4s
  [RetainAdapter] LoRA params: 4,096 / 346,241 (1.18%)
  [RetainAdapter] Phase2 end forget_auc=0.8075 → ceiling=0.8875  (max_forget_recovery=0.08)
    epoch   5 | kl_loss=0.9705 val_auc=0.8291 forget_auc=0.8396 forgetting_score=0.4653
    epoch  10 | kl_loss=0.9707 val_auc=0.8336 forget_auc=0.8452 forgetting_score=0.4677
    epoch  15 | kl_loss=0.9709 val_auc=0.8326 forget_auc=0.8434 forgetting_score=0.4675
    epoch  20 | kl_loss=0.9718 val_auc=0.8315 forget_auc=0.8466 forgetting_score=0.4666
    epoch  25 | kl_loss=0.9713 val_auc=0.8327 forget_auc=0.8482 forgetting_score=0.4676
    epoch  30 | kl_loss=0.9709 val_auc=0.8334 forget_auc=0.8476 forgetting_score=0.4665
    epoch  35 | kl_loss=0.9708 val_auc=0.8328 forget_auc=0.8470 forgetting_score=0.4673
    epoch  40 | kl_loss=0.9711 val_auc=0.8326 forget_auc=0.8469 forgetting_score=0.4665
  [RetainAdapter] Done in 1322.7s | best val AUC=0.8347
    forget_acc=0.9378 retain_auc=0.8411 test_auc=0.8286 kl=0.4159 js=0.1256 time=1526.7s

  LoRA rank=8 forget_frac=5%
[Data] gmsc | train=78597 val=16842 test=16843
[Data] forget=3929 (random) | retain=74668
  [ForgetAdapter] LoRA params: 8,192 / 313,473 (2.61%)
    step   1 | forget_auc=0.8695 forget_acc=0.942 retain_auc=0.8509
    step   5 | forget_auc=0.8695 forget_acc=0.942 retain_auc=0.8509
    step  10 | forget_auc=0.8694 forget_acc=0.942 retain_auc=0.8509
    step  15 | forget_auc=0.8692 forget_acc=0.942 retain_auc=0.8509
    step  20 | forget_auc=0.8691 forget_acc=0.942 retain_auc=0.8509
    step  25 | forget_auc=0.8690 forget_acc=0.942 retain_auc=0.8509
    step  30 | forget_auc=0.8686 forget_acc=0.942 retain_auc=0.8509
    step  35 | forget_auc=0.8681 forget_acc=0.942 retain_auc=0.8509
    step  40 | forget_auc=0.8675 forget_acc=0.941 retain_auc=0.8510
    step  45 | forget_auc=0.8665 forget_acc=0.940 retain_auc=0.8509
    step  50 | forget_auc=0.8651 forget_acc=0.940 retain_auc=0.8507
    step  55 | forget_auc=0.8631 forget_acc=0.940 retain_auc=0.8503
    step  60 | forget_auc=0.8613 forget_acc=0.940 retain_auc=0.8498
    step  65 | forget_auc=0.8582 forget_acc=0.937 retain_auc=0.8486
    step  70 | forget_auc=0.8535 forget_acc=0.935 retain_auc=0.8462
    step  75 | forget_auc=0.8425 forget_acc=0.933 retain_auc=0.8381
    step  80 | forget_auc=0.8132 forget_acc=0.933 retain_auc=0.8147
    step  85 | forget_auc=0.5628 forget_acc=0.915 retain_auc=0.5554
    [ForgetAdapter] Retain AUC below 0.72 — stopping early
  [ForgetAdapter] Done in 104.0s
  [RetainAdapter] LoRA params: 8,192 / 354,433 (2.31%)
  [RetainAdapter] Phase2 end forget_auc=0.8132 → ceiling=0.8932  (max_forget_recovery=0.08)
    epoch   5 | kl_loss=0.9694 val_auc=0.8268 forget_auc=0.8544 forgetting_score=0.4609
    epoch  10 | kl_loss=0.9682 val_auc=0.8203 forget_auc=0.8449 forgetting_score=0.4580
    epoch  15 | kl_loss=0.9669 val_auc=0.8145 forget_auc=0.8406 forgetting_score=0.4533
    epoch  20 | kl_loss=0.9646 val_auc=0.8141 forget_auc=0.8473 forgetting_score=0.4539
    epoch  25 | kl_loss=0.9627 val_auc=0.8118 forget_auc=0.8436 forgetting_score=0.4528
    epoch  30 | kl_loss=0.9611 val_auc=0.8106 forget_auc=0.8434 forgetting_score=0.4519
    epoch  35 | kl_loss=0.9602 val_auc=0.8074 forget_auc=0.8392 forgetting_score=0.4497
    epoch  40 | kl_loss=0.9591 val_auc=0.8079 forget_auc=0.8403 forgetting_score=0.4498
  [RetainAdapter] Done in 1414.9s | best val AUC=0.8281
    forget_acc=0.9402 retain_auc=0.8393 test_auc=0.8226 kl=0.4159 js=0.1255 time=1519.3s

  LoRA rank=8 forget_frac=10%
[Data] gmsc | train=78597 val=16842 test=16843
[Data] forget=7859 (random) | retain=70738
  [ForgetAdapter] LoRA params: 8,192 / 313,473 (2.61%)
    step   1 | forget_auc=0.8550 forget_acc=0.940 retain_auc=0.8515
    step   5 | forget_auc=0.8550 forget_acc=0.940 retain_auc=0.8515
    step  10 | forget_auc=0.8549 forget_acc=0.940 retain_auc=0.8515
    step  15 | forget_auc=0.8548 forget_acc=0.940 retain_auc=0.8515
    step  20 | forget_auc=0.8546 forget_acc=0.940 retain_auc=0.8514
    step  25 | forget_auc=0.8545 forget_acc=0.940 retain_auc=0.8514
    step  30 | forget_auc=0.8543 forget_acc=0.940 retain_auc=0.8513
    step  35 | forget_auc=0.8541 forget_acc=0.940 retain_auc=0.8513
    step  40 | forget_auc=0.8539 forget_acc=0.940 retain_auc=0.8512
    step  45 | forget_auc=0.8537 forget_acc=0.939 retain_auc=0.8512
    step  50 | forget_auc=0.8537 forget_acc=0.938 retain_auc=0.8512
    step  55 | forget_auc=0.8535 forget_acc=0.938 retain_auc=0.8511
    step  60 | forget_auc=0.8534 forget_acc=0.938 retain_auc=0.8511
    step  65 | forget_auc=0.8533 forget_acc=0.939 retain_auc=0.8511
    step  70 | forget_auc=0.8530 forget_acc=0.939 retain_auc=0.8511
    step  75 | forget_auc=0.8526 forget_acc=0.939 retain_auc=0.8509
    step  80 | forget_auc=0.8518 forget_acc=0.939 retain_auc=0.8506
    step  85 | forget_auc=0.8510 forget_acc=0.939 retain_auc=0.8502
    step  90 | forget_auc=0.8498 forget_acc=0.938 retain_auc=0.8495
    step  95 | forget_auc=0.8485 forget_acc=0.938 retain_auc=0.8488
    step 100 | forget_auc=0.8467 forget_acc=0.937 retain_auc=0.8477
    step 105 | forget_auc=0.8446 forget_acc=0.935 retain_auc=0.8463
    step 110 | forget_auc=0.8417 forget_acc=0.934 retain_auc=0.8445
    step 115 | forget_auc=0.8361 forget_acc=0.932 retain_auc=0.8409
    step 120 | forget_auc=0.8301 forget_acc=0.931 retain_auc=0.8363
    step 125 | forget_auc=0.8253 forget_acc=0.930 retain_auc=0.8316
    step 130 | forget_auc=0.8192 forget_acc=0.928 retain_auc=0.8266
    step 135 | forget_auc=0.8084 forget_acc=0.925 retain_auc=0.8175
    step 140 | forget_auc=0.7851 forget_acc=0.857 retain_auc=0.7907
    step 145 | forget_auc=0.7473 forget_acc=0.734 retain_auc=0.7454
    step 150 | forget_auc=0.5333 forget_acc=0.279 retain_auc=0.5207
    [ForgetAdapter] Retain AUC below 0.72 — stopping early
  [ForgetAdapter] Done in 158.5s
  [RetainAdapter] LoRA params: 8,192 / 354,433 (2.31%)
  [RetainAdapter] Phase2 end forget_auc=0.7473 → ceiling=0.8273  (max_forget_recovery=0.08)
    [RetainAdapter] forget_auc=0.8400 exceeded ceiling 0.8273 — stopping early
  [RetainAdapter] Done in 68.0s | best val AUC=0.7922
    forget_acc=0.9398 retain_auc=0.8044 test_auc=0.7953 kl=0.4220 js=0.1273 time=227.4s

  LoRA rank=8 forget_frac=20%
[Data] gmsc | train=78597 val=16842 test=16843
[Data] forget=15719 (random) | retain=62878
  [ForgetAdapter] LoRA params: 8,192 / 313,473 (2.61%)
    step   1 | forget_auc=0.8566 forget_acc=0.939 retain_auc=0.8506
    step   5 | forget_auc=0.8566 forget_acc=0.939 retain_auc=0.8506
    step  10 | forget_auc=0.8566 forget_acc=0.939 retain_auc=0.8506
    step  15 | forget_auc=0.8566 forget_acc=0.939 retain_auc=0.8506
    step  20 | forget_auc=0.8566 forget_acc=0.939 retain_auc=0.8507
    step  25 | forget_auc=0.8566 forget_acc=0.939 retain_auc=0.8507
    step  30 | forget_auc=0.8565 forget_acc=0.939 retain_auc=0.8507
    step  35 | forget_auc=0.8564 forget_acc=0.939 retain_auc=0.8507
    step  40 | forget_auc=0.8562 forget_acc=0.939 retain_auc=0.8508
    step  45 | forget_auc=0.8559 forget_acc=0.938 retain_auc=0.8508
    step  50 | forget_auc=0.8556 forget_acc=0.938 retain_auc=0.8507
    step  55 | forget_auc=0.8551 forget_acc=0.939 retain_auc=0.8507
    step  60 | forget_auc=0.8546 forget_acc=0.939 retain_auc=0.8506
    step  65 | forget_auc=0.8541 forget_acc=0.939 retain_auc=0.8505
    step  70 | forget_auc=0.8534 forget_acc=0.939 retain_auc=0.8501
    step  75 | forget_auc=0.8527 forget_acc=0.939 retain_auc=0.8496
    step  80 | forget_auc=0.8520 forget_acc=0.938 retain_auc=0.8490
    step  85 | forget_auc=0.8510 forget_acc=0.938 retain_auc=0.8483
    step  90 | forget_auc=0.8500 forget_acc=0.935 retain_auc=0.8477/storage/dd25007/conda_envs/lora_mu/lib/python3.11/site-packages/scipy/spatial/distance.py:1290: RuntimeWarning: invalid value encountered in sqrt
  return np.sqrt(js / 2.0)

    step  95 | forget_auc=0.8482 forget_acc=0.935 retain_auc=0.8466
    step 100 | forget_auc=0.8458 forget_acc=0.934 retain_auc=0.8453
    step 105 | forget_auc=0.8435 forget_acc=0.933 retain_auc=0.8443
    step 110 | forget_auc=0.8418 forget_acc=0.933 retain_auc=0.8432
    step 115 | forget_auc=0.8406 forget_acc=0.934 retain_auc=0.8422
    step 120 | forget_auc=0.8380 forget_acc=0.937 retain_auc=0.8404
    step 125 | forget_auc=0.8363 forget_acc=0.937 retain_auc=0.8394
    step 130 | forget_auc=0.8352 forget_acc=0.937 retain_auc=0.8387
    step 135 | forget_auc=0.8334 forget_acc=0.937 retain_auc=0.8369
    step 140 | forget_auc=0.8298 forget_acc=0.937 retain_auc=0.8330
    step 145 | forget_auc=0.8243 forget_acc=0.939 retain_auc=0.8273
    step 150 | forget_auc=0.8151 forget_acc=0.938 retain_auc=0.8168
    step 155 | forget_auc=0.8045 forget_acc=0.937 retain_auc=0.8074
    step 160 | forget_auc=0.7993 forget_acc=0.937 retain_auc=0.7987
    step 165 | forget_auc=0.7897 forget_acc=0.937 retain_auc=0.7878
    step 170 | forget_auc=0.7676 forget_acc=0.937 retain_auc=0.7654
    step 175 | forget_auc=0.6971 forget_acc=0.937 retain_auc=0.6942
    [ForgetAdapter] Retain AUC below 0.72 — stopping early
  [ForgetAdapter] Done in 183.8s
  [RetainAdapter] LoRA params: 8,192 / 354,433 (2.31%)
  [RetainAdapter] Phase2 end forget_auc=0.7676 → ceiling=0.8476  (max_forget_recovery=0.08)
    epoch   5 | kl_loss=0.9719 val_auc=0.8311 forget_auc=0.8483 forgetting_score=0.4674
    [RetainAdapter] forget_auc=0.8483 exceeded ceiling 0.8476 — stopping early
  [RetainAdapter] Done in 157.2s | best val AUC=0.8221
    forget_acc=0.9370 retain_auc=0.8311 test_auc=0.8198 kl=0.4161 js=0.1256 time=342.9s

  LoRA rank=16 forget_frac=5%
[Data] gmsc | train=78597 val=16842 test=16843
[Data] forget=3929 (random) | retain=74668
  [ForgetAdapter] LoRA params: 16,384 / 321,665 (5.09%)
    step   1 | forget_auc=0.8695 forget_acc=0.942 retain_auc=0.8509
    step   5 | forget_auc=0.8693 forget_acc=0.942 retain_auc=0.8510
    step  10 | forget_auc=0.8691 forget_acc=0.942 retain_auc=0.8510
    step  15 | forget_auc=0.8687 forget_acc=0.942 retain_auc=0.8510
    step  20 | forget_auc=0.8683 forget_acc=0.942 retain_auc=0.8510
    step  25 | forget_auc=0.8680 forget_acc=0.942 retain_auc=0.8510
    step  30 | forget_auc=0.8675 forget_acc=0.941 retain_auc=0.8510
    step  35 | forget_auc=0.8669 forget_acc=0.941 retain_auc=0.8509
    step  40 | forget_auc=0.8661 forget_acc=0.939 retain_auc=0.8507
    step  45 | forget_auc=0.8646 forget_acc=0.938 retain_auc=0.8501
    step  50 | forget_auc=0.8615 forget_acc=0.933 retain_auc=0.8482
    step  55 | forget_auc=0.8540 forget_acc=0.928 retain_auc=0.8433
    step  60 | forget_auc=0.8398 forget_acc=0.925 retain_auc=0.8323
    step  65 | forget_auc=0.7984 forget_acc=0.933 retain_auc=0.8012
    step  70 | forget_auc=0.4563 forget_acc=0.824 retain_auc=0.4421
    [ForgetAdapter] Retain AUC below 0.72 — stopping early
  [ForgetAdapter] Done in 75.3s
  [RetainAdapter] LoRA params: 16,384 / 370,817 (4.42%)
  [RetainAdapter] Phase2 end forget_auc=0.7984 → ceiling=0.8784  (max_forget_recovery=0.08)
    epoch   5 | kl_loss=0.9692 val_auc=0.8285 forget_auc=0.8484 forgetting_score=0.4623
    epoch  10 | kl_loss=0.9680 val_auc=0.8192 forget_auc=0.8364 forgetting_score=0.4569
    epoch  15 | kl_loss=0.9660 val_auc=0.8050 forget_auc=0.8279 forgetting_score=0.4492
    epoch  20 | kl_loss=0.9650 val_auc=0.8020 forget_auc=0.8298 forgetting_score=0.4482
    epoch  25 | kl_loss=0.9619 val_auc=0.7926 forget_auc=0.8266 forgetting_score=0.4419
    epoch  30 | kl_loss=0.9604 val_auc=0.7863 forget_auc=0.8291 forgetting_score=0.4406
    epoch  35 | kl_loss=0.9597 val_auc=0.7863 forget_auc=0.8286 forgetting_score=0.4398
    epoch  40 | kl_loss=0.9589 val_auc=0.7867 forget_auc=0.8295 forgetting_score=0.4396
  [RetainAdapter] Done in 1465.2s | best val AUC=0.8294
    forget_acc=0.9389 retain_auc=0.8376 test_auc=0.8220 kl=0.4137 js=0.1249 time=1540.9s

  LoRA rank=16 forget_frac=10%
[Data] gmsc | train=78597 val=16842 test=16843
[Data] forget=7859 (random) | retain=70738
  [ForgetAdapter] LoRA params: 16,384 / 321,665 (5.09%)
    step   1 | forget_auc=0.8550 forget_acc=0.940 retain_auc=0.8515
    step   5 | forget_auc=0.8549 forget_acc=0.940 retain_auc=0.8515
    step  10 | forget_auc=0.8548 forget_acc=0.940 retain_auc=0.8515
    step  15 | forget_auc=0.8548 forget_acc=0.940 retain_auc=0.8515
    step  20 | forget_auc=0.8547 forget_acc=0.940 retain_auc=0.8515
    step  25 | forget_auc=0.8545 forget_acc=0.940 retain_auc=0.8515
    step  30 | forget_auc=0.8542 forget_acc=0.940 retain_auc=0.8515
    step  35 | forget_auc=0.8538 forget_acc=0.940 retain_auc=0.8514
    step  40 | forget_auc=0.8536 forget_acc=0.940 retain_auc=0.8514
    step  45 | forget_auc=0.8535 forget_acc=0.940 retain_auc=0.8513
    step  50 | forget_auc=0.8534 forget_acc=0.939 retain_auc=0.8513
    step  55 | forget_auc=0.8529 forget_acc=0.939 retain_auc=0.8512
    step  60 | forget_auc=0.8524 forget_acc=0.939 retain_auc=0.8510
    step  65 | forget_auc=0.8520 forget_acc=0.939 retain_auc=0.8508
    step  70 | forget_auc=0.8506 forget_acc=0.938 retain_auc=0.8503
    step  75 | forget_auc=0.8488 forget_acc=0.939 retain_auc=0.8494
    step  80 | forget_auc=0.8468 forget_acc=0.939 retain_auc=0.8482
    step  85 | forget_auc=0.8453 forget_acc=0.938 retain_auc=0.8473
    step  90 | forget_auc=0.8433 forget_acc=0.938 retain_auc=0.8462
    step  95 | forget_auc=0.8405 forget_acc=0.938 retain_auc=0.8443
    step 100 | forget_auc=0.8379 forget_acc=0.939 retain_auc=0.8423
    step 105 | forget_auc=0.8338 forget_acc=0.938 retain_auc=0.8381
    step 110 | forget_auc=0.8280 forget_acc=0.939 retain_auc=0.8325
    step 115 | forget_auc=0.8198 forget_acc=0.939 retain_auc=0.8271
    step 120 | forget_auc=0.8090 forget_acc=0.939 retain_auc=0.8197
    step 125 | forget_auc=0.8056 forget_acc=0.940 retain_auc=0.8150
    step 130 | forget_auc=0.8019 forget_acc=0.940 retain_auc=0.8120
    step 135 | forget_auc=0.7983 forget_acc=0.939 retain_auc=0.8078
    step 140 | forget_auc=0.7956 forget_acc=0.939 retain_auc=0.8043
    step 145 | forget_auc=0.7920 forget_acc=0.939 retain_auc=0.8015
    step 150 | forget_auc=0.7811 forget_acc=0.939 retain_auc=0.7913
    step 155 | forget_auc=0.7638 forget_acc=0.939 retain_auc=0.7746
    step 160 | forget_auc=0.7433 forget_acc=0.939 retain_auc=0.7536
    step 165 | forget_auc=0.7069 forget_acc=0.939 retain_auc=0.7178
    [ForgetAdapter] Retain AUC below 0.72 — stopping early
  [ForgetAdapter] Done in 178.0s
  [RetainAdapter] LoRA params: 16,384 / 370,817 (4.42%)
  [RetainAdapter] Phase2 end forget_auc=0.7433 → ceiling=0.8233  (max_forget_recovery=0.08)
    [RetainAdapter] forget_auc=0.8356 exceeded ceiling 0.8233 — stopping early
  [RetainAdapter] Done in 106.0s | best val AUC=0.8040
    forget_acc=0.9387 retain_auc=0.8114 test_auc=0.7995 kl=0.4106 js=0.1241 time=284.7s

  LoRA rank=16 forget_frac=20%
[Data] gmsc | train=78597 val=16842 test=16843
[Data] forget=15719 (random) | retain=62878
  [ForgetAdapter] LoRA params: 16,384 / 321,665 (5.09%)
    step   1 | forget_auc=0.8565 forget_acc=0.939 retain_auc=0.8506
    step   5 | forget_auc=0.8564 forget_acc=0.939 retain_auc=0.8506
    step  10 | forget_auc=0.8562 forget_acc=0.939 retain_auc=0.8505
    step  15 | forget_auc=0.8560 forget_acc=0.939 retain_auc=0.8505
    step  20 | forget_auc=0.8560 forget_acc=0.939 retain_auc=0.8505
    step  25 | forget_auc=0.8560 forget_acc=0.939 retain_auc=0.8506
    step  30 | forget_auc=0.8559 forget_acc=0.939 retain_auc=0.8506
    step  35 | forget_auc=0.8560 forget_acc=0.939 retain_auc=0.8506
    step  40 | forget_auc=0.8560 forget_acc=0.939 retain_auc=0.8506
    step  45 | forget_auc=0.8559 forget_acc=0.939 retain_auc=0.8506
    step  50 | forget_auc=0.8559 forget_acc=0.939 retain_auc=0.8506
    step  55 | forget_auc=0.8558 forget_acc=0.939 retain_auc=0.8505
    step  60 | forget_auc=0.8557 forget_acc=0.939 retain_auc=0.8505
    step  65 | forget_auc=0.8556 forget_acc=0.939 retain_auc=0.8505
    step  70 | forget_auc=0.8555 forget_acc=0.939 retain_auc=0.8505
    step  75 | forget_auc=0.8553 forget_acc=0.938 retain_auc=0.8504/storage/dd25007/conda_envs/lora_mu/lib/python3.11/site-packages/scipy/spatial/distance.py:1290: RuntimeWarning: invalid value encountered in sqrt
  return np.sqrt(js / 2.0)
/storage/dd25007/conda_envs/lora_mu/lib/python3.11/site-packages/scipy/spatial/distance.py:1290: RuntimeWarning: invalid value encountered in sqrt
  return np.sqrt(js / 2.0)
/storage/dd25007/conda_envs/lora_mu/lib/python3.11/site-packages/sklearn/metrics/_ranking.py:442: UndefinedMetricWarning: Only one class is present in y_true. ROC AUC score is not defined in that case.
  warnings.warn(

    step  80 | forget_auc=0.8549 forget_acc=0.939 retain_auc=0.8503
    step  85 | forget_auc=0.8544 forget_acc=0.939 retain_auc=0.8502
    step  90 | forget_auc=0.8537 forget_acc=0.938 retain_auc=0.8499
    step  95 | forget_auc=0.8531 forget_acc=0.938 retain_auc=0.8497
    step 100 | forget_auc=0.8525 forget_acc=0.938 retain_auc=0.8496
    step 105 | forget_auc=0.8520 forget_acc=0.938 retain_auc=0.8493
    step 110 | forget_auc=0.8509 forget_acc=0.937 retain_auc=0.8487
    step 115 | forget_auc=0.8491 forget_acc=0.937 retain_auc=0.8478
    step 120 | forget_auc=0.8471 forget_acc=0.936 retain_auc=0.8468
    step 125 | forget_auc=0.8429 forget_acc=0.937 retain_auc=0.8442
    step 130 | forget_auc=0.8335 forget_acc=0.938 retain_auc=0.8370
    step 135 | forget_auc=0.8173 forget_acc=0.939 retain_auc=0.8200
    step 140 | forget_auc=0.7632 forget_acc=0.937 retain_auc=0.7523
    step 145 | forget_auc=0.6422 forget_acc=0.937 retain_auc=0.6283
    [ForgetAdapter] Retain AUC below 0.72 — stopping early
  [ForgetAdapter] Done in 158.9s
  [RetainAdapter] LoRA params: 16,384 / 370,817 (4.42%)
  [RetainAdapter] Phase2 end forget_auc=0.7632 → ceiling=0.8432  (max_forget_recovery=0.08)
    [RetainAdapter] forget_auc=0.8452 exceeded ceiling 0.8432 — stopping early
  [RetainAdapter] Done in 86.1s | best val AUC=0.8297
    forget_acc=0.9384 retain_auc=0.8366 test_auc=0.8256 kl=0.4114 js=0.1243 time=245.8s

Step 5: Ablation study
  5a. Phase 2 only (no retain adapter)
    forget_acc=0.9388 retain_auc=0.7829 test_auc=0.7782 kl=0.0847 js=0.0263 time=0.0s
  5b. Phase 3 only (no forget adapter)
    forget_acc=0.9399 retain_auc=0.8510 test_auc=0.8352 kl=0.0001 js=0.0000 time=0.0s
  5c. Full LoRA method
    forget_acc=0.9407 retain_auc=0.8432 test_auc=0.8298 kl=0.4147 js=0.1252 time=0.0s

Step 6: MIA attack experiment
  Running LoRA unlearn for MIA evaluation...

── MIA Suite ──────────────────────────────────────
  [MIA-Loss] forget_loss_mean=0.2046 retain_loss_mean=0.1931 attack_acc=0.9126 attack_auc=0.5000 (goal≈0.5)
  [LiRA] forget_score_mean=0.0285 retain_score_mean=0.0241
  [LiRA] attack_auc=0.4986 attack_acc=0.6729 (goal≈0.5 for both)
  [RelearningMIA] forget_auc: 0.7106 → 0.7170 over 20 steps (gain=+0.0065)
  [RelearningMIA] Small gain (<0.1) → certified. Large gain (>0.2) → superficial forgetting.
  [MIA] Training 4 shadow models (calibrated (D_retain only))...
    Shadow model 1/4 done (mia_score=0.0000)
    Shadow model 2/4 done (mia_score=0.0000)
    Shadow model 3/4 done (mia_score=0.0000)
    Shadow model 4/4 done (mia_score=0.0000)
  [MIA] forget_set MIA accuracy=0.0000 (goal≈0.5) | retain_set MIA=0.0000 | MIA AUC=nan
  [MIA-CI] Per-shadow scores: ['0.000', '0.000', '0.000', '0.000']
  [MIA-CI] Mean=0.0000 ± Std=0.0000  ← High std with n_forget=70 means shadow MIA is unreliable.
           Recommend reporting LiRA AUC instead as primary metric.

── MIA Summary ────────────────────────────────────
  Loss MIA AUC    = 0.5000  (primary, goal≈0.5)
  LiRA AUC        = 0.4986  (primary if ref model available, goal≈0.5)
  Relearn gain    = +0.0065  (✓ certified)
  Shadow MIA      = 0.0000 ± 0.0000  (CI shows reliability)
───────────────────────────────────────────────────
  MIA on base model (upper bound)...
  [MIA-Loss] forget_loss_mean=0.1732 retain_loss_mean=0.1692 attack_acc=0.8759 attack_auc=0.5001 (goal≈0.5)

  Results saved to results/results_gmsc_tabddpm.json

================================================================================
RESULTS SUMMARY — gmsc / tabddpm
================================================================================
Method                     ForgetAUC  ForgetAcc  RetainAUC    TestAUC       KL   Time(s)
--------------------------------------------------------------------------------
Base Model                    0.8550     0.9402        N/A     0.8350      N/A       N/A
full_retrain                  0.8497     0.9396     0.8517     0.8348   0.0011    1208.7
gradient_ascent               0.2365     0.9387     0.2411     0.2447   0.2408     108.1
finetune_retain               0.8554     0.9406     0.8520     0.8352   0.0002      73.1
sisa                          0.8502     0.9403     0.8451     0.8323   0.0020     266.2
influence_fn                  0.8550     0.9402     0.8515     0.8350   0.0000       1.0
random_labels                 0.8542     0.9397     0.8505     0.8352   0.0007     217.1
LoRA-r4_f5pct                 0.7248     0.9404     0.7314     0.7329   0.0756     141.7
LoRA-r4_f10pct                0.6686     0.9360     0.7257     0.7193   0.0612     172.2
LoRA-r4_f20pct                0.8472     0.9378     0.8411     0.8286   0.4159    1526.7
LoRA-r8_f5pct                 0.8555     0.9402     0.8393     0.8226   0.4159    1519.3
LoRA-r8_f10pct                0.8121     0.9398     0.8044     0.7953   0.4220     227.4
LoRA-r8_f20pct                0.8394     0.9370     0.8311     0.8198   0.4161     342.9
LoRA-r16_f5pct                0.8449     0.9389     0.8376     0.8220   0.4137    1540.9
LoRA-r16_f10pct               0.8170     0.9387     0.8114     0.7995   0.4106     284.7
LoRA-r16_f20pct               0.8405     0.9384     0.8366     0.8256   0.4114     245.8
================================================================================

MIA Results (goal: ≈0.5)
  lora_loss_mia: MIA score = 0.9126
  lora_shadow_mia: MIA score = 0.0000
  base_loss_mia: MIA score = 0.8759
  lora_lira: AUC = 0.4986  acc = 0.6729  (primary metric)
  lora_relearning: gain = +0.0065  ✓ certified
  lora_shadow_mia: 0.0000 ± 0.0000  (high std = unreliable on small D_f)

Done.
