/storage/dd25007/conda_envs/lora_mu/lib/python3.11/site-packages/scipy/spatial/distance.py:1290: RuntimeWarning: invalid value encountered in sqrt
  return np.sqrt(js / 2.0)
/storage/dd25007/conda_envs/lora_mu/lib/python3.11/site-packages/scipy/spatial/distance.py:1290: RuntimeWarning: invalid value encountered in sqrt
  return np.sqrt(js / 2.0)
/storage/dd25007/conda_envs/lora_mu/lib/python3.11/site-packages/scipy/spatial/distance.py:1290: RuntimeWarning: invalid value encountered in sqrt
  return np.sqrt(js / 2.0)
/storage/dd25007/conda_envs/lora_mu/lib/python3.11/site-packages/scipy/spatial/distance.py:1290: RuntimeWarning: invalid value encountered in sqrt
  return np.sqrt(js / 2.0)
/storage/dd25007/conda_envs/lora_mu/lib/python3.11/site-packages/scipy/spatial/distance.py:1290: RuntimeWarning: invalid value encountered in sqrt
  return np.sqrt(js / 2.0)
/storage/dd25007/conda_envs/lora_mu/lib/python3.11/site-packages/scipy/spatial/distance.py:1290: RuntimeWarning: invalid value encountered in sqrt
  return np.sqrt(js / 2.0)
/storage/dd25007/conda_envs/lora_mu/lib/python3.11/site-packages/scipy/spatial/distance.py:1290: RuntimeWarning: invalid value encountered in sqrt
  return np.sqrt(js / 2.0)

============================================================
LoRA-Credit-Unlearn Pipeline
  dataset=gmsc | arch=tab_transformer | device=cuda
============================================================

Step 1: Data preparation
[Data] gmsc | train=78597 val=16842 test=16843
[Data] forget=7859 (random) | retain=70738

Step 2: Train base model M
  Loading cached checkpoint from checkpoints/base_gmsc_tab_transformer.pt
  Base model | test_auc=0.8376 | forget_auc=0.8560 | forget_acc=0.9407
  [Config] Auto-tuned for forget_set=7859: fa_steps 100→183, fa_lr 5e-04→2e-03, lambda_retain 0.5→0.2, ra_epochs 25→40

Step 3: Baselines

  3a. Full Retrain
  [Baseline] Full Retrain on D_r...
    Elapsed: 218.7s
    forget_acc=0.9398 retain_auc=0.8500 test_auc=0.8354 kl=0.0011 js=0.0003 time=218.7s

  3b. Naïve Gradient Ascent
  [Baseline] Naïve Gradient Ascent...
    forget_acc=0.8365 retain_auc=0.7591 test_auc=0.7381 kl=0.3570 js=0.1068 time=116.6s

  3c. Fine-tune on D_r
  [Baseline] Fine-tune on D_r...
    forget_acc=0.9408 retain_auc=0.8529 test_auc=0.8370 kl=0.0001 js=0.0000 time=24.0s

  3d. SISA
  [Baseline] SISA with 4 shards...
    Affected shards: [0, 1, 2, 3] (out of 4)
    SISA elapsed: 85.8s
    forget_acc=0.9407 retain_auc=0.8452 test_auc=0.8299 kl=0.0018 js=0.0004 time=85.8s

  3e. Influence Functions
  [Baseline] Influence Functions (Newton-step approx)...
    Influence fn elapsed: 0.2s
    forget_acc=0.9407 retain_auc=0.8521 test_auc=0.8375 kl=0.0000 js=0.0000 time=0.2s

Step 4: LoRA-Credit-Unlearn method

  LoRA rank=4 forget_frac=5%
[Data] gmsc | train=78597 val=16842 test=16843
[Data] forget=3929 (random) | retain=74668
  [ForgetAdapter] LoRA params: 1,320 / 20,941 (6.30%)
    step   1 | forget_auc=0.8674 forget_acc=0.944 retain_auc=0.8517
    step   5 | forget_auc=0.8670 forget_acc=0.944 retain_auc=0.8517
    step  10 | forget_auc=0.8646 forget_acc=0.943 retain_auc=0.8510
    step  15 | forget_auc=0.8638 forget_acc=0.943 retain_auc=0.8507
    step  20 | forget_auc=0.8606 forget_acc=0.943 retain_auc=0.8495
    step  25 | forget_auc=0.8530 forget_acc=0.943 retain_auc=0.8455
    step  30 | forget_auc=0.8355 forget_acc=0.943 retain_auc=0.8336
    step  35 | forget_auc=0.7796 forget_acc=0.941 retain_auc=0.7892
    step  40 | forget_auc=0.6467 forget_acc=0.847 retain_auc=0.6647
    [ForgetAdapter] Retain AUC below 0.72 — stopping early
  [ForgetAdapter] Done in 27.4s
  [RetainAdapter] LoRA params: 5,036 / 35,449 (14.21%)
  [RetainAdapter] Phase2 end forget_auc=0.7796 → ceiling=0.8596  (max_forget_recovery=0.08)
    [RetainAdapter] forget_auc=0.8634 exceeded ceiling 0.8596 — stopping early
  [RetainAdapter] Done in 11.3s | best val AUC=-1.0000
    forget_acc=0.9410 retain_auc=0.7892 test_auc=0.7706 kl=0.1119 js=0.0342 time=38.9s

  LoRA rank=4 forget_frac=10%
[Data] gmsc | train=78597 val=16842 test=16843
[Data] forget=7859 (random) | retain=70738
  [ForgetAdapter] LoRA params: 1,320 / 20,941 (6.30%)
    step   1 | forget_auc=0.8560 forget_acc=0.940 retain_auc=0.8520
    step   5 | forget_auc=0.8543 forget_acc=0.941 retain_auc=0.8506
    step  10 | forget_auc=0.8505 forget_acc=0.941 retain_auc=0.8479
    step  15 | forget_auc=0.8437 forget_acc=0.940 retain_auc=0.8417
    step  20 | forget_auc=0.8321 forget_acc=0.940 retain_auc=0.8309
    step  25 | forget_auc=0.8169 forget_acc=0.939 retain_auc=0.8180
    step  30 | forget_auc=0.7875 forget_acc=0.939 retain_auc=0.7924
    step  35 | forget_auc=0.7352 forget_acc=0.935 retain_auc=0.7456
    step  40 | forget_auc=0.6510 forget_acc=0.906 retain_auc=0.6682
    [ForgetAdapter] Retain AUC below 0.72 — stopping early
  [ForgetAdapter] Done in 28.8s
  [RetainAdapter] LoRA params: 5,036 / 35,449 (14.21%)
  [RetainAdapter] Phase2 end forget_auc=0.7352 → ceiling=0.8152  (max_forget_recovery=0.08)
    [RetainAdapter] forget_auc=0.8411 exceeded ceiling 0.8152 — stopping early
  [RetainAdapter] Done in 11.6s | best val AUC=-1.0000
    forget_acc=0.9349 retain_auc=0.7456 test_auc=0.7402 kl=0.0516 js=0.0145 time=40.6s

  LoRA rank=4 forget_frac=20%
[Data] gmsc | train=78597 val=16842 test=16843
[Data] forget=15719 (random) | retain=62878
  [ForgetAdapter] LoRA params: 1,320 / 20,941 (6.30%)
    step   1 | forget_auc=0.8578 forget_acc=0.941 retain_auc=0.8510
    step   5 | forget_auc=0.8569 forget_acc=0.941 retain_auc=0.8509
    step  10 | forget_auc=0.8554 forget_acc=0.941 retain_auc=0.8506
    step  15 | forget_auc=0.8535 forget_acc=0.940 retain_auc=0.8499
    step  20 | forget_auc=0.8525 forget_acc=0.940 retain_auc=0.8494
    step  25 | forget_auc=0.8511 forget_acc=0.939 retain_auc=0.8483
    step  30 | forget_auc=0.8408 forget_acc=0.939 retain_auc=0.8415
    step  35 | forget_auc=0.8114 forget_acc=0.933 retain_auc=0.8189
    step  40 | forget_auc=0.7302 forget_acc=0.851 retain_auc=0.7451
    step  45 | forget_auc=0.6039 forget_acc=0.185 retain_auc=0.6091
    [ForgetAdapter] Retain AUC below 0.72 — stopping early
  [ForgetAdapter] Done in 29.9s
  [RetainAdapter] LoRA params: 5,036 / 35,449 (14.21%)
  [RetainAdapter] Phase2 end forget_auc=0.7302 → ceiling=0.8102  (max_forget_recovery=0.08)
    [RetainAdapter] forget_auc=0.8496 exceeded ceiling 0.8102 — stopping early
  [RetainAdapter] Done in 10.8s | best val AUC=-1.0000
    forget_acc=0.8509 retain_auc=0.7451 test_auc=0.7247 kl=0.3381 js=0.1014 time=41.9s

  LoRA rank=8 forget_frac=5%
[Data] gmsc | train=78597 val=16842 test=16843
[Data] forget=3929 (random) | retain=74668
  [ForgetAdapter] LoRA params: 2,640 / 22,261 (11.86%)
    step   1 | forget_auc=0.8680 forget_acc=0.944 retain_auc=0.8515
    step   5 | forget_auc=0.8672 forget_acc=0.943 retain_auc=0.8506
    step  10 | forget_auc=0.8662 forget_acc=0.944 retain_auc=0.8490
    step  15 | forget_auc=0.8639 forget_acc=0.944 retain_auc=0.8477
    step  20 | forget_auc=0.8589 forget_acc=0.943 retain_auc=0.8450
    step  25 | forget_auc=0.8504 forget_acc=0.943 retain_auc=0.8396
    step  30 | forget_auc=0.8340 forget_acc=0.943 retain_auc=0.8279
    step  35 | forget_auc=0.7777 forget_acc=0.917 retain_auc=0.7826
    step  40 | forget_auc=0.6425 forget_acc=0.725 retain_auc=0.6619
    [ForgetAdapter] Retain AUC below 0.72 — stopping early
  [ForgetAdapter] Done in 29.5s
  [RetainAdapter] LoRA params: 10,072 / 41,805 (24.09%)
  [RetainAdapter] Phase2 end forget_auc=0.7777 → ceiling=0.8577  (max_forget_recovery=0.08)
    [RetainAdapter] forget_auc=0.8590 exceeded ceiling 0.8577 — stopping early
  [RetainAdapter] Done in 11.5s | best val AUC=-1.0000
    forget_acc=0.9173 retain_auc=0.7826 test_auc=0.7682 kl=0.1568 js=0.0473 time=41.2s

  LoRA rank=8 forget_frac=10%
[Data] gmsc | train=78597 val=16842 test=16843
[Data] forget=7859 (random) | retain=70738
  [ForgetAdapter] LoRA params: 2,640 / 22,261 (11.86%)
    step   1 | forget_auc=0.8553 forget_acc=0.941 retain_auc=0.8523
    step   5 | forget_auc=0.8520 forget_acc=0.941 retain_auc=0.8514
    step  10 | forget_auc=0.8448 forget_acc=0.941 retain_auc=0.8479
    step  15 | forget_auc=0.8321 forget_acc=0.940 retain_auc=0.8398
    step  20 | forget_auc=0.8144 forget_acc=0.940 retain_auc=0.8272
    step  25 | forget_auc=0.7914 forget_acc=0.940 retain_auc=0.8089
    step  30 | forget_auc=0.7626 forget_acc=0.936 retain_auc=0.7844
    step  35 | forget_auc=0.7225 forget_acc=0.926 retain_auc=0.7468
    step  40 | forget_auc=0.6737 forget_acc=0.900 retain_auc=0.6980
    [ForgetAdapter] Retain AUC below 0.72 — stopping early
  [ForgetAdapter] Done in 31.1s
  [RetainAdapter] LoRA params: 10,072 / 41,805 (24.09%)
  [RetainAdapter] Phase2 end forget_auc=0.7225 → ceiling=0.8025  (max_forget_recovery=0.08)
    [RetainAdapter] forget_auc=0.8493 exceeded ceiling 0.8025 — stopping early
  [RetainAdapter] Done in 10.8s | best val AUC=-1.0000
    forget_acc=0.9262 retain_auc=0.7468 test_auc=0.7258 kl=0.0624 js=0.0159 time=42.3s

  LoRA rank=8 forget_frac=20%
[Data] gmsc | train=78597 val=16842 test=16843
[Data] forget=15719 (random) | retain=62878
  [ForgetAdapter] LoRA params: 2,640 / 22,261 (11.86%)
    step   1 | forget_auc=0.8578 forget_acc=0.941 retain_auc=0.8512
    step   5 | forget_auc=0.8559 forget_acc=0.941 retain_auc=0.8513
    step  10 | forget_auc=0.8539 forget_acc=0.941 retain_auc=0.8506/storage/dd25007/conda_envs/lora_mu/lib/python3.11/site-packages/scipy/spatial/distance.py:1290: RuntimeWarning: invalid value encountered in sqrt
  return np.sqrt(js / 2.0)
/storage/dd25007/conda_envs/lora_mu/lib/python3.11/site-packages/scipy/spatial/distance.py:1290: RuntimeWarning: invalid value encountered in sqrt
  return np.sqrt(js / 2.0)
/storage/dd25007/conda_envs/lora_mu/lib/python3.11/site-packages/scipy/spatial/distance.py:1290: RuntimeWarning: invalid value encountered in sqrt
  return np.sqrt(js / 2.0)
/storage/dd25007/conda_envs/lora_mu/lib/python3.11/site-packages/scipy/spatial/distance.py:1290: RuntimeWarning: invalid value encountered in sqrt
  return np.sqrt(js / 2.0)
/storage/dd25007/conda_envs/lora_mu/lib/python3.11/site-packages/scipy/spatial/distance.py:1290: RuntimeWarning: invalid value encountered in sqrt
  return np.sqrt(js / 2.0)
/storage/dd25007/conda_envs/lora_mu/lib/python3.11/site-packages/scipy/spatial/distance.py:1290: RuntimeWarning: invalid value encountered in sqrt
  return np.sqrt(js / 2.0)
/storage/dd25007/conda_envs/lora_mu/lib/python3.11/site-packages/sklearn/metrics/_ranking.py:442: UndefinedMetricWarning: Only one class is present in y_true. ROC AUC score is not defined in that case.
  warnings.warn(

    step  15 | forget_auc=0.8500 forget_acc=0.940 retain_auc=0.8488
    step  20 | forget_auc=0.8431 forget_acc=0.940 retain_auc=0.8444
    step  25 | forget_auc=0.8339 forget_acc=0.940 retain_auc=0.8385
    step  30 | forget_auc=0.8193 forget_acc=0.940 retain_auc=0.8285
    step  35 | forget_auc=0.7894 forget_acc=0.940 retain_auc=0.8060
    step  40 | forget_auc=0.7476 forget_acc=0.938 retain_auc=0.7708
    step  45 | forget_auc=0.6964 forget_acc=0.937 retain_auc=0.7228
    step  50 | forget_auc=0.6421 forget_acc=0.929 retain_auc=0.6683
    [ForgetAdapter] Retain AUC below 0.72 — stopping early
  [ForgetAdapter] Done in 34.8s
  [RetainAdapter] LoRA params: 10,072 / 41,805 (24.09%)
  [RetainAdapter] Phase2 end forget_auc=0.6964 → ceiling=0.7764  (max_forget_recovery=0.08)
    [RetainAdapter] forget_auc=0.8495 exceeded ceiling 0.7764 — stopping early
  [RetainAdapter] Done in 16.5s | best val AUC=-1.0000
    forget_acc=0.9373 retain_auc=0.7228 test_auc=0.6923 kl=0.0535 js=0.0108 time=52.0s

  LoRA rank=16 forget_frac=5%
[Data] gmsc | train=78597 val=16842 test=16843
[Data] forget=3929 (random) | retain=74668
  [ForgetAdapter] LoRA params: 5,280 / 24,901 (21.20%)
    step   1 | forget_auc=0.8679 forget_acc=0.944 retain_auc=0.8517
    step   5 | forget_auc=0.8658 forget_acc=0.943 retain_auc=0.8514
    step  10 | forget_auc=0.8631 forget_acc=0.943 retain_auc=0.8504
    step  15 | forget_auc=0.8592 forget_acc=0.943 retain_auc=0.8487
    step  20 | forget_auc=0.8526 forget_acc=0.942 retain_auc=0.8450
    step  25 | forget_auc=0.8434 forget_acc=0.943 retain_auc=0.8396
    step  30 | forget_auc=0.8182 forget_acc=0.942 retain_auc=0.8225
    step  35 | forget_auc=0.7745 forget_acc=0.941 retain_auc=0.7892
    step  40 | forget_auc=0.6935 forget_acc=0.915 retain_auc=0.7205
    step  45 | forget_auc=0.5905 forget_acc=0.773 retain_auc=0.6243
    [ForgetAdapter] Retain AUC below 0.72 — stopping early
  [ForgetAdapter] Done in 35.0s
  [RetainAdapter] LoRA params: 20,144 / 54,517 (36.95%)
  [RetainAdapter] Phase2 end forget_auc=0.6935 → ceiling=0.7735  (max_forget_recovery=0.08)
    [RetainAdapter] forget_auc=0.8565 exceeded ceiling 0.7735 — stopping early
  [RetainAdapter] Done in 11.9s | best val AUC=-1.0000
    forget_acc=0.9152 retain_auc=0.7205 test_auc=0.7081 kl=0.1301 js=0.0392 time=47.2s

  LoRA rank=16 forget_frac=10%
[Data] gmsc | train=78597 val=16842 test=16843
[Data] forget=7859 (random) | retain=70738
  [ForgetAdapter] LoRA params: 5,280 / 24,901 (21.20%)
    step   1 | forget_auc=0.8559 forget_acc=0.941 retain_auc=0.8521
    step   5 | forget_auc=0.8528 forget_acc=0.941 retain_auc=0.8512
    step  10 | forget_auc=0.8480 forget_acc=0.940 retain_auc=0.8489
    step  15 | forget_auc=0.8433 forget_acc=0.940 retain_auc=0.8468
    step  20 | forget_auc=0.8320 forget_acc=0.940 retain_auc=0.8401
    step  25 | forget_auc=0.8156 forget_acc=0.939 retain_auc=0.8291
    step  30 | forget_auc=0.7898 forget_acc=0.940 retain_auc=0.8090
    step  35 | forget_auc=0.7490 forget_acc=0.938 retain_auc=0.7735
    step  40 | forget_auc=0.6819 forget_acc=0.920 retain_auc=0.7089
    [ForgetAdapter] Retain AUC below 0.72 — stopping early
  [ForgetAdapter] Done in 36.5s
  [RetainAdapter] LoRA params: 20,144 / 54,517 (36.95%)
  [RetainAdapter] Phase2 end forget_auc=0.7490 → ceiling=0.8290  (max_forget_recovery=0.08)
    [RetainAdapter] forget_auc=0.8440 exceeded ceiling 0.8290 — stopping early
  [RetainAdapter] Done in 15.8s | best val AUC=-1.0000
    forget_acc=0.9377 retain_auc=0.7735 test_auc=0.7537 kl=0.0331 js=0.0088 time=52.8s

  LoRA rank=16 forget_frac=20%
[Data] gmsc | train=78597 val=16842 test=16843
[Data] forget=15719 (random) | retain=62878
  [ForgetAdapter] LoRA params: 5,280 / 24,901 (21.20%)
    step   1 | forget_auc=0.8581 forget_acc=0.941 retain_auc=0.8511
    step   5 | forget_auc=0.8576 forget_acc=0.941 retain_auc=0.8509
    step  10 | forget_auc=0.8562 forget_acc=0.941 retain_auc=0.8504
    step  15 | forget_auc=0.8544 forget_acc=0.940 retain_auc=0.8500
    step  20 | forget_auc=0.8524 forget_acc=0.940 retain_auc=0.8492
    step  25 | forget_auc=0.8501 forget_acc=0.940 retain_auc=0.8484
    step  30 | forget_auc=0.8456 forget_acc=0.940 retain_auc=0.8461
    step  35 | forget_auc=0.8379 forget_acc=0.940 retain_auc=0.8417
    step  40 | forget_auc=0.8215 forget_acc=0.940 retain_auc=0.8309
    step  45 | forget_auc=0.8020 forget_acc=0.940 retain_auc=0.8163
    step  50 | forget_auc=0.7846 forget_acc=0.939 retain_auc=0.8023
    step  55 | forget_auc=0.7550 forget_acc=0.938 retain_auc=0.7767
    step  60 | forget_auc=0.7199 forget_acc=0.937 retain_auc=0.7433
    step  65 | forget_auc=0.6600 forget_acc=0.933 retain_auc=0.6805
    [ForgetAdapter] Retain AUC below 0.72 — stopping early
  [ForgetAdapter] Done in 51.7s
  [RetainAdapter] LoRA params: 20,144 / 54,517 (36.95%)
  [RetainAdapter] Phase2 end forget_auc=0.7199 → ceiling=0.7999  (max_forget_recovery=0.08)
    [RetainAdapter] forget_auc=0.8466 exceeded ceiling 0.7999 — stopping early
  [RetainAdapter] Done in 11.9s | best val AUC=-1.0000
    forget_acc=0.9374 retain_auc=0.7433 test_auc=0.7154 kl=0.0619 js=0.0094 time=64.1s

Step 5: Ablation study
  5a. Phase 2 only (no retain adapter)
    forget_acc=0.9271 retain_auc=0.8157 test_auc=0.8020 kl=0.1489 js=0.0449 time=0.0s
  5b. Phase 3 only (no forget adapter)
    forget_acc=0.9408 retain_auc=0.8509 test_auc=0.8373 kl=0.0001 js=0.0000 time=0.0s
  5c. Full LoRA method
    forget_acc=0.9111 retain_auc=0.7385 test_auc=0.7151 kl=0.0708 js=0.0191 time=0.0s

Step 6: MIA attack experiment
  Running LoRA unlearn for MIA evaluation...

── MIA Suite ──────────────────────────────────────
  [MIA-Loss] forget_loss_mean=0.3799 retain_loss_mean=0.3746 attack_acc=0.6674 attack_auc=0.5000 (goal≈0.5)
  [LiRA] forget_score_mean=0.2048 retain_score_mean=0.2045
  [LiRA] attack_auc=0.5009 attack_acc=0.8406 (goal≈0.5 for both)
  [RelearningMIA] forget_auc: 0.7178 → 0.7277 over 20 steps (gain=+0.0099)
  [RelearningMIA] Small gain (<0.1) → certified. Large gain (>0.2) → superficial forgetting.
  [MIA] Training 4 shadow models (calibrated (D_retain only))...
    Shadow model 1/4 done (mia_score=0.0394)
    Shadow model 2/4 done (mia_score=0.0402)
    Shadow model 3/4 done (mia_score=0.0000)
    Shadow model 4/4 done (mia_score=0.0000)
  [MIA] forget_set MIA accuracy=0.0000 (goal≈0.5) | retain_set MIA=0.0000 | MIA AUC=nan
  [MIA-CI] Per-shadow scores: ['0.039', '0.040', '0.000', '0.000']
  [MIA-CI] Mean=0.0199 ± Std=0.0199  ← High std with n_forget=70 means shadow MIA is unreliable.
           Recommend reporting LiRA AUC instead as primary metric.

── MIA Summary ────────────────────────────────────
  Loss MIA AUC    = 0.5000  (primary, goal≈0.5)
  LiRA AUC        = 0.5009  (primary if ref model available, goal≈0.5)
  Relearn gain    = +0.0099  (✓ certified)
  Shadow MIA      = 0.0000 ± 0.0199  (CI shows reliability)
───────────────────────────────────────────────────
  MIA on base model (upper bound)...
  [MIA-Loss] forget_loss_mean=0.1729 retain_loss_mean=0.1685 attack_acc=0.8770 attack_auc=0.4997 (goal≈0.5)

  Results saved to results/results_gmsc_tab_transformer.json

================================================================================
RESULTS SUMMARY — gmsc / tab_transformer
================================================================================
Method                     ForgetAUC  ForgetAcc  RetainAUC    TestAUC       KL   Time(s)
--------------------------------------------------------------------------------
Base Model                    0.8560     0.9407        N/A     0.8376      N/A       N/A
full_retrain                  0.8501     0.9398     0.8500     0.8354   0.0011     218.7
gradient_ascent               0.7492     0.8365     0.7591     0.7381   0.3570     116.6
finetune_retain               0.8566     0.9408     0.8529     0.8370   0.0001      24.0
sisa                          0.8434     0.9407     0.8452     0.8299   0.0018      85.8
influence_fn                  0.8560     0.9407     0.8521     0.8375   0.0000       0.2
LoRA-r4_f5pct                 0.7796     0.9410     0.7892     0.7706   0.1119      38.9
LoRA-r4_f10pct                0.7352     0.9349     0.7456     0.7402   0.0516      40.6
LoRA-r4_f20pct                0.7302     0.8509     0.7451     0.7247   0.3381      41.9
LoRA-r8_f5pct                 0.7777     0.9173     0.7826     0.7682   0.1568      41.2
LoRA-r8_f10pct                0.7225     0.9262     0.7468     0.7258   0.0624      42.3
LoRA-r8_f20pct                0.6964     0.9373     0.7228     0.6923   0.0535      52.0
LoRA-r16_f5pct                0.6935     0.9152     0.7205     0.7081   0.1301      47.2
LoRA-r16_f10pct               0.7490     0.9377     0.7735     0.7537   0.0331      52.8
LoRA-r16_f20pct               0.7199     0.9374     0.7433     0.7154   0.0619      64.1
================================================================================

MIA Results (goal: ≈0.5)
  lora_loss_mia: MIA score = 0.6674
  lora_shadow_mia: MIA score = 0.0000
  base_loss_mia: MIA score = 0.8770
  lora_lira: AUC = 0.5009  acc = 0.8406  (primary metric)
  lora_relearning: gain = +0.0099  ✓ certified
  lora_shadow_mia: 0.0000 ± 0.0199  (high std = unreliable on small D_f)

Done.
