/storage/dd25007/conda_envs/lora_mu/lib/python3.11/site-packages/scipy/spatial/distance.py:1290: RuntimeWarning: invalid value encountered in sqrt
  return np.sqrt(js / 2.0)

============================================================
LoRA-Credit-Unlearn Pipeline
  dataset=german | arch=ft_transformer | device=cuda
============================================================

Step 1: Data preparation
[Data] german | train=700 val=150 test=150
[Data] forget=70 (random) | retain=630

Step 2: Train base model M
  Loading cached checkpoint from checkpoints/base_german_ft_transformer.pt
  Base model | test_auc=0.7898 | forget_auc=0.8424 | forget_acc=0.8143

Step 3: Baselines

  3a. Full Retrain
  [Baseline] Full Retrain on D_r...
    Elapsed: 9.6s
    forget_acc=0.7857 retain_auc=0.8957 test_auc=0.7717 kl=0.0988 js=0.0211 time=9.6s

  3b. Naïve Gradient Ascent
  [Baseline] Naïve Gradient Ascent...
    forget_acc=0.5571 retain_auc=0.6025 test_auc=0.6129 kl=1.0156 js=0.1155 time=8.8s

  3c. Fine-tune on D_r
  [Baseline] Fine-tune on D_r...
    forget_acc=0.8000 retain_auc=0.8080 test_auc=0.7915 kl=0.0019 js=0.0005 time=1.1s

  3d. SISA
  [Baseline] SISA with 4 shards...
    Affected shards: [0, 1, 2, 3] (out of 4)
    SISA elapsed: 7.5s
    forget_acc=0.7429 retain_auc=0.7667 test_auc=0.7535 kl=0.0597 js=0.0154 time=7.5s

  3e. Influence Functions
  [Baseline] Influence Functions (Newton-step approx)...
    Influence fn elapsed: 0.0s
    forget_acc=0.2429 retain_auc=0.7238 test_auc=0.6303 kl=1.3861 js=0.2754 time=0.0s

Step 4: LoRA-Credit-Unlearn method

  LoRA rank=4 forget_frac=5%
[Data] german | train=700 val=150 test=150
[Data] forget=35 (random) | retain=665
  [ForgetAdapter] LoRA params: 3,072 / 207,553 (1.48%)
    step   1 | forget_auc=0.8803 forget_acc=0.886 retain_auc=0.8071
    step   5 | forget_auc=0.8761 forget_acc=0.857 retain_auc=0.8072
    step  10 | forget_auc=0.8718 forget_acc=0.829 retain_auc=0.8074
    step  15 | forget_auc=0.8590 forget_acc=0.800 retain_auc=0.8077
    step  20 | forget_auc=0.8333 forget_acc=0.771 retain_auc=0.8067
    step  25 | forget_auc=0.7991 forget_acc=0.771 retain_auc=0.8054
    step  30 | forget_auc=0.7564 forget_acc=0.771 retain_auc=0.8023
    step  35 | forget_auc=0.7009 forget_acc=0.686 retain_auc=0.7971
    step  40 | forget_auc=0.6410 forget_acc=0.629 retain_auc=0.7879
    step  45 | forget_auc=0.5769 forget_acc=0.629 retain_auc=0.7747
    step  50 | forget_auc=0.5427 forget_acc=0.486 retain_auc=0.7560
    step  55 | forget_auc=0.4957 forget_acc=0.486 retain_auc=0.7371
    step  60 | forget_auc=0.4658 forget_acc=0.486 retain_auc=0.7198
    [ForgetAdapter] Retain AUC below 0.72 — stopping early
  [ForgetAdapter] Done in 4.8s
  [RetainAdapter] LoRA params: 3,072 / 235,201 (1.31%)
  [RetainAdapter] Phase2 end forget_auc=0.4957 → ceiling=0.5757  (max_forget_recovery=0.08)
    [RetainAdapter] forget_auc=0.5812 exceeded ceiling 0.5757 — stopping early
  [RetainAdapter] Done in 2.2s | best val AUC=0.8240
    forget_acc=0.5143 retain_auc=0.7627 test_auc=0.7574 kl=0.1946 js=0.0507 time=7.1s

  LoRA rank=4 forget_frac=10%
[Data] german | train=700 val=150 test=150
[Data] forget=70 (random) | retain=630
  [ForgetAdapter] LoRA params: 3,072 / 207,553 (1.48%)
    step   1 | forget_auc=0.8424 forget_acc=0.800 retain_auc=0.8066
    step   5 | forget_auc=0.8402 forget_acc=0.786 retain_auc=0.8070
    step  10 | forget_auc=0.8346 forget_acc=0.800 retain_auc=0.8077
    step  15 | forget_auc=0.8269 forget_acc=0.800 retain_auc=0.8085
    step  20 | forget_auc=0.8058 forget_acc=0.771 retain_auc=0.8088
    step  25 | forget_auc=0.7791 forget_acc=0.771 retain_auc=0.8088
    step  30 | forget_auc=0.7458 forget_acc=0.743 retain_auc=0.8063
    step  35 | forget_auc=0.7103 forget_acc=0.714 retain_auc=0.8021
    step  40 | forget_auc=0.6681 forget_acc=0.700 retain_auc=0.7931
    step  45 | forget_auc=0.6326 forget_acc=0.686 retain_auc=0.7814
    step  50 | forget_auc=0.5871 forget_acc=0.657 retain_auc=0.7673
    step  55 | forget_auc=0.5350 forget_acc=0.614 retain_auc=0.7521
    step  60 | forget_auc=0.4861 forget_acc=0.571 retain_auc=0.7369
    step  65 | forget_auc=0.4417 forget_acc=0.514 retain_auc=0.7173
    [ForgetAdapter] Retain AUC below 0.72 — stopping early
  [ForgetAdapter] Done in 5.3s
  [RetainAdapter] LoRA params: 3,072 / 235,201 (1.31%)
  [RetainAdapter] Phase2 end forget_auc=0.4861 → ceiling=0.5661  (max_forget_recovery=0.08)
    epoch   5 | kl_loss=0.3681 val_auc=0.7367 forget_auc=0.3840 forgetting_score=0.6736
    epoch  10 | kl_loss=0.3039 val_auc=0.7339 forget_auc=0.5061 forgetting_score=0.6186
    [RetainAdapter] forget_auc=0.5949 exceeded ceiling 0.5661 — stopping early
  [RetainAdapter] Done in 4.8s | best val AUC=0.7747
    forget_acc=0.5714 retain_auc=0.7355 test_auc=0.6836 kl=0.2335 js=0.0594 time=10.2s

  LoRA rank=4 forget_frac=20%
[Data] german | train=700 val=150 test=150
[Data] forget=140 (random) | retain=560
  [ForgetAdapter] LoRA params: 3,072 / 207,553 (1.48%)
    step   1 | forget_auc=0.8440 forget_acc=0.793 retain_auc=0.8018
    step   5 | forget_auc=0.8431 forget_acc=0.800 retain_auc=0.8018
    step  10 | forget_auc=0.8394 forget_acc=0.779 retain_auc=0.8014
    step  15 | forget_auc=0.8338 forget_acc=0.757 retain_auc=0.8010
    step  20 | forget_auc=0.8263 forget_acc=0.757 retain_auc=0.8007
    step  25 | forget_auc=0.8180 forget_acc=0.764 retain_auc=0.7999
    step  30 | forget_auc=0.8034 forget_acc=0.764 retain_auc=0.7985
    step  35 | forget_auc=0.7840 forget_acc=0.736 retain_auc=0.7958
    step  40 | forget_auc=0.7660 forget_acc=0.729 retain_auc=0.7913
    step  45 | forget_auc=0.7408 forget_acc=0.714 retain_auc=0.7845
    step  50 | forget_auc=0.7070 forget_acc=0.707 retain_auc=0.7716
    step  55 | forget_auc=0.6621 forget_acc=0.714 retain_auc=0.7519
    step  60 | forget_auc=0.5914 forget_acc=0.714 retain_auc=0.7243
    step  65 | forget_auc=0.5175 forget_acc=0.714 retain_auc=0.6901
    [ForgetAdapter] Retain AUC below 0.72 — stopping early
  [ForgetAdapter] Done in 7.0s
  [RetainAdapter] LoRA params: 3,072 / 235,201 (1.31%)
  [RetainAdapter] Phase2 end forget_auc=0.5914 → ceiling=0.6714  (max_forget_recovery=0.08)
    epoch   5 | kl_loss=0.0892 val_auc=0.8077 forget_auc=0.6577 forgetting_score=0.6981
    epoch  10 | kl_loss=0.2982 val_auc=0.7888 forget_auc=0.6655 forgetting_score=0.6536
    [RetainAdapter] forget_auc=0.6771 exceeded ceiling 0.6714 — stopping early
  [RetainAdapter] Done in 4.5s | best val AUC=0.8092
    forget_acc=0.6571 retain_auc=0.7528 test_auc=0.7294 kl=0.0489 js=0.0121 time=11.7s

  LoRA rank=8 forget_frac=5%
[Data] german | train=700 val=150 test=150
[Data] forget=35 (random) | retain=665
  [ForgetAdapter] LoRA params: 6,144 / 210,625 (2.92%)
    step   1 | forget_auc=0.8803 forget_acc=0.857 retain_auc=0.8072
    step   5 | forget_auc=0.8718 forget_acc=0.829 retain_auc=0.8074
    step  10 | forget_auc=0.8547 forget_acc=0.800 retain_auc=0.8077
    step  15 | forget_auc=0.8205 forget_acc=0.771 retain_auc=0.8068
    step  20 | forget_auc=0.7778 forget_acc=0.743 retain_auc=0.8047
    step  25 | forget_auc=0.7436 forget_acc=0.771 retain_auc=0.8015
    step  30 | forget_auc=0.6667 forget_acc=0.714 retain_auc=0.7940
    step  35 | forget_auc=0.5983 forget_acc=0.686 retain_auc=0.7821
    step  40 | forget_auc=0.5556 forget_acc=0.629 retain_auc=0.7645
    step  45 | forget_auc=0.4957 forget_acc=0.543 retain_auc=0.7456
    step  50 | forget_auc=0.4444 forget_acc=0.514 retain_auc=0.7266
    step  55 | forget_auc=0.4145 forget_acc=0.457 retain_auc=0.7095
    [ForgetAdapter] Retain AUC below 0.72 — stopping early
  [ForgetAdapter] Done in 4.1s
  [RetainAdapter] LoRA params: 6,144 / 241,345 (2.55%)
  [RetainAdapter] Phase2 end forget_auc=0.4444 → ceiling=0.5244  (max_forget_recovery=0.08)
    epoch   5 | kl_loss=0.2395 val_auc=0.7774 forget_auc=0.5556 forgetting_score=0.7441
    [RetainAdapter] forget_auc=0.5556 exceeded ceiling 0.5244 — stopping early
  [RetainAdapter] Done in 2.7s | best val AUC=0.7976
    forget_acc=0.5143 retain_auc=0.7478 test_auc=0.7535 kl=0.1396 js=0.0371 time=6.9s

  LoRA rank=8 forget_frac=10%
[Data] german | train=700 val=150 test=150
[Data] forget=70 (random) | retain=630
  [ForgetAdapter] LoRA params: 6,144 / 210,625 (2.92%)
    step   1 | forget_auc=0.8402 forget_acc=0.814 retain_auc=0.8065
    step   5 | forget_auc=0.8391 forget_acc=0.814 retain_auc=0.8070
    step  10 | forget_auc=0.8346 forget_acc=0.800 retain_auc=0.8075
    step  15 | forget_auc=0.8224 forget_acc=0.786 retain_auc=0.8079
    step  20 | forget_auc=0.8024 forget_acc=0.757 retain_auc=0.8085
    step  25 | forget_auc=0.7791 forget_acc=0.757 retain_auc=0.8073
    step  30 | forget_auc=0.7458 forget_acc=0.729 retain_auc=0.8052
    step  35 | forget_auc=0.7125 forget_acc=0.729 retain_auc=0.8002
    step  40 | forget_auc=0.6582 forget_acc=0.700 retain_auc=0.7923
    step  45 | forget_auc=0.5960 forget_acc=0.686 retain_auc=0.7779
    step  50 | forget_auc=0.5572 forget_acc=0.657 retain_auc=0.7605
    step  55 | forget_auc=0.5028 forget_acc=0.614 retain_auc=0.7406
    step  60 | forget_auc=0.4573 forget_acc=0.614 retain_auc=0.7198
    [ForgetAdapter] Retain AUC below 0.72 — stopping early
  [ForgetAdapter] Done in 5.2s
  [RetainAdapter] LoRA params: 6,144 / 241,345 (2.55%)
  [RetainAdapter] Phase2 end forget_auc=0.5028 → ceiling=0.5828  (max_forget_recovery=0.08)
    epoch   5 | kl_loss=0.2318 val_auc=0.7742 forget_auc=0.4861 forgetting_score=0.7410
    epoch  10 | kl_loss=0.2845 val_auc=0.7489 forget_auc=0.5427 forgetting_score=0.6633
    [RetainAdapter] forget_auc=0.5927 exceeded ceiling 0.5828 — stopping early
  [RetainAdapter] Done in 5.7s | best val AUC=0.7858
    forget_acc=0.5857 retain_auc=0.7493 test_auc=0.7292 kl=0.0606 js=0.0156 time=11.1s

  LoRA rank=8 forget_frac=20%
[Data] german | train=700 val=150 test=150
[Data] forget=140 (random) | retain=560
  [ForgetAdapter] LoRA params: 6,144 / 210,625 (2.92%)
    step   1 | forget_auc=0.8445 forget_acc=0.793 retain_auc=0.8020
    step   5 | forget_auc=0.8421 forget_acc=0.793 retain_auc=0.8023
    step  10 | forget_auc=0.8384 forget_acc=0.771 retain_auc=0.8023
    step  15 | forget_auc=0.8316 forget_acc=0.764 retain_auc=0.8024
    step  20 | forget_auc=0.8263 forget_acc=0.757 retain_auc=0.8023
    step  25 | forget_auc=0.8107 forget_acc=0.757 retain_auc=0.8024
    step  30 | forget_auc=0.7976 forget_acc=0.750 retain_auc=0.8017
    step  35 | forget_auc=0.7828 forget_acc=0.729 retain_auc=0.8003
    step  40 | forget_auc=0.7665 forget_acc=0.729 retain_auc=0.7968
    step  45 | forget_auc=0.7391 forget_acc=0.707 retain_auc=0.7916
    step  50 | forget_auc=0.7104 forget_acc=0.714 retain_auc=0.7827
    step  55 | forget_auc=0.6674 forget_acc=0.714 retain_auc=0.7681
    step  60 | forget_auc=0.6132 forget_acc=0.714 retain_auc=0.7444
    step  65 | forget_auc=0.5350 forget_acc=0.707 retain_auc=0.7175
    [ForgetAdapter] Retain AUC below 0.72 — stopping early
  [ForgetAdapter] Done in 5.5s
  [RetainAdapter] LoRA params: 6,144 / 241,345 (2.55%)
  [RetainAdapter] Phase2 end forget_auc=0.6132 → ceiling=0.6932  (max_forget_recovery=0.08)
    epoch   5 | kl_loss=0.0882 val_auc=0.8225 forget_auc=0.6771 forgetting_score=0.6932
    [RetainAdapter] forget_auc=0.6944 exceeded ceiling 0.6932 — stopping early
  [RetainAdapter] Done in 3.1s | best val AUC=0.8276
    forget_acc=0.7071 retain_auc=0.7616 test_auc=0.7471 kl=0.0584 js=0.0131 time=8.8s

  LoRA rank=16 forget_frac=5%
[Data] german | train=700 val=150 test=150
[Data] forget=35 (random) | retain=665
  [ForgetAdapter] LoRA params: 12,288 / 216,769 (5.67%)
    step   1 | forget_auc=0.8803 forget_acc=0.857 retain_auc=0.8070
    step   5 | forget_auc=0.8761 forget_acc=0.829 retain_auc=0.8071
    step  10 | forget_auc=0.8547 forget_acc=0.829 retain_auc=0.8074
    step  15 | forget_auc=0.8419 forget_acc=0.800 retain_auc=0.8070
    step  20 | forget_auc=0.7949 forget_acc=0.743 retain_auc=0.8057
    step  25 | forget_auc=0.7521 forget_acc=0.771 retain_auc=0.8027
    step  30 | forget_auc=0.7137 forget_acc=0.657 retain_auc=0.7971
    step  35 | forget_auc=0.6282 forget_acc=0.657 retain_auc=0.7872
    step  40 | forget_auc=0.5769 forget_acc=0.571 retain_auc=0.7706
    step  45 | forget_auc=0.5128 forget_acc=0.543 retain_auc=0.7503
    step  50 | forget_auc=0.4701 forget_acc=0.486 retain_auc=0.7285
    step  55 | forget_auc=0.4316 forget_acc=0.457 retain_auc=0.7104
    [ForgetAdapter] Retain AUC below 0.72 — stopping early
  [ForgetAdapter] Done in 4.7s
  [RetainAdapter] LoRA params: 12,288 / 253,633 (4.84%)
  [RetainAdapter] Phase2 end forget_auc=0.4701 → ceiling=0.5501  (max_forget_recovery=0.08)
    epoch   5 | kl_loss=0.2973 val_auc=0.8255 forget_auc=0.5812 forgetting_score=0.7901
    [RetainAdapter] forget_auc=0.5812 exceeded ceiling 0.5501 — stopping early
  [RetainAdapter] Done in 2.2s | best val AUC=0.8315
    forget_acc=0.4857 retain_auc=0.7712 test_auc=0.7725 kl=0.1919 js=0.0523 time=7.0s

  LoRA rank=16 forget_frac=10%
[Data] german | train=700 val=150 test=150
[Data] forget=70 (random) | retain=630
  [ForgetAdapter] LoRA params: 12,288 / 216,769 (5.67%)
    step   1 | forget_auc=0.8413 forget_acc=0.814 retain_auc=0.8065
    step   5 | forget_auc=0.8391 forget_acc=0.814 retain_auc=0.8069
    step  10 | forget_auc=0.8291 forget_acc=0.800 retain_auc=0.8065
    step  15 | forget_auc=0.8202 forget_acc=0.786 retain_auc=0.8067
    step  20 | forget_auc=0.8058 forget_acc=0.786 retain_auc=0.8069
    step  25 | forget_auc=0.7802 forget_acc=0.771 retain_auc=0.8060
    step  30 | forget_auc=0.7458 forget_acc=0.743 retain_auc=0.8025
    step  35 | forget_auc=0.7092 forget_acc=0.743 retain_auc=0.7958
    step  40 | forget_auc=0.6537 forget_acc=0.729 retain_auc=0.7845
    step  45 | forget_auc=0.5927 forget_acc=0.714 retain_auc=0.7680
    step  50 | forget_auc=0.5494 forget_acc=0.671 retain_auc=0.7485
    step  55 | forget_auc=0.4639 forget_acc=0.657 retain_auc=0.7250
    step  60 | forget_auc=0.4107 forget_acc=0.614 retain_auc=0.7026
    [ForgetAdapter] Retain AUC below 0.72 — stopping early
  [ForgetAdapter] Done in 5.6s
  [RetainAdapter] LoRA params: 12,288 / 253,633 (4.84%)
  [RetainAdapter] Phase2 end forget_auc=0.4639 → ceiling=0.5439  (max_forget_recovery=0.08)
    epoch   5 | kl_loss=0.2215 val_auc=0.7952 forget_auc=0.4739 forgetting_score=0.7612
    epoch  10 | kl_loss=0.2847 val_auc=0.7301 forget_auc=0.4406 forgetting_score=0.6153
    epoch  15 | kl_loss=0.3003 val_auc=0.7573 forget_auc=0.4795 forgetting_score=0.5950
    epoch  20 | kl_loss=0.3007 val_auc=0.7650 forget_auc=0.5172 forgetting_score=0.6011
    epoch  25 | kl_loss=0.2983 val_auc=0.7659 forget_auc=0.5194 forgetting_score=0.6018
  [RetainAdapter] Done in 10.9s | best val AUC=0.8055
    forget_acc=0.6286 retain_auc=0.7539 test_auc=0.7326 kl=0.1078 js=0.0291 time=16.6s

  LoRA rank=16 forget_frac=20%
[Data] german | train=700 val=150 test=150
[Data] forget=140 (random) | retain=560
  [ForgetAdapter] LoRA params: 12,288 / 216,769 (5.67%)
    step   1 | forget_auc=0.8450 forget_acc=0.793 retain_auc=0.8018
    step   5 | forget_auc=0.8433 forget_acc=0.800 retain_auc=0.8019
    step  10 | forget_auc=0.8421 forget_acc=0.793 retain_auc=0.8020
    step  15 | forget_auc=0.8387 forget_acc=0.779 retain_auc=0.8018
    step  20 | forget_auc=0.8341 forget_acc=0.771 retain_auc=0.8016
    step  25 | forget_auc=0.8256 forget_acc=0.757 retain_auc=0.8014
    step  30 | forget_auc=0.8141 forget_acc=0.757 retain_auc=0.8006
    step  35 | forget_auc=0.8000 forget_acc=0.750 retain_auc=0.7997
    step  40 | forget_auc=0.7845 forget_acc=0.729 retain_auc=0.7963
    step  45 | forget_auc=0.7668 forget_acc=0.729 retain_auc=0.7924
    step  50 | forget_auc=0.7468 forget_acc=0.729 retain_auc=0.7852
    step  55 | forget_auc=0.7221 forget_acc=0.707 retain_auc=0.7755
    step  60 | forget_auc=0.6759 forget_acc=0.714 retain_auc=0.7590
    step  65 | forget_auc=0.6203 forget_acc=0.714 retain_auc=0.7334
    step  70 | forget_auc=0.5566 forget_acc=0.714 retain_auc=0.7097
    [ForgetAdapter] Retain AUC below 0.72 — stopping early
  [ForgetAdapter] Done in 5.8s
  [RetainAdapter] LoRA params: 12,288 / 253,633 (4.84%)
  [RetainAdapter] Phase2 end forget_auc=0.6203 → ceiling=0.7003  (max_forget_recovery=0.08)
    epoch   5 | kl_loss=0.0705 val_auc=0.8298 forget_auc=0.6713 forgetting_score=0.6994
    [RetainAdapter] forget_auc=0.7121 exceeded ceiling 0.7003 — stopping early
  [RetainAdapter] Done in 3.0s | best val AUC=0.8362
/storage/dd25007/conda_envs/lora_mu/lib/python3.11/site-packages/sklearn/metrics/_ranking.py:442: UndefinedMetricWarning: Only one class is present in y_true. ROC AUC score is not defined in that case.
  warnings.warn(
    forget_acc=0.6714 retain_auc=0.7824 test_auc=0.7555 kl=0.1416 js=0.0386 time=8.9s

Step 5: Ablation study
  5a. Phase 2 only (no retain adapter)
    forget_acc=0.6714 retain_auc=0.7294 test_auc=0.7369 kl=0.0869 js=0.0184 time=0.0s
  5b. Phase 3 only (no forget adapter)
    forget_acc=0.8143 retain_auc=0.8057 test_auc=0.7913 kl=0.0007 js=0.0002 time=0.0s
  5c. Full LoRA method
    forget_acc=0.5857 retain_auc=0.7281 test_auc=0.7194 kl=0.0731 js=0.0186 time=0.0s

Step 6: MIA attack experiment
  Running LoRA unlearn for MIA evaluation...

── MIA Suite ──────────────────────────────────────
  [MIA-Loss] forget_loss_mean=0.8127 retain_loss_mean=0.6559 attack_acc=0.4857 attack_auc=0.4232 (goal≈0.5)
  [LiRA] forget_score_mean=0.2324 retain_score_mean=0.2802
  [LiRA] attack_auc=0.5063 attack_acc=0.7414 (goal≈0.5 for both)
  [RelearningMIA] forget_auc: 0.4695 → 0.4861 over 20 steps (gain=+0.0166)
  [RelearningMIA] Small gain (<0.1) → certified. Large gain (>0.2) → superficial forgetting.
  [MIA] Training 4 shadow models (calibrated (D_retain only))...
    Shadow model 1/4 done (mia_score=0.6000)
    Shadow model 2/4 done (mia_score=0.6429)
    Shadow model 3/4 done (mia_score=0.6857)
    Shadow model 4/4 done (mia_score=0.5857)
  [MIA] forget_set MIA accuracy=0.5857 (goal≈0.5) | retain_set MIA=0.6413 | MIA AUC=nan
  [MIA-CI] Per-shadow scores: ['0.600', '0.643', '0.686', '0.586']
  [MIA-CI] Mean=0.6286 ± Std=0.0391  ← High std with n_forget=70 means shadow MIA is unreliable.
           Recommend reporting LiRA AUC instead as primary metric.

── MIA Summary ────────────────────────────────────
  Loss MIA AUC    = 0.4232  (primary, goal≈0.5)
  LiRA AUC        = 0.5063  (primary if ref model available, goal≈0.5)
  Relearn gain    = +0.0166  (✓ certified)
  Shadow MIA      = 0.5857 ± 0.0391  (CI shows reliability)
───────────────────────────────────────────────────
  MIA on base model (upper bound)...
  [MIA-Loss] forget_loss_mean=0.4185 retain_loss_mean=0.4886 attack_acc=0.6571 attack_auc=0.5436 (goal≈0.5)

  Results saved to results/results_german_ft_transformer.json

================================================================================
RESULTS SUMMARY — german / ft_transformer
================================================================================
Method                     ForgetAUC  ForgetAcc  RetainAUC    TestAUC       KL   Time(s)
--------------------------------------------------------------------------------
Base Model                    0.8424     0.8143        N/A     0.7898      N/A       N/A
full_retrain                  0.6992     0.7857     0.8957     0.7717   0.0988       9.6
gradient_ascent               0.1620     0.5571     0.6025     0.6129   1.0156       8.8
finetune_retain               0.8435     0.8000     0.8080     0.7915   0.0019       1.1
sisa                          0.6282     0.7429     0.7667     0.7535   0.0597       7.5
influence_fn                  0.8701     0.2429     0.7238     0.6303   1.3861       0.0
LoRA-r4_f5pct                 0.5427     0.5143     0.7627     0.7574   0.1946       7.1
LoRA-r4_f10pct                0.4739     0.5714     0.7355     0.6836   0.2335      10.2
LoRA-r4_f20pct                0.6472     0.6571     0.7528     0.7294   0.0489      11.7
LoRA-r8_f5pct                 0.4786     0.5143     0.7478     0.7535   0.1396       6.9
LoRA-r8_f10pct                0.5072     0.5857     0.7493     0.7292   0.0606      11.1
LoRA-r8_f20pct                0.6492     0.7071     0.7616     0.7471   0.0584       8.8
LoRA-r16_f5pct                0.5427     0.4857     0.7712     0.7725   0.1919       7.0
LoRA-r16_f10pct               0.4872     0.6286     0.7539     0.7326   0.1078      16.6
LoRA-r16_f20pct               0.6997     0.6714     0.7824     0.7555   0.1416       8.9
================================================================================

MIA Results (goal: ≈0.5)
  lora_loss_mia: MIA score = 0.4857
  lora_shadow_mia: MIA score = 0.5857
  base_loss_mia: MIA score = 0.6571
  lora_lira: AUC = 0.5063  acc = 0.7414  (primary metric)
  lora_relearning: gain = +0.0166  ✓ certified
  lora_shadow_mia: 0.5857 ± 0.0391  (high std = unreliable on small D_f)

Done.
