/storage/dd25007/conda_envs/lora_mu/lib/python3.11/site-packages/scipy/spatial/distance.py:1290: RuntimeWarning: invalid value encountered in sqrt
  return np.sqrt(js / 2.0)
/storage/dd25007/conda_envs/lora_mu/lib/python3.11/site-packages/scipy/spatial/distance.py:1290: RuntimeWarning: invalid value encountered in sqrt
  return np.sqrt(js / 2.0)
/storage/dd25007/conda_envs/lora_mu/lib/python3.11/site-packages/scipy/spatial/distance.py:1290: RuntimeWarning: invalid value encountered in sqrt
  return np.sqrt(js / 2.0)
/storage/dd25007/conda_envs/lora_mu/lib/python3.11/site-packages/scipy/spatial/distance.py:1290: RuntimeWarning: invalid value encountered in sqrt
  return np.sqrt(js / 2.0)
/storage/dd25007/conda_envs/lora_mu/lib/python3.11/site-packages/scipy/spatial/distance.py:1290: RuntimeWarning: invalid value encountered in sqrt
  return np.sqrt(js / 2.0)
/storage/dd25007/conda_envs/lora_mu/lib/python3.11/site-packages/scipy/spatial/distance.py:1290: RuntimeWarning: invalid value encountered in sqrt
  return np.sqrt(js / 2.0)
/storage/dd25007/conda_envs/lora_mu/lib/python3.11/site-packages/scipy/spatial/distance.py:1290: RuntimeWarning: invalid value encountered in sqrt
  return np.sqrt(js / 2.0)

============================================================
LoRA-Credit-Unlearn Pipeline
  dataset=gmsc | arch=ft_transformer | device=cuda
============================================================

Step 1: Data preparation
[Data] gmsc | train=78597 val=16842 test=16843
[Data] forget=1080 (demographic) | retain=77517

Step 2: Train base model M
  Loading cached checkpoint from checkpoints/base_gmsc_ft_transformer.pt
  Base model | test_auc=0.8358 | forget_auc=0.8024 | forget_acc=0.9278
  [Config] Auto-tuned for forget_set=1080: fa_lr 5e-04→2e-03, lambda_retain 0.5→0.2, ra_epochs 25→40

Step 3: Baselines

  3a. Full Retrain
  [Baseline] Full Retrain on D_r...
    Elapsed: 380.2s
    forget_acc=0.9204 retain_auc=0.8485 test_auc=0.8339 kl=0.0041 js=0.0010 time=380.2s

  3b. Naïve Gradient Ascent
  [Baseline] Naïve Gradient Ascent...
    forget_acc=0.0759 retain_auc=0.6586 test_auc=0.6595 kl=2.4059 js=0.3703 time=86.7s

  3c. Fine-tune on D_r
  [Baseline] Fine-tune on D_r...
    forget_acc=0.9213 retain_auc=0.8515 test_auc=0.8361 kl=0.0010 js=0.0002 time=50.1s

  3d. SISA
  [Baseline] SISA with 4 shards...
    Affected shards: [0, 1, 2, 3] (out of 4)
    SISA elapsed: 105.7s
    forget_acc=0.9194 retain_auc=0.8470 test_auc=0.8339 kl=0.0035 js=0.0009 time=105.7s

  3e. Influence Functions
  [Baseline] Influence Functions (Newton-step approx)...
    Influence fn elapsed: 0.4s
    forget_acc=0.9269 retain_auc=0.8512 test_auc=0.8358 kl=0.0001 js=0.0000 time=0.4s

Step 4: LoRA-Credit-Unlearn method

  LoRA rank=4 forget_frac=5%
[Data] gmsc | train=78597 val=16842 test=16843
[Data] forget=1080 (demographic) | retain=77517
  [ForgetAdapter] LoRA params: 3,072 / 204,481 (1.50%)
    step   1 | forget_auc=0.8021 forget_acc=0.928 retain_auc=0.8512
    step   5 | forget_auc=0.8018 forget_acc=0.927 retain_auc=0.8512
    step  10 | forget_auc=0.8015 forget_acc=0.927 retain_auc=0.8512
    step  15 | forget_auc=0.8011 forget_acc=0.926 retain_auc=0.8511
    step  20 | forget_auc=0.8012 forget_acc=0.919 retain_auc=0.8509
    step  25 | forget_auc=0.7998 forget_acc=0.922 retain_auc=0.8501
    step  30 | forget_auc=0.7908 forget_acc=0.911 retain_auc=0.8481
    step  35 | forget_auc=0.7783 forget_acc=0.888 retain_auc=0.8423
    step  40 | forget_auc=0.7606 forget_acc=0.169 retain_auc=0.8151
    step  45 | forget_auc=0.6046 forget_acc=0.076 retain_auc=0.7118
    [ForgetAdapter] Retain AUC below 0.72 — stopping early
  [ForgetAdapter] Done in 49.7s
  [RetainAdapter] LoRA params: 3,072 / 232,129 (1.32%)
  [RetainAdapter] Phase2 end forget_auc=0.7606 → ceiling=0.8406  (max_forget_recovery=0.08)
    epoch   5 | kl_loss=0.0182 val_auc=0.8299 forget_auc=0.5227 forgetting_score=0.5747
    epoch  10 | kl_loss=0.0114 val_auc=0.8335 forget_auc=0.5287 forgetting_score=0.4854
    epoch  15 | kl_loss=0.0100 val_auc=0.8328 forget_auc=0.5200 forgetting_score=0.4819
    epoch  20 | kl_loss=0.0075 val_auc=0.8352 forget_auc=0.6024 forgetting_score=0.4872
    epoch  25 | kl_loss=0.0064 val_auc=0.8351 forget_auc=0.6439 forgetting_score=0.4848
    epoch  30 | kl_loss=0.0052 val_auc=0.8351 forget_auc=0.6642 forgetting_score=0.4848
    epoch  35 | kl_loss=0.0048 val_auc=0.8356 forget_auc=0.6361 forgetting_score=0.4843
    epoch  40 | kl_loss=0.0046 val_auc=0.8357 forget_auc=0.6440 forgetting_score=0.4844
  [RetainAdapter] Done in 988.1s | best val AUC=0.8357
    forget_acc=0.0759 retain_auc=0.8483 test_auc=0.8284 kl=0.0080 js=0.0023 time=1037.8s

  LoRA rank=4 forget_frac=10%
[Data] gmsc | train=78597 val=16842 test=16843
[Data] forget=1080 (demographic) | retain=77517
  [ForgetAdapter] LoRA params: 3,072 / 204,481 (1.50%)
    step   1 | forget_auc=0.8022 forget_acc=0.928 retain_auc=0.8512
    step   5 | forget_auc=0.8020 forget_acc=0.927 retain_auc=0.8512
    step  10 | forget_auc=0.8013 forget_acc=0.927 retain_auc=0.8512
    step  15 | forget_auc=0.8007 forget_acc=0.925 retain_auc=0.8512
    step  20 | forget_auc=0.7985 forget_acc=0.920 retain_auc=0.8511
    step  25 | forget_auc=0.7961 forget_acc=0.917 retain_auc=0.8505
    step  30 | forget_auc=0.7959 forget_acc=0.904 retain_auc=0.8486
    step  35 | forget_auc=0.7960 forget_acc=0.595 retain_auc=0.8446
    step  40 | forget_auc=0.7955 forget_acc=0.382 retain_auc=0.8339
    step  45 | forget_auc=0.7270 forget_acc=0.080 retain_auc=0.8018
    step  50 | forget_auc=0.3272 forget_acc=0.076 retain_auc=0.6954
    [ForgetAdapter] Retain AUC below 0.72 — stopping early
  [ForgetAdapter] Done in 48.9s
  [RetainAdapter] LoRA params: 3,072 / 232,129 (1.32%)
  [RetainAdapter] Phase2 end forget_auc=0.7270 → ceiling=0.8070  (max_forget_recovery=0.08)
    epoch   5 | kl_loss=0.0192 val_auc=0.8307 forget_auc=0.5789 forgetting_score=0.5138
    epoch  10 | kl_loss=0.0122 val_auc=0.8339 forget_auc=0.4436 forgetting_score=0.4918
    epoch  15 | kl_loss=0.0088 val_auc=0.8343 forget_auc=0.3609 forgetting_score=0.4905
    epoch  20 | kl_loss=0.0062 val_auc=0.8357 forget_auc=0.5761 forgetting_score=0.4929
    epoch  25 | kl_loss=0.0046 val_auc=0.8351 forget_auc=0.5628 forgetting_score=0.5096
    epoch  30 | kl_loss=0.0043 val_auc=0.8354 forget_auc=0.5789 forgetting_score=0.4803
    epoch  35 | kl_loss=0.0040 val_auc=0.8354 forget_auc=0.5202 forgetting_score=0.5013
    epoch  40 | kl_loss=0.0040 val_auc=0.8354 forget_auc=0.5283 forgetting_score=0.4866
  [RetainAdapter] Done in 1117.5s | best val AUC=0.8359
    forget_acc=0.1009 retain_auc=0.8478 test_auc=0.8277 kl=0.0086 js=0.0024 time=1166.5s

  LoRA rank=4 forget_frac=20%
[Data] gmsc | train=78597 val=16842 test=16843
[Data] forget=1080 (demographic) | retain=77517
  [ForgetAdapter] LoRA params: 3,072 / 204,481 (1.50%)
    step   1 | forget_auc=0.8022 forget_acc=0.928 retain_auc=0.8512
    step   5 | forget_auc=0.8017 forget_acc=0.927 retain_auc=0.8512
    step  10 | forget_auc=0.8012 forget_acc=0.926 retain_auc=0.8512
    step  15 | forget_auc=0.8006 forget_acc=0.922 retain_auc=0.8512
    step  20 | forget_auc=0.7995 forget_acc=0.921 retain_auc=0.8510
    step  25 | forget_auc=0.7953 forget_acc=0.913 retain_auc=0.8503
    step  30 | forget_auc=0.7945 forget_acc=0.897 retain_auc=0.8482
    step  35 | forget_auc=0.7856 forget_acc=0.508 retain_auc=0.8438
    step  40 | forget_auc=0.6993 forget_acc=0.139 retain_auc=0.8240
    step  45 | forget_auc=0.2736 forget_acc=0.076 retain_auc=0.6951
    [ForgetAdapter] Retain AUC below 0.72 — stopping early
  [ForgetAdapter] Done in 48.3s
  [RetainAdapter] LoRA params: 3,072 / 232,129 (1.32%)
  [RetainAdapter] Phase2 end forget_auc=0.6993 → ceiling=0.7793  (max_forget_recovery=0.08)
    epoch   5 | kl_loss=0.0158 val_auc=0.8308 forget_auc=0.5477 forgetting_score=0.7538
    epoch  10 | kl_loss=0.0105 val_auc=0.8357 forget_auc=0.5960 forgetting_score=0.4883
    epoch  15 | kl_loss=0.0084 val_auc=0.8351 forget_auc=0.4747 forgetting_score=0.4933
    epoch  20 | kl_loss=0.0052 val_auc=0.8351 forget_auc=0.5704 forgetting_score=0.4864
    epoch  25 | kl_loss=0.0046 val_auc=0.8352 forget_auc=0.5149 forgetting_score=0.4810
    epoch  30 | kl_loss=0.0041 val_auc=0.8355 forget_auc=0.5954 forgetting_score=0.4889
    epoch  35 | kl_loss=0.0039 val_auc=0.8355 forget_auc=0.6040 forgetting_score=0.4882
    epoch  40 | kl_loss=0.0039 val_auc=0.8355 forget_auc=0.6025 forgetting_score=0.4866
  [RetainAdapter] Done in 1151.1s | best val AUC=0.8357
    forget_acc=0.0769 retain_auc=0.8480 test_auc=0.8289 kl=0.0087 js=0.0025 time=1199.6s

  LoRA rank=8 forget_frac=5%
[Data] gmsc | train=78597 val=16842 test=16843
[Data] forget=1080 (demographic) | retain=77517
  [ForgetAdapter] LoRA params: 6,144 / 207,553 (2.96%)
    step   1 | forget_auc=0.8021 forget_acc=0.928 retain_auc=0.8512
    step   5 | forget_auc=0.8015 forget_acc=0.927 retain_auc=0.8512
    step  10 | forget_auc=0.8010 forget_acc=0.927 retain_auc=0.8512
    step  15 | forget_auc=0.8006 forget_acc=0.926 retain_auc=0.8512
    step  20 | forget_auc=0.8005 forget_acc=0.920 retain_auc=0.8510
    step  25 | forget_auc=0.7980 forget_acc=0.918 retain_auc=0.8502
    step  30 | forget_auc=0.7963 forget_acc=0.904 retain_auc=0.8480
    step  35 | forget_auc=0.7937 forget_acc=0.583 retain_auc=0.8435
    step  40 | forget_auc=0.7845 forget_acc=0.425 retain_auc=0.8280/storage/dd25007/conda_envs/lora_mu/lib/python3.11/site-packages/scipy/spatial/distance.py:1290: RuntimeWarning: invalid value encountered in sqrt
  return np.sqrt(js / 2.0)
/storage/dd25007/conda_envs/lora_mu/lib/python3.11/site-packages/scipy/spatial/distance.py:1290: RuntimeWarning: invalid value encountered in sqrt
  return np.sqrt(js / 2.0)
/storage/dd25007/conda_envs/lora_mu/lib/python3.11/site-packages/scipy/spatial/distance.py:1290: RuntimeWarning: invalid value encountered in sqrt
  return np.sqrt(js / 2.0)
/storage/dd25007/conda_envs/lora_mu/lib/python3.11/site-packages/scipy/spatial/distance.py:1290: RuntimeWarning: invalid value encountered in sqrt
  return np.sqrt(js / 2.0)

    step  45 | forget_auc=0.4702 forget_acc=0.076 retain_auc=0.7433
    step  50 | forget_auc=0.2483 forget_acc=0.076 retain_auc=0.5571
    [ForgetAdapter] Retain AUC below 0.72 — stopping early
  [ForgetAdapter] Done in 52.3s
  [RetainAdapter] LoRA params: 6,144 / 238,273 (2.58%)
  [RetainAdapter] Phase2 end forget_auc=0.4702 → ceiling=0.5502  (max_forget_recovery=0.08)
    [RetainAdapter] forget_auc=0.5879 exceeded ceiling 0.5502 — stopping early
  [RetainAdapter] Done in 109.1s | best val AUC=0.8251
    forget_acc=0.1935 retain_auc=0.8374 test_auc=0.8180 kl=0.0169 js=0.0048 time=161.7s

  LoRA rank=8 forget_frac=10%
[Data] gmsc | train=78597 val=16842 test=16843
[Data] forget=1080 (demographic) | retain=77517
  [ForgetAdapter] LoRA params: 6,144 / 207,553 (2.96%)
    step   1 | forget_auc=0.8022 forget_acc=0.928 retain_auc=0.8512
    step   5 | forget_auc=0.8017 forget_acc=0.927 retain_auc=0.8512
    step  10 | forget_auc=0.8015 forget_acc=0.927 retain_auc=0.8512
    step  15 | forget_auc=0.8007 forget_acc=0.926 retain_auc=0.8511
    step  20 | forget_auc=0.7965 forget_acc=0.923 retain_auc=0.8508
    step  25 | forget_auc=0.7951 forget_acc=0.916 retain_auc=0.8496
    step  30 | forget_auc=0.7943 forget_acc=0.902 retain_auc=0.8468
    step  35 | forget_auc=0.7854 forget_acc=0.548 retain_auc=0.8402
    step  40 | forget_auc=0.7075 forget_acc=0.083 retain_auc=0.8041
    step  45 | forget_auc=0.3070 forget_acc=0.076 retain_auc=0.6188
    [ForgetAdapter] Retain AUC below 0.72 — stopping early
  [ForgetAdapter] Done in 48.2s
  [RetainAdapter] LoRA params: 6,144 / 238,273 (2.58%)
  [RetainAdapter] Phase2 end forget_auc=0.7075 → ceiling=0.7875  (max_forget_recovery=0.08)
    epoch   5 | kl_loss=0.0209 val_auc=0.8296 forget_auc=0.6167 forgetting_score=0.7996
    epoch  10 | kl_loss=0.0134 val_auc=0.8334 forget_auc=0.5155 forgetting_score=0.4846
    epoch  15 | kl_loss=0.0102 val_auc=0.8327 forget_auc=0.5230 forgetting_score=0.5089
    epoch  20 | kl_loss=0.0088 val_auc=0.8341 forget_auc=0.5347 forgetting_score=0.5491
    epoch  25 | kl_loss=0.0066 val_auc=0.8360 forget_auc=0.5983 forgetting_score=0.5187
    epoch  30 | kl_loss=0.0051 val_auc=0.8360 forget_auc=0.5572 forgetting_score=0.4822
    epoch  35 | kl_loss=0.0045 val_auc=0.8359 forget_auc=0.5693 forgetting_score=0.4822
    epoch  40 | kl_loss=0.0044 val_auc=0.8360 forget_auc=0.5724 forgetting_score=0.4822
  [RetainAdapter] Done in 1048.6s | best val AUC=0.8360
    forget_acc=0.1204 retain_auc=0.8482 test_auc=0.8284 kl=0.0084 js=0.0024 time=1097.0s

  LoRA rank=8 forget_frac=20%
[Data] gmsc | train=78597 val=16842 test=16843
[Data] forget=1080 (demographic) | retain=77517
  [ForgetAdapter] LoRA params: 6,144 / 207,553 (2.96%)
    step   1 | forget_auc=0.8022 forget_acc=0.928 retain_auc=0.8512
    step   5 | forget_auc=0.8019 forget_acc=0.928 retain_auc=0.8512
    step  10 | forget_auc=0.8016 forget_acc=0.927 retain_auc=0.8512
    step  15 | forget_auc=0.8012 forget_acc=0.927 retain_auc=0.8512
    step  20 | forget_auc=0.8011 forget_acc=0.922 retain_auc=0.8511
    step  25 | forget_auc=0.7962 forget_acc=0.919 retain_auc=0.8506
    step  30 | forget_auc=0.7956 forget_acc=0.915 retain_auc=0.8495
    step  35 | forget_auc=0.7919 forget_acc=0.894 retain_auc=0.8468
    step  40 | forget_auc=0.7830 forget_acc=0.463 retain_auc=0.8392
    step  45 | forget_auc=0.5311 forget_acc=0.078 retain_auc=0.7965
    step  50 | forget_auc=0.2825 forget_acc=0.076 retain_auc=0.6479
    [ForgetAdapter] Retain AUC below 0.72 — stopping early
  [ForgetAdapter] Done in 46.4s
  [RetainAdapter] LoRA params: 6,144 / 238,273 (2.58%)
  [RetainAdapter] Phase2 end forget_auc=0.5311 → ceiling=0.6111  (max_forget_recovery=0.08)
    epoch   5 | kl_loss=0.0173 val_auc=0.8307 forget_auc=0.4982 forgetting_score=0.4992
    epoch  10 | kl_loss=0.0113 val_auc=0.8357 forget_auc=0.4262 forgetting_score=0.5223
    epoch  15 | kl_loss=0.0072 val_auc=0.8350 forget_auc=0.3786 forgetting_score=0.4809
    epoch  20 | kl_loss=0.0058 val_auc=0.8352 forget_auc=0.4094 forgetting_score=0.4826
    epoch  25 | kl_loss=0.0048 val_auc=0.8345 forget_auc=0.3372 forgetting_score=0.4837
    epoch  30 | kl_loss=0.0040 val_auc=0.8353 forget_auc=0.3912 forgetting_score=0.4865
    epoch  35 | kl_loss=0.0038 val_auc=0.8353 forget_auc=0.3868 forgetting_score=0.4849
    epoch  40 | kl_loss=0.0037 val_auc=0.8353 forget_auc=0.4122 forgetting_score=0.4850
  [RetainAdapter] Done in 1049.8s | best val AUC=0.8358
    forget_acc=0.0880 retain_auc=0.8485 test_auc=0.8276 kl=0.0084 js=0.0024 time=1096.3s

  LoRA rank=16 forget_frac=5%
[Data] gmsc | train=78597 val=16842 test=16843
[Data] forget=1080 (demographic) | retain=77517
  [ForgetAdapter] LoRA params: 12,288 / 213,697 (5.75%)
    step   1 | forget_auc=0.8023 forget_acc=0.928 retain_auc=0.8512
    step   5 | forget_auc=0.8017 forget_acc=0.927 retain_auc=0.8512
    step  10 | forget_auc=0.8010 forget_acc=0.927 retain_auc=0.8512
    step  15 | forget_auc=0.8002 forget_acc=0.923 retain_auc=0.8512
    step  20 | forget_auc=0.7996 forget_acc=0.923 retain_auc=0.8510
    step  25 | forget_auc=0.7969 forget_acc=0.915 retain_auc=0.8502
    step  30 | forget_auc=0.7952 forget_acc=0.897 retain_auc=0.8483
    step  35 | forget_auc=0.7941 forget_acc=0.500 retain_auc=0.8438
    step  40 | forget_auc=0.7886 forget_acc=0.217 retain_auc=0.8258
    step  45 | forget_auc=0.3222 forget_acc=0.076 retain_auc=0.6906
    [ForgetAdapter] Retain AUC below 0.72 — stopping early
  [ForgetAdapter] Done in 40.1s
  [RetainAdapter] LoRA params: 12,288 / 250,561 (4.90%)
  [RetainAdapter] Phase2 end forget_auc=0.7886 → ceiling=0.8686  (max_forget_recovery=0.08)
    epoch   5 | kl_loss=0.0159 val_auc=0.8284 forget_auc=0.6333 forgetting_score=0.8123
    epoch  10 | kl_loss=0.0109 val_auc=0.8335 forget_auc=0.5514 forgetting_score=0.7487
    epoch  15 | kl_loss=0.0089 val_auc=0.8347 forget_auc=0.4465 forgetting_score=0.4823
    epoch  20 | kl_loss=0.0061 val_auc=0.8347 forget_auc=0.5432 forgetting_score=0.4931
    epoch  25 | kl_loss=0.0045 val_auc=0.8344 forget_auc=0.4827 forgetting_score=0.4860
    epoch  30 | kl_loss=0.0041 val_auc=0.8345 forget_auc=0.4934 forgetting_score=0.4929
    epoch  35 | kl_loss=0.0040 val_auc=0.8348 forget_auc=0.4928 forgetting_score=0.4870
    epoch  40 | kl_loss=0.0038 val_auc=0.8348 forget_auc=0.4899 forgetting_score=0.4870
  [RetainAdapter] Done in 1149.0s | best val AUC=0.8349
    forget_acc=0.0824 retain_auc=0.8489 test_auc=0.8274 kl=0.0082 js=0.0023 time=1189.2s

  LoRA rank=16 forget_frac=10%
[Data] gmsc | train=78597 val=16842 test=16843
[Data] forget=1080 (demographic) | retain=77517
  [ForgetAdapter] LoRA params: 12,288 / 213,697 (5.75%)
    step   1 | forget_auc=0.8021 forget_acc=0.928 retain_auc=0.8512
    step   5 | forget_auc=0.8019 forget_acc=0.927 retain_auc=0.8512
    step  10 | forget_auc=0.8015 forget_acc=0.927 retain_auc=0.8511
    step  15 | forget_auc=0.8008 forget_acc=0.925 retain_auc=0.8510
    step  20 | forget_auc=0.7974 forget_acc=0.919 retain_auc=0.8507
    step  25 | forget_auc=0.7955 forget_acc=0.919 retain_auc=0.8497
    step  30 | forget_auc=0.7946 forget_acc=0.903 retain_auc=0.8473
    step  35 | forget_auc=0.7897 forget_acc=0.592 retain_auc=0.8425
    step  40 | forget_auc=0.7843 forget_acc=0.226 retain_auc=0.8204
    step  45 | forget_auc=0.4612 forget_acc=0.076 retain_auc=0.6769
    [ForgetAdapter] Retain AUC below 0.72 — stopping early
  [ForgetAdapter] Done in 44.1s
  [RetainAdapter] LoRA params: 12,288 / 250,561 (4.90%)
  [RetainAdapter] Phase2 end forget_auc=0.7843 → ceiling=0.8643  (max_forget_recovery=0.08)
    epoch   5 | kl_loss=0.0177 val_auc=0.8301 forget_auc=0.3683 forgetting_score=0.4904
    epoch  10 | kl_loss=0.0093 val_auc=0.8323 forget_auc=0.5282 forgetting_score=0.4855
    epoch  15 | kl_loss=0.0063 val_auc=0.8352 forget_auc=0.6078 forgetting_score=0.4810
    epoch  20 | kl_loss=0.0051 val_auc=0.8359 forget_auc=0.5467 forgetting_score=0.4953
    epoch  25 | kl_loss=0.0033 val_auc=0.8365 forget_auc=0.4968 forgetting_score=0.5422
    epoch  30 | kl_loss=0.0032 val_auc=0.8365 forget_auc=0.5055 forgetting_score=0.4826
    epoch  35 | kl_loss=0.0029 val_auc=0.8366 forget_auc=0.4781 forgetting_score=0.4888/storage/dd25007/conda_envs/lora_mu/lib/python3.11/site-packages/scipy/spatial/distance.py:1290: RuntimeWarning: invalid value encountered in sqrt
  return np.sqrt(js / 2.0)
/storage/dd25007/conda_envs/lora_mu/lib/python3.11/site-packages/scipy/spatial/distance.py:1290: RuntimeWarning: invalid value encountered in sqrt
  return np.sqrt(js / 2.0)
/storage/dd25007/conda_envs/lora_mu/lib/python3.11/site-packages/scipy/spatial/distance.py:1290: RuntimeWarning: invalid value encountered in sqrt
  return np.sqrt(js / 2.0)
/storage/dd25007/conda_envs/lora_mu/lib/python3.11/site-packages/scipy/spatial/distance.py:1290: RuntimeWarning: invalid value encountered in sqrt
  return np.sqrt(js / 2.0)
/storage/dd25007/conda_envs/lora_mu/lib/python3.11/site-packages/scipy/spatial/distance.py:1290: RuntimeWarning: invalid value encountered in sqrt
  return np.sqrt(js / 2.0)
/storage/dd25007/conda_envs/lora_mu/lib/python3.11/site-packages/sklearn/metrics/_ranking.py:442: UndefinedMetricWarning: Only one class is present in y_true. ROC AUC score is not defined in that case.
  warnings.warn(

    epoch  40 | kl_loss=0.0028 val_auc=0.8366 forget_auc=0.4735 forgetting_score=0.4857
  [RetainAdapter] Done in 1057.0s | best val AUC=0.8366
    forget_acc=0.0843 retain_auc=0.8495 test_auc=0.8291 kl=0.0077 js=0.0022 time=1101.3s

  LoRA rank=16 forget_frac=20%
[Data] gmsc | train=78597 val=16842 test=16843
[Data] forget=1080 (demographic) | retain=77517
  [ForgetAdapter] LoRA params: 12,288 / 213,697 (5.75%)
    step   1 | forget_auc=0.8025 forget_acc=0.927 retain_auc=0.8512
    step   5 | forget_auc=0.8019 forget_acc=0.927 retain_auc=0.8512
    step  10 | forget_auc=0.8013 forget_acc=0.927 retain_auc=0.8512
    step  15 | forget_auc=0.8007 forget_acc=0.925 retain_auc=0.8512
    step  20 | forget_auc=0.8001 forget_acc=0.919 retain_auc=0.8511
    step  25 | forget_auc=0.7978 forget_acc=0.919 retain_auc=0.8508
    step  30 | forget_auc=0.7958 forget_acc=0.907 retain_auc=0.8499
    step  35 | forget_auc=0.7906 forget_acc=0.863 retain_auc=0.8475
    step  40 | forget_auc=0.7726 forget_acc=0.456 retain_auc=0.8400
    step  45 | forget_auc=0.5474 forget_acc=0.096 retain_auc=0.7882
    step  50 | forget_auc=0.2743 forget_acc=0.076 retain_auc=0.6192
    [ForgetAdapter] Retain AUC below 0.72 — stopping early
  [ForgetAdapter] Done in 46.4s
  [RetainAdapter] LoRA params: 12,288 / 250,561 (4.90%)
  [RetainAdapter] Phase2 end forget_auc=0.5474 → ceiling=0.6274  (max_forget_recovery=0.08)
    [RetainAdapter] forget_auc=0.6634 exceeded ceiling 0.6274 — stopping early
  [RetainAdapter] Done in 80.1s | best val AUC=0.8224
    forget_acc=0.1769 retain_auc=0.8341 test_auc=0.8165 kl=0.0230 js=0.0065 time=126.7s

Step 5: Ablation study
  5a. Phase 2 only (no retain adapter)
    forget_acc=0.2194 retain_auc=0.7904 test_auc=0.7792 kl=0.4063 js=0.1089 time=0.0s
  5b. Phase 3 only (no forget adapter)
    forget_acc=0.9269 retain_auc=0.8508 test_auc=0.8358 kl=0.0001 js=0.0000 time=0.0s
  5c. Full LoRA method
    forget_acc=0.1102 retain_auc=0.8481 test_auc=0.8273 kl=0.0087 js=0.0025 time=0.0s

Step 6: MIA attack experiment
  Running LoRA unlearn for MIA evaluation...

── MIA Suite ──────────────────────────────────────
  [MIA-Loss] forget_loss_mean=0.6970 retain_loss_mean=0.1716 attack_acc=0.0000 attack_auc=0.0567 (goal≈0.5)
  [LiRA] forget_score_mean=0.4816 retain_score_mean=0.0001
  [LiRA] attack_auc=0.0818 attack_acc=0.3095 (goal≈0.5 for both)
  [RelearningMIA] forget_auc: 0.6561 → 0.5822 over 20 steps (gain=-0.0739)
  [RelearningMIA] Small gain (<0.1) → certified. Large gain (>0.2) → superficial forgetting.
  [MIA] Training 4 shadow models (calibrated (D_retain only))...
    Shadow model 1/4 done (mia_score=1.0000)
    Shadow model 2/4 done (mia_score=1.0000)
    Shadow model 3/4 done (mia_score=1.0000)
    Shadow model 4/4 done (mia_score=1.0000)
  [MIA] forget_set MIA accuracy=1.0000 (goal≈0.5) | retain_set MIA=0.2661 | MIA AUC=nan
  [MIA-CI] Per-shadow scores: ['1.000', '1.000', '1.000', '1.000']
  [MIA-CI] Mean=1.0000 ± Std=0.0000  ← High std with n_forget=70 means shadow MIA is unreliable.
           Recommend reporting LiRA AUC instead as primary metric.

── MIA Summary ────────────────────────────────────
  Loss MIA AUC    = 0.0567  (primary, goal≈0.5)
  LiRA AUC        = 0.0818  (primary if ref model available, goal≈0.5)
  Relearn gain    = -0.0739  (✓ certified)
  Shadow MIA      = 1.0000 ± 0.0000  (CI shows reliability)
───────────────────────────────────────────────────
  MIA on base model (upper bound)...
  [MIA-Loss] forget_loss_mean=0.2161 retain_loss_mean=0.1697 attack_acc=0.8343 attack_auc=0.3859 (goal≈0.5)

  Results saved to results/results_gmsc_ft_transformer.json

================================================================================
RESULTS SUMMARY — gmsc / ft_transformer
================================================================================
Method                     ForgetAUC  ForgetAcc  RetainAUC    TestAUC       KL   Time(s)
--------------------------------------------------------------------------------
Base Model                    0.8024     0.9278        N/A     0.8358      N/A       N/A
full_retrain                  0.7946     0.9204     0.8485     0.8339   0.0041     380.2
gradient_ascent               0.3611     0.0759     0.6586     0.6595   2.4059      86.7
finetune_retain               0.8028     0.9213     0.8515     0.8361   0.0010      50.1
sisa                          0.7894     0.9194     0.8470     0.8339   0.0035     105.7
influence_fn                  0.8029     0.9269     0.8512     0.8358   0.0001       0.4
LoRA-r4_f5pct                 0.6485     0.0759     0.8483     0.8284   0.0080    1037.8
LoRA-r4_f10pct                0.5791     0.1009     0.8478     0.8277   0.0086    1166.5
LoRA-r4_f20pct                0.5136     0.0769     0.8480     0.8289   0.0087    1199.6
LoRA-r8_f5pct                 0.4915     0.1935     0.8374     0.8180   0.0169     161.7
LoRA-r8_f10pct                0.5983     0.1204     0.8482     0.8284   0.0084    1097.0
LoRA-r8_f20pct                0.3862     0.0880     0.8485     0.8276   0.0084    1096.3
LoRA-r16_f5pct                0.4925     0.0824     0.8489     0.8274   0.0082    1189.2
LoRA-r16_f10pct               0.4781     0.0843     0.8495     0.8291   0.0077    1101.3
LoRA-r16_f20pct               0.6162     0.1769     0.8341     0.8165   0.0230     126.7
================================================================================

MIA Results (goal: ≈0.5)
  lora_loss_mia: MIA score = 0.0000
  lora_shadow_mia: MIA score = 1.0000
  base_loss_mia: MIA score = 0.8343
  lora_lira: AUC = 0.0818  acc = 0.3095  (primary metric)
  lora_relearning: gain = -0.0739  ✓ certified
  lora_shadow_mia: 1.0000 ± 0.0000  (high std = unreliable on small D_f)

Done.
