
============================================================
LoRA-Credit-Unlearn Pipeline
  dataset=german | arch=ft_transformer | device=cuda
============================================================

Step 1: Data preparation
[Data] german | train=700 val=150 test=150
[Data] forget=70 (random) | retain=630

Step 2: Train base model M
  Loading cached checkpoint from checkpoints/base_german_ft_transformer.pt
  Base model | test_auc=0.7898 | forget_auc=0.8424 | forget_acc=0.8143

Step 3: Baselines

  3a. Full Retrain
  [Baseline] Full Retrain on D_r...
    Elapsed: 5.4s
    forget_acc=0.7571 retain_auc=0.8365 test_auc=0.7633 kl=0.0408 js=0.0103 time=5.4s

  3b. Naïve Gradient Ascent
  [Baseline] Naïve Gradient Ascent...
    forget_acc=0.5571 retain_auc=0.6177 test_auc=0.6279 kl=0.9879 js=0.1127 time=6.9s

  3c. Fine-tune on D_r
  [Baseline] Fine-tune on D_r...
    forget_acc=0.8000 retain_auc=0.8077 test_auc=0.7921 kl=0.0013 js=0.0003 time=0.9s

  3d. SISA
  [Baseline] SISA with 4 shards...
    Affected shards: [0, 1, 2, 3] (out of 4)
    SISA elapsed: 4.2s
    forget_acc=0.7571 retain_auc=0.7688 test_auc=0.7618 kl=0.0944 js=0.0235 time=4.2s

  3e. Influence Functions
  [Baseline] Influence Functions (Newton-step approx)...
    Influence fn elapsed: 0.0s
    forget_acc=0.2429 retain_auc=0.7238 test_auc=0.6303 kl=1.3861 js=0.2754 time=0.0s

Step 4: LoRA-Credit-Unlearn method

  LoRA rank=4 forget_frac=5%
[Data] german | train=700 val=150 test=150
[Data] forget=35 (random) | retain=665
  [ForgetAdapter] LoRA params: 3,072 / 207,553 (1.48%)
    step   1 | forget_auc=0.8803 forget_acc=0.857 retain_auc=0.8073
    step   5 | forget_auc=0.8803 forget_acc=0.857 retain_auc=0.8071
    step  10 | forget_auc=0.8590 forget_acc=0.829 retain_auc=0.8076
    step  15 | forget_auc=0.8462 forget_acc=0.800 retain_auc=0.8080
    step  20 | forget_auc=0.8120 forget_acc=0.800 retain_auc=0.8074
    step  25 | forget_auc=0.7650 forget_acc=0.743 retain_auc=0.8054
    step  30 | forget_auc=0.7436 forget_acc=0.714 retain_auc=0.8025
    step  35 | forget_auc=0.6838 forget_acc=0.629 retain_auc=0.7959
    step  40 | forget_auc=0.6239 forget_acc=0.629 retain_auc=0.7854
    step  45 | forget_auc=0.5556 forget_acc=0.543 retain_auc=0.7696
    step  50 | forget_auc=0.5085 forget_acc=0.514 retain_auc=0.7501
    step  55 | forget_auc=0.4615 forget_acc=0.429 retain_auc=0.7310
    step  60 | forget_auc=0.4316 forget_acc=0.429 retain_auc=0.7144
    [ForgetAdapter] Retain AUC below 0.72 — stopping early
  [ForgetAdapter] Done in 4.8s
  [RetainAdapter] LoRA params: 15,620 / 247,749 (6.30%)
  [RetainAdapter] Phase2 end forget_auc=0.4615 → ceiling=0.5415  (max_forget_recovery=0.08)
    [RetainAdapter] forget_auc=0.7393 exceeded ceiling 0.5415 — stopping early
  [RetainAdapter] Done in 1.8s | best val AUC=0.8441
    forget_acc=0.5429 retain_auc=0.7708 test_auc=0.7571 kl=0.1568 js=0.0439 time=6.7s

  LoRA rank=4 forget_frac=10%
[Data] german | train=700 val=150 test=150
[Data] forget=70 (random) | retain=630
  [ForgetAdapter] LoRA params: 3,072 / 207,553 (1.48%)
    step   1 | forget_auc=0.8413 forget_acc=0.814 retain_auc=0.8067
    step   5 | forget_auc=0.8380 forget_acc=0.800 retain_auc=0.8073
    step  10 | forget_auc=0.8368 forget_acc=0.800 retain_auc=0.8080
    step  15 | forget_auc=0.8257 forget_acc=0.786 retain_auc=0.8089
    step  20 | forget_auc=0.8135 forget_acc=0.786 retain_auc=0.8098
    step  25 | forget_auc=0.7991 forget_acc=0.771 retain_auc=0.8101
    step  30 | forget_auc=0.7658 forget_acc=0.729 retain_auc=0.8093
    step  35 | forget_auc=0.7303 forget_acc=0.729 retain_auc=0.8063
    step  40 | forget_auc=0.6892 forget_acc=0.700 retain_auc=0.7998
    step  45 | forget_auc=0.6226 forget_acc=0.686 retain_auc=0.7877
    step  50 | forget_auc=0.5794 forget_acc=0.657 retain_auc=0.7685
    step  55 | forget_auc=0.5161 forget_acc=0.629 retain_auc=0.7481
    step  60 | forget_auc=0.4528 forget_acc=0.586 retain_auc=0.7289
    step  65 | forget_auc=0.4140 forget_acc=0.586 retain_auc=0.7125
    [ForgetAdapter] Retain AUC below 0.72 — stopping early
  [ForgetAdapter] Done in 5.0s
  [RetainAdapter] LoRA params: 15,620 / 247,749 (6.30%)
  [RetainAdapter] Phase2 end forget_auc=0.4528 → ceiling=0.5328  (max_forget_recovery=0.08)
    epoch   5 | kl_loss=0.3142 val_auc=0.6087 forget_auc=0.5383 forgetting_score=0.5391
    [RetainAdapter] forget_auc=0.5383 exceeded ceiling 0.5328 — stopping early
  [RetainAdapter] Done in 2.3s | best val AUC=0.7594
    forget_acc=0.6143 retain_auc=0.7311 test_auc=0.7190 kl=0.0950 js=0.0251 time=7.4s

  LoRA rank=4 forget_frac=20%
[Data] german | train=700 val=150 test=150
[Data] forget=140 (random) | retain=560
  [ForgetAdapter] LoRA params: 3,072 / 207,553 (1.48%)
    step   1 | forget_auc=0.8440 forget_acc=0.793 retain_auc=0.8019
    step   5 | forget_auc=0.8414 forget_acc=0.793 retain_auc=0.8025
    step  10 | forget_auc=0.8362 forget_acc=0.786 retain_auc=0.8024
    step  15 | forget_auc=0.8290 forget_acc=0.764 retain_auc=0.8025
    step  20 | forget_auc=0.8202 forget_acc=0.757 retain_auc=0.8029
    step  25 | forget_auc=0.8095 forget_acc=0.757 retain_auc=0.8029
    step  30 | forget_auc=0.7969 forget_acc=0.743 retain_auc=0.8026
    step  35 | forget_auc=0.7833 forget_acc=0.729 retain_auc=0.8008
    step  40 | forget_auc=0.7626 forget_acc=0.721 retain_auc=0.7975
    step  45 | forget_auc=0.7352 forget_acc=0.721 retain_auc=0.7921
    step  50 | forget_auc=0.7041 forget_acc=0.714 retain_auc=0.7830
    step  55 | forget_auc=0.6562 forget_acc=0.707 retain_auc=0.7708
    step  60 | forget_auc=0.6169 forget_acc=0.707 retain_auc=0.7530
    step  65 | forget_auc=0.5566 forget_acc=0.707 retain_auc=0.7292
    step  70 | forget_auc=0.4769 forget_acc=0.700 retain_auc=0.7033
    [ForgetAdapter] Retain AUC below 0.72 — stopping early
  [ForgetAdapter] Done in 5.4s
  [RetainAdapter] LoRA params: 15,620 / 247,749 (6.30%)
  [RetainAdapter] Phase2 end forget_auc=0.5566 → ceiling=0.6366  (max_forget_recovery=0.08)
    [RetainAdapter] forget_auc=0.6509 exceeded ceiling 0.6366 — stopping early
  [RetainAdapter] Done in 1.2s | best val AUC=0.7910
    forget_acc=0.6786 retain_auc=0.7464 test_auc=0.7000 kl=0.0794 js=0.0175 time=6.7s

  LoRA rank=8 forget_frac=5%
[Data] german | train=700 val=150 test=150
[Data] forget=35 (random) | retain=665
  [ForgetAdapter] LoRA params: 6,144 / 210,625 (2.92%)
    step   1 | forget_auc=0.8803 forget_acc=0.886 retain_auc=0.8071
    step   5 | forget_auc=0.8761 forget_acc=0.857 retain_auc=0.8069
    step  10 | forget_auc=0.8675 forget_acc=0.829 retain_auc=0.8071
    step  15 | forget_auc=0.8462 forget_acc=0.800 retain_auc=0.8068
    step  20 | forget_auc=0.8205 forget_acc=0.743 retain_auc=0.8059
    step  25 | forget_auc=0.7564 forget_acc=0.743 retain_auc=0.8033
    step  30 | forget_auc=0.7179 forget_acc=0.686 retain_auc=0.7993
    step  35 | forget_auc=0.6624 forget_acc=0.629 retain_auc=0.7908
    step  40 | forget_auc=0.5897 forget_acc=0.600 retain_auc=0.7764
    step  45 | forget_auc=0.5085 forget_acc=0.543 retain_auc=0.7549
    step  50 | forget_auc=0.4573 forget_acc=0.457 retain_auc=0.7307
    step  55 | forget_auc=0.4188 forget_acc=0.457 retain_auc=0.7080
    [ForgetAdapter] Retain AUC below 0.72 — stopping early
  [ForgetAdapter] Done in 4.7s
  [RetainAdapter] LoRA params: 31,240 / 266,441 (11.72%)
  [RetainAdapter] Phase2 end forget_auc=0.4573 → ceiling=0.5373  (max_forget_recovery=0.08)
    [RetainAdapter] forget_auc=0.6026 exceeded ceiling 0.5373 — stopping early
  [RetainAdapter] Done in 1.3s | best val AUC=0.8491
    forget_acc=0.5714 retain_auc=0.7865 test_auc=0.7655 kl=0.1706 js=0.0478 time=6.1s

  LoRA rank=8 forget_frac=10%
[Data] german | train=700 val=150 test=150
[Data] forget=70 (random) | retain=630
  [ForgetAdapter] LoRA params: 6,144 / 210,625 (2.92%)
    step   1 | forget_auc=0.8402 forget_acc=0.814 retain_auc=0.8064
    step   5 | forget_auc=0.8391 forget_acc=0.771 retain_auc=0.8063
    step  10 | forget_auc=0.8313 forget_acc=0.757 retain_auc=0.8061
    step  15 | forget_auc=0.8169 forget_acc=0.757 retain_auc=0.8058
    step  20 | forget_auc=0.8069 forget_acc=0.743 retain_auc=0.8050
    step  25 | forget_auc=0.7880 forget_acc=0.714 retain_auc=0.8034
    step  30 | forget_auc=0.7547 forget_acc=0.686 retain_auc=0.8001
    step  35 | forget_auc=0.7170 forget_acc=0.700 retain_auc=0.7934
    step  40 | forget_auc=0.6926 forget_acc=0.671 retain_auc=0.7823
    step  45 | forget_auc=0.6448 forget_acc=0.643 retain_auc=0.7647
    step  50 | forget_auc=0.6004 forget_acc=0.614 retain_auc=0.7454
    step  55 | forget_auc=0.5538 forget_acc=0.586 retain_auc=0.7271
    step  60 | forget_auc=0.5072 forget_acc=0.586 retain_auc=0.7068
    [ForgetAdapter] Retain AUC below 0.72 — stopping early
  [ForgetAdapter] Done in 5.5s
  [RetainAdapter] LoRA params: 31,240 / 266,441 (11.72%)
  [RetainAdapter] Phase2 end forget_auc=0.5538 → ceiling=0.6338  (max_forget_recovery=0.08)
    epoch   5 | kl_loss=0.2855 val_auc=0.7875 forget_auc=0.5905 forgetting_score=0.7088
    [RetainAdapter] forget_auc=0.6493 exceeded ceiling 0.6338 — stopping early
  [RetainAdapter] Done in 2.5s | best val AUC=0.7946
    forget_acc=0.6143 retain_auc=0.7489 test_auc=0.7392 kl=0.1673 js=0.0462 time=8.1s

  LoRA rank=8 forget_frac=20%
[Data] german | train=700 val=150 test=150
[Data] forget=140 (random) | retain=560
  [ForgetAdapter] LoRA params: 6,144 / 210,625 (2.92%)
    step   1 | forget_auc=0.8440 forget_acc=0.793 retain_auc=0.8017
    step   5 | forget_auc=0.8418 forget_acc=0.800 retain_auc=0.8021
    step  10 | forget_auc=0.8399 forget_acc=0.786 retain_auc=0.8018
    step  15 | forget_auc=0.8333 forget_acc=0.771 retain_auc=0.8019
    step  20 | forget_auc=0.8273 forget_acc=0.764 retain_auc=0.8019
    step  25 | forget_auc=0.8129 forget_acc=0.750 retain_auc=0.8013
    step  30 | forget_auc=0.7996 forget_acc=0.750 retain_auc=0.8001
    step  35 | forget_auc=0.7816 forget_acc=0.729 retain_auc=0.7972
    step  40 | forget_auc=0.7638 forget_acc=0.729 retain_auc=0.7937
    step  45 | forget_auc=0.7359 forget_acc=0.729 retain_auc=0.7873
    step  50 | forget_auc=0.7075 forget_acc=0.714 retain_auc=0.7765
    step  55 | forget_auc=0.6693 forget_acc=0.714 retain_auc=0.7604
    step  60 | forget_auc=0.6169 forget_acc=0.714 retain_auc=0.7363
    step  65 | forget_auc=0.5488 forget_acc=0.714 retain_auc=0.7113
    [ForgetAdapter] Retain AUC below 0.72 — stopping early
  [ForgetAdapter] Done in 4.9s
  [RetainAdapter] LoRA params: 31,240 / 266,441 (11.72%)
  [RetainAdapter] Phase2 end forget_auc=0.6169 → ceiling=0.6969  (max_forget_recovery=0.08)
    epoch   5 | kl_loss=0.2850 val_auc=0.8454 forget_auc=0.7228 forgetting_score=0.6401
    [RetainAdapter] forget_auc=0.7228 exceeded ceiling 0.6969 — stopping early
  [RetainAdapter] Done in 2.1s | best val AUC=0.8373
    forget_acc=0.6714 retain_auc=0.7716 test_auc=0.7455 kl=0.0895 js=0.0251 time=7.1s

  LoRA rank=16 forget_frac=5%
[Data] german | train=700 val=150 test=150
[Data] forget=35 (random) | retain=665
  [ForgetAdapter] LoRA params: 12,288 / 216,769 (5.67%)
    step   1 | forget_auc=0.8803 forget_acc=0.857 retain_auc=0.8072
    step   5 | forget_auc=0.8761 forget_acc=0.829 retain_auc=0.8072
    step  10 | forget_auc=0.8504 forget_acc=0.800 retain_auc=0.8073
    step  15 | forget_auc=0.8205 forget_acc=0.771 retain_auc=0.8068
    step  20 | forget_auc=0.7863 forget_acc=0.743 retain_auc=0.8049
    step  25 | forget_auc=0.7521 forget_acc=0.743 retain_auc=0.8017
    step  30 | forget_auc=0.6880 forget_acc=0.629 retain_auc=0.7964
    step  35 | forget_auc=0.6496 forget_acc=0.657 retain_auc=0.7871
    step  40 | forget_auc=0.5726 forget_acc=0.629 retain_auc=0.7719
    step  45 | forget_auc=0.5214 forget_acc=0.571 retain_auc=0.7530
    step  50 | forget_auc=0.4829 forget_acc=0.514 retain_auc=0.7314
    step  55 | forget_auc=0.4316 forget_acc=0.514 retain_auc=0.7110
    [ForgetAdapter] Retain AUC below 0.72 — stopping early
  [ForgetAdapter] Done in 4.7s
  [RetainAdapter] LoRA params: 62,480 / 303,825 (20.56%)
  [RetainAdapter] Phase2 end forget_auc=0.4829 → ceiling=0.5629  (max_forget_recovery=0.08)
    [RetainAdapter] forget_auc=0.7479 exceeded ceiling 0.5629 — stopping early
  [RetainAdapter] Done in 2.2s | best val AUC=0.8435
    forget_acc=0.6000 retain_auc=0.7819 test_auc=0.7647 kl=0.1465 js=0.0412 time=7.3s

  LoRA rank=16 forget_frac=10%
[Data] german | train=700 val=150 test=150
[Data] forget=70 (random) | retain=630
  [ForgetAdapter] LoRA params: 12,288 / 216,769 (5.67%)
    step   1 | forget_auc=0.8402 forget_acc=0.800 retain_auc=0.8065
    step   5 | forget_auc=0.8391 forget_acc=0.786 retain_auc=0.8068
    step  10 | forget_auc=0.8280 forget_acc=0.786 retain_auc=0.8071
    step  15 | forget_auc=0.8224 forget_acc=0.771 retain_auc=0.8075
    step  20 | forget_auc=0.8080 forget_acc=0.771 retain_auc=0.8074
    step  25 | forget_auc=0.7869 forget_acc=0.771 retain_auc=0.8065
    step  30 | forget_auc=0.7580 forget_acc=0.743 retain_auc=0.8041
    step  35 | forget_auc=0.7281 forget_acc=0.686 retain_auc=0.7995
    step  40 | forget_auc=0.6926 forget_acc=0.686 retain_auc=0.7919
    step  45 | forget_auc=0.6448 forget_acc=0.686 retain_auc=0.7795
    step  50 | forget_auc=0.6082 forget_acc=0.643 retain_auc=0.7637
    step  55 | forget_auc=0.5705 forget_acc=0.600 retain_auc=0.7461
    step  60 | forget_auc=0.5216 forget_acc=0.586 retain_auc=0.7285
    step  65 | forget_auc=0.4739 forget_acc=0.586 retain_auc=0.7128
    [ForgetAdapter] Retain AUC below 0.72 — stopping early
  [ForgetAdapter] Done in 4.4s
  [RetainAdapter] LoRA params: 62,480 / 303,825 (20.56%)
  [RetainAdapter] Phase2 end forget_auc=0.5216 → ceiling=0.6016  (max_forget_recovery=0.08)
    epoch   5 | kl_loss=0.2930 val_auc=0.6698 forget_auc=0.5427 forgetting_score=0.5358
    [RetainAdapter] forget_auc=0.6371 exceeded ceiling 0.6016 — stopping early
  [RetainAdapter] Done in 2.6s | best val AUC=0.7925
    forget_acc=0.5429 retain_auc=0.7438 test_auc=0.7578 kl=0.1887 js=0.0518 time=7.2s

  LoRA rank=16 forget_frac=20%
[Data] german | train=700 val=150 test=150
[Data] forget=140 (random) | retain=560
  [ForgetAdapter] LoRA params: 12,288 / 216,769 (5.67%)
    step   1 | forget_auc=0.8440 forget_acc=0.800 retain_auc=0.8018
    step   5 | forget_auc=0.8414 forget_acc=0.800 retain_auc=0.8020
    step  10 | forget_auc=0.8372 forget_acc=0.786 retain_auc=0.8018
    step  15 | forget_auc=0.8333 forget_acc=0.779 retain_auc=0.8020
    step  20 | forget_auc=0.8253 forget_acc=0.764 retain_auc=0.8022
    step  25 | forget_auc=0.8120 forget_acc=0.757 retain_auc=0.8015
    step  30 | forget_auc=0.7996 forget_acc=0.757 retain_auc=0.7997
    step  35 | forget_auc=0.7840 forget_acc=0.729 retain_auc=0.7978
    step  40 | forget_auc=0.7687 forget_acc=0.729 retain_auc=0.7957
    step  45 | forget_auc=0.7466 forget_acc=0.721 retain_auc=0.7907
    step  50 | forget_auc=0.7204 forget_acc=0.707 retain_auc=0.7823
    step  55 | forget_auc=0.6856 forget_acc=0.714 retain_auc=0.7683
    step  60 | forget_auc=0.6336 forget_acc=0.714 retain_auc=0.7439
    step  65 | forget_auc=0.5527 forget_acc=0.714 retain_auc=0.7137
    [ForgetAdapter] Retain AUC below 0.72 — stopping early
  [ForgetAdapter] Done in 4.5s
  [RetainAdapter] LoRA params: 62,480 / 303,825 (20.56%)
  [RetainAdapter] Phase2 end forget_auc=0.6336 → ceiling=0.7136  (max_forget_recovery=0.08)
    epoch   5 | kl_loss=0.2805 val_auc=0.7815 forget_auc=0.6781 forgetting_score=0.6029
    [RetainAdapter] forget_auc=0.7320 exceeded ceiling 0.7136 — stopping early
  [RetainAdapter] Done in 3.0s | best val AUC=0.8255
    forget_acc=0.6714 retain_auc=0.7713 test_auc=0.7359 kl=0.0855 js=0.0238 time=7.5s

Step 5: Ablation study
  5a. Phase 2 only (no retain adapter)
    forget_acc=0.5429 retain_auc=0.7290 test_auc=0.7294 kl=0.3632 js=0.0833 time=0.0s
  5b. Phase 3 only (no forget adapter)
    forget_acc=0.8143 retain_auc=0.8051 test_auc=0.7906 kl=0.0011 js=0.0003 time=0.0s
  5c. Full LoRA method
    forget_acc=0.7286 retain_auc=0.7810 test_auc=0.7518 kl=0.1894 js=0.0531 time=0.0s

Step 6: MIA attack experiment
  Running LoRA unlearn for MIA evaluation...

── MIA Suite ──────────────────────────────────────
  [MIA-Loss] forget_loss_mean=0.6855 retain_loss_mean=0.5911 attack_acc=0.4571 attack_auc=0.4192 (goal≈0.5)/storage/dd25007/conda_envs/lora_mu/lib/python3.11/site-packages/sklearn/metrics/_ranking.py:442: UndefinedMetricWarning: Only one class is present in y_true. ROC AUC score is not defined in that case.
  warnings.warn(

  [LiRA] forget_score_mean=0.1544 retain_score_mean=0.1465
  [LiRA] attack_auc=0.4727 attack_acc=0.7071 (goal≈0.5 for both)
  [RelearningMIA] forget_auc: 0.4650 → 0.5494 over 20 steps (gain=+0.0844)
  [RelearningMIA] Small gain (<0.1) → certified. Large gain (>0.2) → superficial forgetting.
  [MIA] Training 4 shadow models (calibrated (D_retain only))...
    Shadow model 1/4 done (mia_score=0.0571)
    Shadow model 2/4 done (mia_score=0.0714)
    Shadow model 3/4 done (mia_score=0.1143)
    Shadow model 4/4 done (mia_score=0.0857)
  [MIA] forget_set MIA accuracy=0.0857 (goal≈0.5) | retain_set MIA=0.1079 | MIA AUC=nan
  [MIA-CI] Per-shadow scores: ['0.057', '0.071', '0.114', '0.086']
  [MIA-CI] Mean=0.0821 ± Std=0.0211  <- High std with n_forget=70 means shadow MIA is unreliable.
           Recommend reporting LiRA AUC instead as primary metric.

── MIA Summary ────────────────────────────────────
  Loss MIA AUC    = 0.4192  (primary, goal≈0.5)
  LiRA AUC        = 0.4727  (primary if ref model available, goal≈0.5)
  Relearn gain    = +0.0844  (✓ certified)
  Shadow MIA      = 0.0857 ± 0.0211  (CI shows reliability)
───────────────────────────────────────────────────
  MIA on base model (upper bound)...
  [MIA-Loss] forget_loss_mean=0.4185 retain_loss_mean=0.4886 attack_acc=0.6571 attack_auc=0.5436 (goal≈0.5)

  Results saved to results/results_german_ft_transformer.json

================================================================================
RESULTS SUMMARY — german / ft_transformer
================================================================================
Method                     ForgetAUC  ForgetAcc  RetainAUC    TestAUC       KL   Time(s)
--------------------------------------------------------------------------------
Base Model                    0.8424     0.8143        N/A     0.7898      N/A       N/A
full_retrain                  0.7392     0.7571     0.8365     0.7633   0.0408       5.4
gradient_ascent               0.2730     0.5571     0.6177     0.6279   0.9879       6.9
finetune_retain               0.8435     0.8000     0.8077     0.7921   0.0013       0.9
sisa                          0.6981     0.7571     0.7688     0.7618   0.0944       4.2
influence_fn                  0.8701     0.2429     0.7238     0.6303   1.3861       0.0
LoRA-r4_f5pct                 0.5385     0.5429     0.7708     0.7571   0.1568       6.7
LoRA-r4_f10pct                0.4761     0.6143     0.7311     0.7190   0.0950       7.4
LoRA-r4_f20pct                0.5933     0.6786     0.7464     0.7000   0.0794       6.7
LoRA-r8_f5pct                 0.5342     0.5714     0.7865     0.7655   0.1706       6.1
LoRA-r8_f10pct                0.5893     0.6143     0.7489     0.7392   0.1673       8.1
LoRA-r8_f20pct                0.6856     0.6714     0.7716     0.7455   0.0895       7.1
LoRA-r16_f5pct                0.5598     0.6000     0.7819     0.7647   0.1465       7.3
LoRA-r16_f10pct               0.5694     0.5429     0.7438     0.7578   0.1887       7.2
LoRA-r16_f20pct               0.6795     0.6714     0.7713     0.7359   0.0855       7.5
================================================================================

MIA Results (goal: ≈0.5)
  lora_loss_mia: MIA score = 0.4571
  lora_shadow_mia: MIA score = 0.0857
  base_loss_mia: MIA score = 0.6571
  lora_lira: AUC = 0.4727  acc = 0.7071  (primary metric)
  lora_relearning: gain = +0.0844  ✓ certified
  lora_shadow_mia: 0.0857 ± 0.0211  (high std = unreliable on small D_f)

Done.
